2026-06-15 09:04:00 | INFO | RUN_MODE=deterministic_smoke_test | dataset=PlantVillage | method=ResNet-50 | stage=loader | lr=0.00006473 | val_macro_f1=91.1345 | prototype_update=no
2026-06-15 10:31:00 | INFO | RUN_MODE=deterministic_smoke_test | dataset=PlantVillage | method=ResNet-50 | stage=train | lr=0.00007737 | val_macro_f1=90.7595 | prototype_update=no
2026-06-15 13:04:00 | INFO | RUN_MODE=deterministic_smoke_test | dataset=PlantVillage | method=ResNet-50 | stage=eval | lr=0.00008164 | val_macro_f1=89.7138 | prototype_update=no
2026-06-15 09:50:00 | INFO | RUN_MODE=deterministic_smoke_test | dataset=PlantVillage | method=EfficientNet-B3 | stage=loader | lr=0.00005998 | val_macro_f1=85.6547 | prototype_update=no
2026-06-15 12:03:00 | INFO | RUN_MODE=deterministic_smoke_test | dataset=PlantVillage | method=EfficientNet-B3 | stage=train | lr=0.00005329 | val_macro_f1=90.4924 | prototype_update=no
2026-06-15 14:06:00 | INFO | RUN_MODE=deterministic_smoke_test | dataset=PlantVillage | method=EfficientNet-B3 | stage=eval | lr=0.00005009 | val_macro_f1=87.7631 | prototype_update=no
2026-06-15 08:25:00 | INFO | RUN_MODE=deterministic_smoke_test | dataset=PlantVillage | method=ConvNeXt-Tiny | stage=loader | lr=0.00005690 | val_macro_f1=86.8942 | prototype_update=no
2026-06-15 10:39:00 | INFO | RUN_MODE=deterministic_smoke_test | dataset=PlantVillage | method=ConvNeXt-Tiny | stage=train | lr=0.00005189 | val_macro_f1=85.2017 | prototype_update=no
2026-06-15 13:39:00 | INFO | RUN_MODE=deterministic_smoke_test | dataset=PlantVillage | method=ConvNeXt-Tiny | stage=eval | lr=0.00008419 | val_macro_f1=87.9289 | prototype_update=no
2026-06-15 08:43:00 | INFO | RUN_MODE=deterministic_smoke_test | dataset=PlantVillage | method=Swin-Tiny | stage=loader | lr=0.00007739 | val_macro_f1=84.7161 | prototype_update=no
2026-06-15 11:52:00 | INFO | RUN_MODE=deterministic_smoke_test | dataset=PlantVillage | method=Swin-Tiny | stage=train | lr=0.00007089 | val_macro_f1=86.5147 | prototype_update=no
2026-06-15 13:50:00 | INFO | RUN_MODE=deterministic_smoke_test | dataset=PlantVillage | method=Swin-Tiny | stage=eval | lr=0.00005269 | val_macro_f1=89.3209 | prototype_update=no
2026-06-15 08:55:00 | INFO | RUN_MODE=deterministic_smoke_test | dataset=PlantVillage | method=ConvNeXt+ARM | stage=loader | lr=0.00009402 | val_macro_f1=85.3887 | prototype_update=no
2026-06-15 10:22:00 | INFO | RUN_MODE=deterministic_smoke_test | dataset=PlantVillage | method=ConvNeXt+ARM | stage=train | lr=0.00005897 | val_macro_f1=89.2504 | prototype_update=no
2026-06-15 13:24:00 | INFO | RUN_MODE=deterministic_smoke_test | dataset=PlantVillage | method=ConvNeXt+ARM | stage=eval | lr=0.00008095 | val_macro_f1=86.4161 | prototype_update=no
2026-06-15 08:49:00 | INFO | RUN_MODE=deterministic_smoke_test | dataset=PlantVillage | method=UAMP-Net | stage=loader | lr=0.00007997 | val_macro_f1=87.1602 | prototype_update=no
2026-06-15 11:09:00 | INFO | RUN_MODE=deterministic_smoke_test | dataset=PlantVillage | method=UAMP-Net | stage=train | lr=0.00007035 | val_macro_f1=86.9677 | prototype_update=yes
2026-06-15 13:23:00 | INFO | RUN_MODE=deterministic_smoke_test | dataset=PlantVillage | method=UAMP-Net | stage=eval | lr=0.00005332 | val_macro_f1=86.9749 | prototype_update=no
2026-06-15 09:33:00 | INFO | RUN_MODE=deterministic_smoke_test | dataset=PlantDoc | method=ResNet-50 | stage=loader | lr=0.00006085 | val_macro_f1=87.1527 | prototype_update=no
2026-06-15 11:07:00 | INFO | RUN_MODE=deterministic_smoke_test | dataset=PlantDoc | method=ResNet-50 | stage=train | lr=0.00008536 | val_macro_f1=84.7286 | prototype_update=no
2026-06-15 13:03:00 | INFO | RUN_MODE=deterministic_smoke_test | dataset=PlantDoc | method=ResNet-50 | stage=eval | lr=0.00009515 | val_macro_f1=91.2348 | prototype_update=no
2026-06-15 10:01:00 | INFO | RUN_MODE=deterministic_smoke_test | dataset=PlantDoc | method=EfficientNet-B3 | stage=loader | lr=0.00006326 | val_macro_f1=88.1344 | prototype_update=no
2026-06-15 11:56:00 | INFO | RUN_MODE=deterministic_smoke_test | dataset=PlantDoc | method=EfficientNet-B3 | stage=train | lr=0.00008376 | val_macro_f1=84.8518 | prototype_update=no
2026-06-15 12:48:00 | INFO | RUN_MODE=deterministic_smoke_test | dataset=PlantDoc | method=EfficientNet-B3 | stage=eval | lr=0.00005790 | val_macro_f1=86.4950 | prototype_update=no
2026-06-15 08:25:00 | INFO | RUN_MODE=deterministic_smoke_test | dataset=PlantDoc | method=ConvNeXt-Tiny | stage=loader | lr=0.00008266 | val_macro_f1=89.2040 | prototype_update=no
2026-06-15 11:51:00 | INFO | RUN_MODE=deterministic_smoke_test | dataset=PlantDoc | method=ConvNeXt-Tiny | stage=train | lr=0.00009921 | val_macro_f1=86.5239 | prototype_update=no
2026-06-15 13:16:00 | INFO | RUN_MODE=deterministic_smoke_test | dataset=PlantDoc | method=ConvNeXt-Tiny | stage=eval | lr=0.00009491 | val_macro_f1=90.6841 | prototype_update=no
2026-06-15 09:32:00 | INFO | RUN_MODE=deterministic_smoke_test | dataset=PlantDoc | method=Swin-Tiny | stage=loader | lr=0.00005293 | val_macro_f1=91.3396 | prototype_update=no
2026-06-15 10:40:00 | INFO | RUN_MODE=deterministic_smoke_test | dataset=PlantDoc | method=Swin-Tiny | stage=train | lr=0.00008634 | val_macro_f1=86.1299 | prototype_update=no
2026-06-15 13:17:00 | INFO | RUN_MODE=deterministic_smoke_test | dataset=PlantDoc | method=Swin-Tiny | stage=eval | lr=0.00008587 | val_macro_f1=90.7601 | prototype_update=no
2026-06-15 08:50:00 | INFO | RUN_MODE=deterministic_smoke_test | dataset=PlantDoc | method=ConvNeXt+ARM | stage=loader | lr=0.00008503 | val_macro_f1=84.1972 | prototype_update=no
2026-06-15 10:43:00 | INFO | RUN_MODE=deterministic_smoke_test | dataset=PlantDoc | method=ConvNeXt+ARM | stage=train | lr=0.00009049 | val_macro_f1=85.7904 | prototype_update=no
2026-06-15 12:27:00 | INFO | RUN_MODE=deterministic_smoke_test | dataset=PlantDoc | method=ConvNeXt+ARM | stage=eval | lr=0.00007417 | val_macro_f1=90.2669 | prototype_update=no
2026-06-15 09:56:00 | INFO | RUN_MODE=deterministic_smoke_test | dataset=PlantDoc | method=UAMP-Net | stage=loader | lr=0.00006721 | val_macro_f1=92.5622 | prototype_update=no
2026-06-15 12:13:00 | INFO | RUN_MODE=deterministic_smoke_test | dataset=PlantDoc | method=UAMP-Net | stage=train | lr=0.00009897 | val_macro_f1=87.2546 | prototype_update=yes
2026-06-15 12:58:00 | INFO | RUN_MODE=deterministic_smoke_test | dataset=PlantDoc | method=UAMP-Net | stage=eval | lr=0.00005806 | val_macro_f1=87.2759 | prototype_update=no
2026-06-15 08:44:00 | INFO | RUN_MODE=deterministic_smoke_test | dataset=CUB-200-2011 | method=ResNet-50 | stage=loader | lr=0.00007428 | val_macro_f1=84.0489 | prototype_update=no
2026-06-15 11:17:00 | INFO | RUN_MODE=deterministic_smoke_test | dataset=CUB-200-2011 | method=ResNet-50 | stage=train | lr=0.00006565 | val_macro_f1=86.7202 | prototype_update=no
2026-06-15 13:53:00 | INFO | RUN_MODE=deterministic_smoke_test | dataset=CUB-200-2011 | method=ResNet-50 | stage=eval | lr=0.00006132 | val_macro_f1=85.0474 | prototype_update=no
2026-06-15 10:03:00 | INFO | RUN_MODE=deterministic_smoke_test | dataset=CUB-200-2011 | method=EfficientNet-B3 | stage=loader | lr=0.00005038 | val_macro_f1=88.4046 | prototype_update=no
2026-06-15 11:18:00 | INFO | RUN_MODE=deterministic_smoke_test | dataset=CUB-200-2011 | method=EfficientNet-B3 | stage=train | lr=0.00007960 | val_macro_f1=89.4522 | prototype_update=no
2026-06-15 12:26:00 | INFO | RUN_MODE=deterministic_smoke_test | dataset=CUB-200-2011 | method=EfficientNet-B3 | stage=eval | lr=0.00009559 | val_macro_f1=90.8939 | prototype_update=no
2026-06-15 09:04:00 | INFO | RUN_MODE=deterministic_smoke_test | dataset=CUB-200-2011 | method=ConvNeXt-Tiny | stage=loader | lr=0.00009576 | val_macro_f1=85.4749 | prototype_update=no
2026-06-15 10:20:00 | INFO | RUN_MODE=deterministic_smoke_test | dataset=CUB-200-2011 | method=ConvNeXt-Tiny | stage=train | lr=0.00008939 | val_macro_f1=85.3854 | prototype_update=no
2026-06-15 13:05:00 | INFO | RUN_MODE=deterministic_smoke_test | dataset=CUB-200-2011 | method=ConvNeXt-Tiny | stage=eval | lr=0.00005046 | val_macro_f1=84.9035 | prototype_update=no
2026-06-15 08:25:00 | INFO | RUN_MODE=deterministic_smoke_test | dataset=CUB-200-2011 | method=Swin-Tiny | stage=loader | lr=0.00008427 | val_macro_f1=84.3186 | prototype_update=no
2026-06-15 10:38:00 | INFO | RUN_MODE=deterministic_smoke_test | dataset=CUB-200-2011 | method=Swin-Tiny | stage=train | lr=0.00008312 | val_macro_f1=91.0336 | prototype_update=no
2026-06-15 12:22:00 | INFO | RUN_MODE=deterministic_smoke_test | dataset=CUB-200-2011 | method=Swin-Tiny | stage=eval | lr=0.00009546 | val_macro_f1=91.5499 | prototype_update=no
2026-06-15 10:13:00 | INFO | RUN_MODE=deterministic_smoke_test | dataset=CUB-200-2011 | method=ConvNeXt+ARM | stage=loader | lr=0.00007648 | val_macro_f1=90.7726 | prototype_update=no
2026-06-15 10:59:00 | INFO | RUN_MODE=deterministic_smoke_test | dataset=CUB-200-2011 | method=ConvNeXt+ARM | stage=train | lr=0.00005121 | val_macro_f1=85.7430 | prototype_update=no
2026-06-15 12:31:00 | INFO | RUN_MODE=deterministic_smoke_test | dataset=CUB-200-2011 | method=ConvNeXt+ARM | stage=eval | lr=0.00005018 | val_macro_f1=89.3840 | prototype_update=no
2026-06-15 09:34:00 | INFO | RUN_MODE=deterministic_smoke_test | dataset=CUB-200-2011 | method=UAMP-Net | stage=loader | lr=0.00005176 | val_macro_f1=86.2600 | prototype_update=no
2026-06-15 11:00:00 | INFO | RUN_MODE=deterministic_smoke_test | dataset=CUB-200-2011 | method=UAMP-Net | stage=train | lr=0.00007192 | val_macro_f1=87.9063 | prototype_update=yes
2026-06-15 12:34:00 | INFO | RUN_MODE=deterministic_smoke_test | dataset=CUB-200-2011 | method=UAMP-Net | stage=eval | lr=0.00005470 | val_macro_f1=92.2322 | prototype_update=no
2026-06-16 09:00:00 | INFO | RUN_MODE=deterministic_smoke_test | dataset=PlantVillage | method=ResNet-50 | stage=loader | lr=0.00005882 | val_macro_f1=89.0901 | prototype_update=no
2026-06-16 11:27:00 | INFO | RUN_MODE=deterministic_smoke_test | dataset=PlantVillage | method=ResNet-50 | stage=train | lr=0.00008429 | val_macro_f1=84.9779 | prototype_update=no
2026-06-16 14:01:00 | INFO | RUN_MODE=deterministic_smoke_test | dataset=PlantVillage | method=ResNet-50 | stage=eval | lr=0.00005743 | val_macro_f1=89.0082 | prototype_update=no
2026-06-16 09:12:00 | INFO | RUN_MODE=deterministic_smoke_test | dataset=PlantVillage | method=EfficientNet-B3 | stage=loader | lr=0.00005040 | val_macro_f1=88.0145 | prototype_update=no
2026-06-16 11:46:00 | INFO | RUN_MODE=deterministic_smoke_test | dataset=PlantVillage | method=EfficientNet-B3 | stage=train | lr=0.00008750 | val_macro_f1=88.9956 | prototype_update=no
2026-06-16 12:32:00 | INFO | RUN_MODE=deterministic_smoke_test | dataset=PlantVillage | method=EfficientNet-B3 | stage=eval | lr=0.00007934 | val_macro_f1=91.2213 | prototype_update=no
2026-06-16 09:07:00 | INFO | RUN_MODE=deterministic_smoke_test | dataset=PlantVillage | method=ConvNeXt-Tiny | stage=loader | lr=0.00006476 | val_macro_f1=89.4645 | prototype_update=no
2026-06-16 10:40:00 | INFO | RUN_MODE=deterministic_smoke_test | dataset=PlantVillage | method=ConvNeXt-Tiny | stage=train | lr=0.00006746 | val_macro_f1=90.8246 | prototype_update=no
2026-06-16 12:44:00 | INFO | RUN_MODE=deterministic_smoke_test | dataset=PlantVillage | method=ConvNeXt-Tiny | stage=eval | lr=0.00005646 | val_macro_f1=89.6109 | prototype_update=no
2026-06-16 10:13:00 | INFO | RUN_MODE=deterministic_smoke_test | dataset=PlantVillage | method=Swin-Tiny | stage=loader | lr=0.00007711 | val_macro_f1=88.7756 | prototype_update=no
2026-06-16 11:04:00 | INFO | RUN_MODE=deterministic_smoke_test | dataset=PlantVillage | method=Swin-Tiny | stage=train | lr=0.00009216 | val_macro_f1=88.2405 | prototype_update=no
2026-06-16 13:26:00 | INFO | RUN_MODE=deterministic_smoke_test | dataset=PlantVillage | method=Swin-Tiny | stage=eval | lr=0.00005645 | val_macro_f1=88.4640 | prototype_update=no
2026-06-16 09:03:00 | INFO | RUN_MODE=deterministic_smoke_test | dataset=PlantVillage | method=ConvNeXt+ARM | stage=loader | lr=0.00009121 | val_macro_f1=86.4492 | prototype_update=no
2026-06-16 10:57:00 | INFO | RUN_MODE=deterministic_smoke_test | dataset=PlantVillage | method=ConvNeXt+ARM | stage=train | lr=0.00008693 | val_macro_f1=91.4653 | prototype_update=no
2026-06-16 13:39:00 | INFO | RUN_MODE=deterministic_smoke_test | dataset=PlantVillage | method=ConvNeXt+ARM | stage=eval | lr=0.00007176 | val_macro_f1=91.6867 | prototype_update=no
2026-06-16 08:30:00 | INFO | RUN_MODE=deterministic_smoke_test | dataset=PlantVillage | method=UAMP-Net | stage=loader | lr=0.00006011 | val_macro_f1=86.6439 | prototype_update=no
2026-06-16 11:01:00 | INFO | RUN_MODE=deterministic_smoke_test | dataset=PlantVillage | method=UAMP-Net | stage=train | lr=0.00008712 | val_macro_f1=90.4233 | prototype_update=yes
2026-06-16 12:51:00 | INFO | RUN_MODE=deterministic_smoke_test | dataset=PlantVillage | method=UAMP-Net | stage=eval | lr=0.00009825 | val_macro_f1=88.8740 | prototype_update=no
2026-06-16 09:38:00 | INFO | RUN_MODE=deterministic_smoke_test | dataset=PlantDoc | method=ResNet-50 | stage=loader | lr=0.00006505 | val_macro_f1=85.9187 | prototype_update=no
2026-06-16 10:35:00 | INFO | RUN_MODE=deterministic_smoke_test | dataset=PlantDoc | method=ResNet-50 | stage=train | lr=0.00009389 | val_macro_f1=90.4706 | prototype_update=no
2026-06-16 12:50:00 | INFO | RUN_MODE=deterministic_smoke_test | dataset=PlantDoc | method=ResNet-50 | stage=eval | lr=0.00007058 | val_macro_f1=89.8513 | prototype_update=no
2026-06-16 09:05:00 | INFO | RUN_MODE=deterministic_smoke_test | dataset=PlantDoc | method=EfficientNet-B3 | stage=loader | lr=0.00009219 | val_macro_f1=84.1150 | prototype_update=no
2026-06-16 11:44:00 | INFO | RUN_MODE=deterministic_smoke_test | dataset=PlantDoc | method=EfficientNet-B3 | stage=train | lr=0.00005119 | val_macro_f1=88.2160 | prototype_update=no
2026-06-16 13:39:00 | INFO | RUN_MODE=deterministic_smoke_test | dataset=PlantDoc | method=EfficientNet-B3 | stage=eval | lr=0.00005979 | val_macro_f1=84.5136 | prototype_update=no
2026-06-16 09:35:00 | INFO | RUN_MODE=deterministic_smoke_test | dataset=PlantDoc | method=ConvNeXt-Tiny | stage=loader | lr=0.00008810 | val_macro_f1=84.7232 | prototype_update=no
2026-06-16 10:39:00 | INFO | RUN_MODE=deterministic_smoke_test | dataset=PlantDoc | method=ConvNeXt-Tiny | stage=train | lr=0.00009152 | val_macro_f1=89.9894 | prototype_update=no
2026-06-16 12:35:00 | INFO | RUN_MODE=deterministic_smoke_test | dataset=PlantDoc | method=ConvNeXt-Tiny | stage=eval | lr=0.00005380 | val_macro_f1=87.8486 | prototype_update=no
2026-06-16 09:39:00 | INFO | RUN_MODE=deterministic_smoke_test | dataset=PlantDoc | method=Swin-Tiny | stage=loader | lr=0.00008184 | val_macro_f1=87.0665 | prototype_update=no
2026-06-16 11:19:00 | INFO | RUN_MODE=deterministic_smoke_test | dataset=PlantDoc | method=Swin-Tiny | stage=train | lr=0.00007312 | val_macro_f1=87.9606 | prototype_update=no
2026-06-16 13:34:00 | INFO | RUN_MODE=deterministic_smoke_test | dataset=PlantDoc | method=Swin-Tiny | stage=eval | lr=0.00009641 | val_macro_f1=85.9463 | prototype_update=no
2026-06-16 09:12:00 | INFO | RUN_MODE=deterministic_smoke_test | dataset=PlantDoc | method=ConvNeXt+ARM | stage=loader | lr=0.00006491 | val_macro_f1=87.8268 | prototype_update=no
2026-06-16 10:16:00 | INFO | RUN_MODE=deterministic_smoke_test | dataset=PlantDoc | method=ConvNeXt+ARM | stage=train | lr=0.00007056 | val_macro_f1=87.2067 | prototype_update=no
2026-06-16 12:41:00 | INFO | RUN_MODE=deterministic_smoke_test | dataset=PlantDoc | method=ConvNeXt+ARM | stage=eval | lr=0.00007737 | val_macro_f1=85.9869 | prototype_update=no
2026-06-16 08:17:00 | INFO | RUN_MODE=deterministic_smoke_test | dataset=PlantDoc | method=UAMP-Net | stage=loader | lr=0.00006492 | val_macro_f1=89.0086 | prototype_update=no
2026-06-16 11:48:00 | INFO | RUN_MODE=deterministic_smoke_test | dataset=PlantDoc | method=UAMP-Net | stage=train | lr=0.00006868 | val_macro_f1=86.7120 | prototype_update=yes
2026-06-16 12:18:00 | INFO | RUN_MODE=deterministic_smoke_test | dataset=PlantDoc | method=UAMP-Net | stage=eval | lr=0.00006980 | val_macro_f1=91.8928 | prototype_update=no
2026-06-16 09:41:00 | INFO | RUN_MODE=deterministic_smoke_test | dataset=CUB-200-2011 | method=ResNet-50 | stage=loader | lr=0.00009980 | val_macro_f1=86.9748 | prototype_update=no
2026-06-16 10:29:00 | INFO | RUN_MODE=deterministic_smoke_test | dataset=CUB-200-2011 | method=ResNet-50 | stage=train | lr=0.00007813 | val_macro_f1=90.0976 | prototype_update=no
2026-06-16 13:58:00 | INFO | RUN_MODE=deterministic_smoke_test | dataset=CUB-200-2011 | method=ResNet-50 | stage=eval | lr=0.00005150 | val_macro_f1=88.1687 | prototype_update=no
2026-06-16 09:22:00 | INFO | RUN_MODE=deterministic_smoke_test | dataset=CUB-200-2011 | method=EfficientNet-B3 | stage=loader | lr=0.00008263 | val_macro_f1=86.4504 | prototype_update=no
2026-06-16 11:50:00 | INFO | RUN_MODE=deterministic_smoke_test | dataset=CUB-200-2011 | method=EfficientNet-B3 | stage=train | lr=0.00005849 | val_macro_f1=86.9791 | prototype_update=no
2026-06-16 13:57:00 | INFO | RUN_MODE=deterministic_smoke_test | dataset=CUB-200-2011 | method=EfficientNet-B3 | stage=eval | lr=0.00009661 | val_macro_f1=88.1988 | prototype_update=no
2026-06-16 08:20:00 | INFO | RUN_MODE=deterministic_smoke_test | dataset=CUB-200-2011 | method=ConvNeXt-Tiny | stage=loader | lr=0.00008570 | val_macro_f1=90.9556 | prototype_update=no
2026-06-16 10:43:00 | INFO | RUN_MODE=deterministic_smoke_test | dataset=CUB-200-2011 | method=ConvNeXt-Tiny | stage=train | lr=0.00005980 | val_macro_f1=86.1554 | prototype_update=no
2026-06-16 12:43:00 | INFO | RUN_MODE=deterministic_smoke_test | dataset=CUB-200-2011 | method=ConvNeXt-Tiny | stage=eval | lr=0.00007584 | val_macro_f1=85.3035 | prototype_update=no
2026-06-16 09:48:00 | INFO | RUN_MODE=deterministic_smoke_test | dataset=CUB-200-2011 | method=Swin-Tiny | stage=loader | lr=0.00007576 | val_macro_f1=91.3392 | prototype_update=no
2026-06-16 11:17:00 | INFO | RUN_MODE=deterministic_smoke_test | dataset=CUB-200-2011 | method=Swin-Tiny | stage=train | lr=0.00009173 | val_macro_f1=90.6994 | prototype_update=no
2026-06-16 12:24:00 | INFO | RUN_MODE=deterministic_smoke_test | dataset=CUB-200-2011 | method=Swin-Tiny | stage=eval | lr=0.00008631 | val_macro_f1=90.2187 | prototype_update=no
2026-06-16 08:51:00 | INFO | RUN_MODE=deterministic_smoke_test | dataset=CUB-200-2011 | method=ConvNeXt+ARM | stage=loader | lr=0.00006146 | val_macro_f1=84.0247 | prototype_update=no
2026-06-16 10:46:00 | INFO | RUN_MODE=deterministic_smoke_test | dataset=CUB-200-2011 | method=ConvNeXt+ARM | stage=train | lr=0.00009857 | val_macro_f1=87.6671 | prototype_update=no
2026-06-16 13:00:00 | INFO | RUN_MODE=deterministic_smoke_test | dataset=CUB-200-2011 | method=ConvNeXt+ARM | stage=eval | lr=0.00006750 | val_macro_f1=91.2869 | prototype_update=no
2026-06-16 09:44:00 | INFO | RUN_MODE=deterministic_smoke_test | dataset=CUB-200-2011 | method=UAMP-Net | stage=loader | lr=0.00006687 | val_macro_f1=92.9170 | prototype_update=no
2026-06-16 10:19:00 | INFO | RUN_MODE=deterministic_smoke_test | dataset=CUB-200-2011 | method=UAMP-Net | stage=train | lr=0.00006759 | val_macro_f1=87.3164 | prototype_update=yes
2026-06-16 12:18:00 | INFO | RUN_MODE=deterministic_smoke_test | dataset=CUB-200-2011 | method=UAMP-Net | stage=eval | lr=0.00007001 | val_macro_f1=92.2093 | prototype_update=no
2026-06-17 09:29:00 | INFO | RUN_MODE=deterministic_smoke_test | dataset=PlantVillage | method=ResNet-50 | stage=loader | lr=0.00009599 | val_macro_f1=89.0249 | prototype_update=no
2026-06-17 11:38:00 | INFO | RUN_MODE=deterministic_smoke_test | dataset=PlantVillage | method=ResNet-50 | stage=train | lr=0.00008978 | val_macro_f1=87.2431 | prototype_update=no
2026-06-17 14:09:00 | INFO | RUN_MODE=deterministic_smoke_test | dataset=PlantVillage | method=ResNet-50 | stage=eval | lr=0.00009719 | val_macro_f1=86.0794 | prototype_update=no
2026-06-17 09:31:00 | INFO | RUN_MODE=deterministic_smoke_test | dataset=PlantVillage | method=EfficientNet-B3 | stage=loader | lr=0.00009462 | val_macro_f1=84.9827 | prototype_update=no
2026-06-17 12:11:00 | INFO | RUN_MODE=deterministic_smoke_test | dataset=PlantVillage | method=EfficientNet-B3 | stage=train | lr=0.00005953 | val_macro_f1=87.6898 | prototype_update=no
2026-06-17 12:25:00 | INFO | RUN_MODE=deterministic_smoke_test | dataset=PlantVillage | method=EfficientNet-B3 | stage=eval | lr=0.00009980 | val_macro_f1=85.8903 | prototype_update=no
2026-06-17 08:25:00 | INFO | RUN_MODE=deterministic_smoke_test | dataset=PlantVillage | method=ConvNeXt-Tiny | stage=loader | lr=0.00005296 | val_macro_f1=88.1903 | prototype_update=no
2026-06-17 10:42:00 | INFO | RUN_MODE=deterministic_smoke_test | dataset=PlantVillage | method=ConvNeXt-Tiny | stage=train | lr=0.00007122 | val_macro_f1=87.3428 | prototype_update=no
2026-06-17 13:57:00 | INFO | RUN_MODE=deterministic_smoke_test | dataset=PlantVillage | method=ConvNeXt-Tiny | stage=eval | lr=0.00006026 | val_macro_f1=91.8001 | prototype_update=no
2026-06-17 09:49:00 | INFO | RUN_MODE=deterministic_smoke_test | dataset=PlantVillage | method=Swin-Tiny | stage=loader | lr=0.00005346 | val_macro_f1=91.8325 | prototype_update=no
2026-06-17 10:37:00 | INFO | RUN_MODE=deterministic_smoke_test | dataset=PlantVillage | method=Swin-Tiny | stage=train | lr=0.00005326 | val_macro_f1=91.5033 | prototype_update=no
2026-06-17 13:24:00 | INFO | RUN_MODE=deterministic_smoke_test | dataset=PlantVillage | method=Swin-Tiny | stage=eval | lr=0.00005721 | val_macro_f1=87.3837 | prototype_update=no
2026-06-17 09:20:00 | INFO | RUN_MODE=deterministic_smoke_test | dataset=PlantVillage | method=ConvNeXt+ARM | stage=loader | lr=0.00007924 | val_macro_f1=89.2681 | prototype_update=no
2026-06-17 11:55:00 | INFO | RUN_MODE=deterministic_smoke_test | dataset=PlantVillage | method=ConvNeXt+ARM | stage=train | lr=0.00006837 | val_macro_f1=88.6534 | prototype_update=no
2026-06-17 12:40:00 | INFO | RUN_MODE=deterministic_smoke_test | dataset=PlantVillage | method=ConvNeXt+ARM | stage=eval | lr=0.00008554 | val_macro_f1=86.7010 | prototype_update=no
2026-06-17 09:34:00 | INFO | RUN_MODE=deterministic_smoke_test | dataset=PlantVillage | method=UAMP-Net | stage=loader | lr=0.00007620 | val_macro_f1=93.4161 | prototype_update=no
2026-06-17 11:16:00 | INFO | RUN_MODE=deterministic_smoke_test | dataset=PlantVillage | method=UAMP-Net | stage=train | lr=0.00009707 | val_macro_f1=87.3788 | prototype_update=yes
2026-06-17 12:22:00 | INFO | RUN_MODE=deterministic_smoke_test | dataset=PlantVillage | method=UAMP-Net | stage=eval | lr=0.00006388 | val_macro_f1=91.4354 | prototype_update=no
2026-06-17 08:30:00 | INFO | RUN_MODE=deterministic_smoke_test | dataset=PlantDoc | method=ResNet-50 | stage=loader | lr=0.00009837 | val_macro_f1=90.6501 | prototype_update=no
2026-06-17 11:40:00 | INFO | RUN_MODE=deterministic_smoke_test | dataset=PlantDoc | method=ResNet-50 | stage=train | lr=0.00005190 | val_macro_f1=91.1170 | prototype_update=no
2026-06-17 13:07:00 | INFO | RUN_MODE=deterministic_smoke_test | dataset=PlantDoc | method=ResNet-50 | stage=eval | lr=0.00009581 | val_macro_f1=84.6666 | prototype_update=no
2026-06-17 08:59:00 | INFO | RUN_MODE=deterministic_smoke_test | dataset=PlantDoc | method=EfficientNet-B3 | stage=loader | lr=0.00009742 | val_macro_f1=85.1036 | prototype_update=no
2026-06-17 10:43:00 | INFO | RUN_MODE=deterministic_smoke_test | dataset=PlantDoc | method=EfficientNet-B3 | stage=train | lr=0.00008585 | val_macro_f1=84.6013 | prototype_update=no
2026-06-17 12:56:00 | INFO | RUN_MODE=deterministic_smoke_test | dataset=PlantDoc | method=EfficientNet-B3 | stage=eval | lr=0.00005229 | val_macro_f1=89.3320 | prototype_update=no
2026-06-17 08:26:00 | INFO | RUN_MODE=deterministic_smoke_test | dataset=PlantDoc | method=ConvNeXt-Tiny | stage=loader | lr=0.00006048 | val_macro_f1=87.5606 | prototype_update=no
2026-06-17 11:46:00 | INFO | RUN_MODE=deterministic_smoke_test | dataset=PlantDoc | method=ConvNeXt-Tiny | stage=train | lr=0.00009784 | val_macro_f1=87.7842 | prototype_update=no
2026-06-17 13:22:00 | INFO | RUN_MODE=deterministic_smoke_test | dataset=PlantDoc | method=ConvNeXt-Tiny | stage=eval | lr=0.00006022 | val_macro_f1=91.0227 | prototype_update=no
2026-06-17 09:26:00 | INFO | RUN_MODE=deterministic_smoke_test | dataset=PlantDoc | method=Swin-Tiny | stage=loader | lr=0.00008528 | val_macro_f1=87.3036 | prototype_update=no
2026-06-17 10:31:00 | INFO | RUN_MODE=deterministic_smoke_test | dataset=PlantDoc | method=Swin-Tiny | stage=train | lr=0.00008533 | val_macro_f1=85.6402 | prototype_update=no
2026-06-17 13:51:00 | INFO | RUN_MODE=deterministic_smoke_test | dataset=PlantDoc | method=Swin-Tiny | stage=eval | lr=0.00007089 | val_macro_f1=87.1103 | prototype_update=no
2026-06-17 10:13:00 | INFO | RUN_MODE=deterministic_smoke_test | dataset=PlantDoc | method=ConvNeXt+ARM | stage=loader | lr=0.00006672 | val_macro_f1=88.6230 | prototype_update=no
2026-06-17 10:41:00 | INFO | RUN_MODE=deterministic_smoke_test | dataset=PlantDoc | method=ConvNeXt+ARM | stage=train | lr=0.00009013 | val_macro_f1=84.5781 | prototype_update=no
2026-06-17 13:11:00 | INFO | RUN_MODE=deterministic_smoke_test | dataset=PlantDoc | method=ConvNeXt+ARM | stage=eval | lr=0.00007912 | val_macro_f1=88.3154 | prototype_update=no
2026-06-17 08:42:00 | INFO | RUN_MODE=deterministic_smoke_test | dataset=PlantDoc | method=UAMP-Net | stage=loader | lr=0.00005443 | val_macro_f1=93.0891 | prototype_update=no
2026-06-17 11:29:00 | INFO | RUN_MODE=deterministic_smoke_test | dataset=PlantDoc | method=UAMP-Net | stage=train | lr=0.00007164 | val_macro_f1=90.1225 | prototype_update=yes
2026-06-17 13:40:00 | INFO | RUN_MODE=deterministic_smoke_test | dataset=PlantDoc | method=UAMP-Net | stage=eval | lr=0.00007012 | val_macro_f1=93.4089 | prototype_update=no
2026-06-17 08:35:00 | INFO | RUN_MODE=deterministic_smoke_test | dataset=CUB-200-2011 | method=ResNet-50 | stage=loader | lr=0.00005126 | val_macro_f1=85.5074 | prototype_update=no
2026-06-17 11:24:00 | INFO | RUN_MODE=deterministic_smoke_test | dataset=CUB-200-2011 | method=ResNet-50 | stage=train | lr=0.00005953 | val_macro_f1=90.2688 | prototype_update=no
2026-06-17 12:59:00 | INFO | RUN_MODE=deterministic_smoke_test | dataset=CUB-200-2011 | method=ResNet-50 | stage=eval | lr=0.00009991 | val_macro_f1=89.4476 | prototype_update=no
2026-06-17 08:40:00 | INFO | RUN_MODE=deterministic_smoke_test | dataset=CUB-200-2011 | method=EfficientNet-B3 | stage=loader | lr=0.00005768 | val_macro_f1=85.1556 | prototype_update=no
2026-06-17 11:52:00 | INFO | RUN_MODE=deterministic_smoke_test | dataset=CUB-200-2011 | method=EfficientNet-B3 | stage=train | lr=0.00008950 | val_macro_f1=85.3536 | prototype_update=no
2026-06-17 13:23:00 | INFO | RUN_MODE=deterministic_smoke_test | dataset=CUB-200-2011 | method=EfficientNet-B3 | stage=eval | lr=0.00005763 | val_macro_f1=90.4743 | prototype_update=no
2026-06-17 08:17:00 | INFO | RUN_MODE=deterministic_smoke_test | dataset=CUB-200-2011 | method=ConvNeXt-Tiny | stage=loader | lr=0.00007699 | val_macro_f1=87.3668 | prototype_update=no
2026-06-17 10:56:00 | INFO | RUN_MODE=deterministic_smoke_test | dataset=CUB-200-2011 | method=ConvNeXt-Tiny | stage=train | lr=0.00005491 | val_macro_f1=88.6983 | prototype_update=no
2026-06-17 13:59:00 | INFO | RUN_MODE=deterministic_smoke_test | dataset=CUB-200-2011 | method=ConvNeXt-Tiny | stage=eval | lr=0.00005445 | val_macro_f1=86.9056 | prototype_update=no
2026-06-17 08:48:00 | INFO | RUN_MODE=deterministic_smoke_test | dataset=CUB-200-2011 | method=Swin-Tiny | stage=loader | lr=0.00006167 | val_macro_f1=87.7130 | prototype_update=no
2026-06-17 11:48:00 | INFO | RUN_MODE=deterministic_smoke_test | dataset=CUB-200-2011 | method=Swin-Tiny | stage=train | lr=0.00007535 | val_macro_f1=84.8047 | prototype_update=no
2026-06-17 13:40:00 | INFO | RUN_MODE=deterministic_smoke_test | dataset=CUB-200-2011 | method=Swin-Tiny | stage=eval | lr=0.00006047 | val_macro_f1=91.7272 | prototype_update=no
2026-06-17 09:29:00 | INFO | RUN_MODE=deterministic_smoke_test | dataset=CUB-200-2011 | method=ConvNeXt+ARM | stage=loader | lr=0.00005548 | val_macro_f1=85.1813 | prototype_update=no
2026-06-17 11:29:00 | INFO | RUN_MODE=deterministic_smoke_test | dataset=CUB-200-2011 | method=ConvNeXt+ARM | stage=train | lr=0.00008139 | val_macro_f1=89.2131 | prototype_update=no
2026-06-17 13:34:00 | INFO | RUN_MODE=deterministic_smoke_test | dataset=CUB-200-2011 | method=ConvNeXt+ARM | stage=eval | lr=0.00008809 | val_macro_f1=86.4522 | prototype_update=no
2026-06-17 08:19:00 | INFO | RUN_MODE=deterministic_smoke_test | dataset=CUB-200-2011 | method=UAMP-Net | stage=loader | lr=0.00008574 | val_macro_f1=91.5491 | prototype_update=no
2026-06-17 10:35:00 | INFO | RUN_MODE=deterministic_smoke_test | dataset=CUB-200-2011 | method=UAMP-Net | stage=train | lr=0.00007987 | val_macro_f1=87.3049 | prototype_update=yes
2026-06-17 12:31:00 | INFO | RUN_MODE=deterministic_smoke_test | dataset=CUB-200-2011 | method=UAMP-Net | stage=eval | lr=0.00009796 | val_macro_f1=87.3709 | prototype_update=no
2026-06-18 08:54:00 | INFO | RUN_MODE=deterministic_smoke_test | dataset=PlantVillage | method=ResNet-50 | stage=loader | lr=0.00009499 | val_macro_f1=85.7222 | prototype_update=no
2026-06-18 10:50:00 | INFO | RUN_MODE=deterministic_smoke_test | dataset=PlantVillage | method=ResNet-50 | stage=train | lr=0.00008515 | val_macro_f1=90.7983 | prototype_update=no
2026-06-18 12:43:00 | INFO | RUN_MODE=deterministic_smoke_test | dataset=PlantVillage | method=ResNet-50 | stage=eval | lr=0.00005728 | val_macro_f1=88.8231 | prototype_update=no
2026-06-18 09:55:00 | INFO | RUN_MODE=deterministic_smoke_test | dataset=PlantVillage | method=EfficientNet-B3 | stage=loader | lr=0.00009970 | val_macro_f1=91.6002 | prototype_update=no
2026-06-18 11:10:00 | INFO | RUN_MODE=deterministic_smoke_test | dataset=PlantVillage | method=EfficientNet-B3 | stage=train | lr=0.00005878 | val_macro_f1=91.2701 | prototype_update=no
2026-06-18 14:08:00 | INFO | RUN_MODE=deterministic_smoke_test | dataset=PlantVillage | method=EfficientNet-B3 | stage=eval | lr=0.00007308 | val_macro_f1=91.4410 | prototype_update=no
2026-06-18 08:43:00 | INFO | RUN_MODE=deterministic_smoke_test | dataset=PlantVillage | method=ConvNeXt-Tiny | stage=loader | lr=0.00007597 | val_macro_f1=84.9091 | prototype_update=no
2026-06-18 11:44:00 | INFO | RUN_MODE=deterministic_smoke_test | dataset=PlantVillage | method=ConvNeXt-Tiny | stage=train | lr=0.00009981 | val_macro_f1=90.2384 | prototype_update=no
2026-06-18 12:21:00 | INFO | RUN_MODE=deterministic_smoke_test | dataset=PlantVillage | method=ConvNeXt-Tiny | stage=eval | lr=0.00006314 | val_macro_f1=88.4283 | prototype_update=no
2026-06-18 09:47:00 | INFO | RUN_MODE=deterministic_smoke_test | dataset=PlantVillage | method=Swin-Tiny | stage=loader | lr=0.00007797 | val_macro_f1=85.5464 | prototype_update=no
2026-06-18 11:45:00 | INFO | RUN_MODE=deterministic_smoke_test | dataset=PlantVillage | method=Swin-Tiny | stage=train | lr=0.00009622 | val_macro_f1=84.2565 | prototype_update=no
2026-06-18 13:59:00 | INFO | RUN_MODE=deterministic_smoke_test | dataset=PlantVillage | method=Swin-Tiny | stage=eval | lr=0.00005940 | val_macro_f1=85.4539 | prototype_update=no
2026-06-18 08:21:00 | INFO | RUN_MODE=deterministic_smoke_test | dataset=PlantVillage | method=ConvNeXt+ARM | stage=loader | lr=0.00008555 | val_macro_f1=91.9916 | prototype_update=no
2026-06-18 12:05:00 | INFO | RUN_MODE=deterministic_smoke_test | dataset=PlantVillage | method=ConvNeXt+ARM | stage=train | lr=0.00008678 | val_macro_f1=90.4576 | prototype_update=no
2026-06-18 13:55:00 | INFO | RUN_MODE=deterministic_smoke_test | dataset=PlantVillage | method=ConvNeXt+ARM | stage=eval | lr=0.00007046 | val_macro_f1=88.6320 | prototype_update=no
2026-06-18 09:30:00 | INFO | RUN_MODE=deterministic_smoke_test | dataset=PlantVillage | method=UAMP-Net | stage=loader | lr=0.00008384 | val_macro_f1=88.3490 | prototype_update=no
2026-06-18 10:51:00 | INFO | RUN_MODE=deterministic_smoke_test | dataset=PlantVillage | method=UAMP-Net | stage=train | lr=0.00006485 | val_macro_f1=87.4770 | prototype_update=yes
2026-06-18 12:31:00 | INFO | RUN_MODE=deterministic_smoke_test | dataset=PlantVillage | method=UAMP-Net | stage=eval | lr=0.00006400 | val_macro_f1=90.5799 | prototype_update=no
2026-06-18 10:13:00 | INFO | RUN_MODE=deterministic_smoke_test | dataset=PlantDoc | method=ResNet-50 | stage=loader | lr=0.00007177 | val_macro_f1=90.0721 | prototype_update=no
2026-06-18 11:08:00 | INFO | RUN_MODE=deterministic_smoke_test | dataset=PlantDoc | method=ResNet-50 | stage=train | lr=0.00006938 | val_macro_f1=85.6709 | prototype_update=no
2026-06-18 13:25:00 | INFO | RUN_MODE=deterministic_smoke_test | dataset=PlantDoc | method=ResNet-50 | stage=eval | lr=0.00005162 | val_macro_f1=87.1895 | prototype_update=no
2026-06-18 09:23:00 | INFO | RUN_MODE=deterministic_smoke_test | dataset=PlantDoc | method=EfficientNet-B3 | stage=loader | lr=0.00006607 | val_macro_f1=86.8698 | prototype_update=no
2026-06-18 11:10:00 | INFO | RUN_MODE=deterministic_smoke_test | dataset=PlantDoc | method=EfficientNet-B3 | stage=train | lr=0.00008210 | val_macro_f1=89.6360 | prototype_update=no
2026-06-18 12:46:00 | INFO | RUN_MODE=deterministic_smoke_test | dataset=PlantDoc | method=EfficientNet-B3 | stage=eval | lr=0.00008341 | val_macro_f1=86.3955 | prototype_update=no
2026-06-18 09:45:00 | INFO | RUN_MODE=deterministic_smoke_test | dataset=PlantDoc | method=ConvNeXt-Tiny | stage=loader | lr=0.00009457 | val_macro_f1=87.6147 | prototype_update=no
2026-06-18 10:46:00 | INFO | RUN_MODE=deterministic_smoke_test | dataset=PlantDoc | method=ConvNeXt-Tiny | stage=train | lr=0.00006879 | val_macro_f1=86.7251 | prototype_update=no
2026-06-18 12:58:00 | INFO | RUN_MODE=deterministic_smoke_test | dataset=PlantDoc | method=ConvNeXt-Tiny | stage=eval | lr=0.00007091 | val_macro_f1=84.7045 | prototype_update=no
2026-06-18 09:44:00 | INFO | RUN_MODE=deterministic_smoke_test | dataset=PlantDoc | method=Swin-Tiny | stage=loader | lr=0.00005205 | val_macro_f1=90.8358 | prototype_update=no
2026-06-18 12:06:00 | INFO | RUN_MODE=deterministic_smoke_test | dataset=PlantDoc | method=Swin-Tiny | stage=train | lr=0.00009246 | val_macro_f1=88.4521 | prototype_update=no
2026-06-18 12:31:00 | INFO | RUN_MODE=deterministic_smoke_test | dataset=PlantDoc | method=Swin-Tiny | stage=eval | lr=0.00008492 | val_macro_f1=88.8577 | prototype_update=no
2026-06-18 09:18:00 | INFO | RUN_MODE=deterministic_smoke_test | dataset=PlantDoc | method=ConvNeXt+ARM | stage=loader | lr=0.00005252 | val_macro_f1=90.0390 | prototype_update=no
2026-06-18 10:33:00 | INFO | RUN_MODE=deterministic_smoke_test | dataset=PlantDoc | method=ConvNeXt+ARM | stage=train | lr=0.00006112 | val_macro_f1=89.2107 | prototype_update=no
2026-06-18 12:38:00 | INFO | RUN_MODE=deterministic_smoke_test | dataset=PlantDoc | method=ConvNeXt+ARM | stage=eval | lr=0.00007895 | val_macro_f1=87.3624 | prototype_update=no
2026-06-18 09:55:00 | INFO | RUN_MODE=deterministic_smoke_test | dataset=PlantDoc | method=UAMP-Net | stage=loader | lr=0.00008652 | val_macro_f1=93.6921 | prototype_update=no
2026-06-18 11:25:00 | INFO | RUN_MODE=deterministic_smoke_test | dataset=PlantDoc | method=UAMP-Net | stage=train | lr=0.00005460 | val_macro_f1=88.0078 | prototype_update=yes
2026-06-18 13:54:00 | INFO | RUN_MODE=deterministic_smoke_test | dataset=PlantDoc | method=UAMP-Net | stage=eval | lr=0.00006293 | val_macro_f1=90.1691 | prototype_update=no
2026-06-18 09:06:00 | INFO | RUN_MODE=deterministic_smoke_test | dataset=CUB-200-2011 | method=ResNet-50 | stage=loader | lr=0.00008313 | val_macro_f1=90.3403 | prototype_update=no
2026-06-18 11:38:00 | INFO | RUN_MODE=deterministic_smoke_test | dataset=CUB-200-2011 | method=ResNet-50 | stage=train | lr=0.00007000 | val_macro_f1=86.1236 | prototype_update=no
2026-06-18 12:41:00 | INFO | RUN_MODE=deterministic_smoke_test | dataset=CUB-200-2011 | method=ResNet-50 | stage=eval | lr=0.00005254 | val_macro_f1=85.3600 | prototype_update=no
2026-06-18 09:46:00 | INFO | RUN_MODE=deterministic_smoke_test | dataset=CUB-200-2011 | method=EfficientNet-B3 | stage=loader | lr=0.00009715 | val_macro_f1=90.7448 | prototype_update=no
2026-06-18 11:03:00 | INFO | RUN_MODE=deterministic_smoke_test | dataset=CUB-200-2011 | method=EfficientNet-B3 | stage=train | lr=0.00006579 | val_macro_f1=87.1463 | prototype_update=no
2026-06-18 13:35:00 | INFO | RUN_MODE=deterministic_smoke_test | dataset=CUB-200-2011 | method=EfficientNet-B3 | stage=eval | lr=0.00008519 | val_macro_f1=91.9000 | prototype_update=no
2026-06-18 08:20:00 | INFO | RUN_MODE=deterministic_smoke_test | dataset=CUB-200-2011 | method=ConvNeXt-Tiny | stage=loader | lr=0.00007773 | val_macro_f1=90.8265 | prototype_update=no
2026-06-18 11:27:00 | INFO | RUN_MODE=deterministic_smoke_test | dataset=CUB-200-2011 | method=ConvNeXt-Tiny | stage=train | lr=0.00005051 | val_macro_f1=85.1218 | prototype_update=no
2026-06-18 13:10:00 | INFO | RUN_MODE=deterministic_smoke_test | dataset=CUB-200-2011 | method=ConvNeXt-Tiny | stage=eval | lr=0.00009097 | val_macro_f1=87.6511 | prototype_update=no
2026-06-18 08:59:00 | INFO | RUN_MODE=deterministic_smoke_test | dataset=CUB-200-2011 | method=Swin-Tiny | stage=loader | lr=0.00005447 | val_macro_f1=91.6868 | prototype_update=no
2026-06-18 10:19:00 | INFO | RUN_MODE=deterministic_smoke_test | dataset=CUB-200-2011 | method=Swin-Tiny | stage=train | lr=0.00008355 | val_macro_f1=90.0300 | prototype_update=no
2026-06-18 13:13:00 | INFO | RUN_MODE=deterministic_smoke_test | dataset=CUB-200-2011 | method=Swin-Tiny | stage=eval | lr=0.00008317 | val_macro_f1=84.3979 | prototype_update=no
2026-06-18 09:37:00 | INFO | RUN_MODE=deterministic_smoke_test | dataset=CUB-200-2011 | method=ConvNeXt+ARM | stage=loader | lr=0.00006073 | val_macro_f1=90.6983 | prototype_update=no
2026-06-18 11:50:00 | INFO | RUN_MODE=deterministic_smoke_test | dataset=CUB-200-2011 | method=ConvNeXt+ARM | stage=train | lr=0.00006018 | val_macro_f1=87.6047 | prototype_update=no
2026-06-18 12:45:00 | INFO | RUN_MODE=deterministic_smoke_test | dataset=CUB-200-2011 | method=ConvNeXt+ARM | stage=eval | lr=0.00009918 | val_macro_f1=87.9529 | prototype_update=no
2026-06-18 09:02:00 | INFO | RUN_MODE=deterministic_smoke_test | dataset=CUB-200-2011 | method=UAMP-Net | stage=loader | lr=0.00006552 | val_macro_f1=86.4428 | prototype_update=no
2026-06-18 11:47:00 | INFO | RUN_MODE=deterministic_smoke_test | dataset=CUB-200-2011 | method=UAMP-Net | stage=train | lr=0.00005906 | val_macro_f1=93.2296 | prototype_update=yes
2026-06-18 12:29:00 | INFO | RUN_MODE=deterministic_smoke_test | dataset=CUB-200-2011 | method=UAMP-Net | stage=eval | lr=0.00006600 | val_macro_f1=91.4018 | prototype_update=no
2026-06-19 09:35:00 | INFO | RUN_MODE=deterministic_smoke_test | dataset=PlantVillage | method=ResNet-50 | stage=loader | lr=0.00007078 | val_macro_f1=90.1371 | prototype_update=no
2026-06-19 12:08:00 | INFO | RUN_MODE=deterministic_smoke_test | dataset=PlantVillage | method=ResNet-50 | stage=train | lr=0.00006449 | val_macro_f1=89.8040 | prototype_update=no
2026-06-19 13:22:00 | INFO | RUN_MODE=deterministic_smoke_test | dataset=PlantVillage | method=ResNet-50 | stage=eval | lr=0.00007407 | val_macro_f1=84.0701 | prototype_update=no
2026-06-19 08:32:00 | INFO | RUN_MODE=deterministic_smoke_test | dataset=PlantVillage | method=EfficientNet-B3 | stage=loader | lr=0.00008905 | val_macro_f1=85.0696 | prototype_update=no
2026-06-19 11:22:00 | INFO | RUN_MODE=deterministic_smoke_test | dataset=PlantVillage | method=EfficientNet-B3 | stage=train | lr=0.00008369 | val_macro_f1=86.0817 | prototype_update=no
2026-06-19 12:48:00 | INFO | RUN_MODE=deterministic_smoke_test | dataset=PlantVillage | method=EfficientNet-B3 | stage=eval | lr=0.00009890 | val_macro_f1=85.2493 | prototype_update=no
2026-06-19 10:01:00 | INFO | RUN_MODE=deterministic_smoke_test | dataset=PlantVillage | method=ConvNeXt-Tiny | stage=loader | lr=0.00008574 | val_macro_f1=90.4097 | prototype_update=no
2026-06-19 11:47:00 | INFO | RUN_MODE=deterministic_smoke_test | dataset=PlantVillage | method=ConvNeXt-Tiny | stage=train | lr=0.00007682 | val_macro_f1=87.1072 | prototype_update=no
2026-06-19 12:57:00 | INFO | RUN_MODE=deterministic_smoke_test | dataset=PlantVillage | method=ConvNeXt-Tiny | stage=eval | lr=0.00008798 | val_macro_f1=87.4283 | prototype_update=no
2026-06-19 09:00:00 | INFO | RUN_MODE=deterministic_smoke_test | dataset=PlantVillage | method=Swin-Tiny | stage=loader | lr=0.00009328 | val_macro_f1=91.7649 | prototype_update=no
2026-06-19 10:43:00 | INFO | RUN_MODE=deterministic_smoke_test | dataset=PlantVillage | method=Swin-Tiny | stage=train | lr=0.00008593 | val_macro_f1=84.8211 | prototype_update=no
2026-06-19 13:28:00 | INFO | RUN_MODE=deterministic_smoke_test | dataset=PlantVillage | method=Swin-Tiny | stage=eval | lr=0.00005053 | val_macro_f1=84.2213 | prototype_update=no
2026-06-19 08:57:00 | INFO | RUN_MODE=deterministic_smoke_test | dataset=PlantVillage | method=ConvNeXt+ARM | stage=loader | lr=0.00005679 | val_macro_f1=91.3772 | prototype_update=no
2026-06-19 10:56:00 | INFO | RUN_MODE=deterministic_smoke_test | dataset=PlantVillage | method=ConvNeXt+ARM | stage=train | lr=0.00005565 | val_macro_f1=86.7331 | prototype_update=no
2026-06-19 12:41:00 | INFO | RUN_MODE=deterministic_smoke_test | dataset=PlantVillage | method=ConvNeXt+ARM | stage=eval | lr=0.00005439 | val_macro_f1=90.8496 | prototype_update=no
2026-06-19 10:07:00 | INFO | RUN_MODE=deterministic_smoke_test | dataset=PlantVillage | method=UAMP-Net | stage=loader | lr=0.00007968 | val_macro_f1=91.4791 | prototype_update=no
2026-06-19 10:27:00 | INFO | RUN_MODE=deterministic_smoke_test | dataset=PlantVillage | method=UAMP-Net | stage=train | lr=0.00005210 | val_macro_f1=91.8394 | prototype_update=yes
2026-06-19 12:27:00 | INFO | RUN_MODE=deterministic_smoke_test | dataset=PlantVillage | method=UAMP-Net | stage=eval | lr=0.00006601 | val_macro_f1=89.6748 | prototype_update=no
2026-06-19 09:59:00 | INFO | RUN_MODE=deterministic_smoke_test | dataset=PlantDoc | method=ResNet-50 | stage=loader | lr=0.00009431 | val_macro_f1=90.7555 | prototype_update=no
2026-06-19 10:27:00 | INFO | RUN_MODE=deterministic_smoke_test | dataset=PlantDoc | method=ResNet-50 | stage=train | lr=0.00009679 | val_macro_f1=91.1556 | prototype_update=no
2026-06-19 13:28:00 | INFO | RUN_MODE=deterministic_smoke_test | dataset=PlantDoc | method=ResNet-50 | stage=eval | lr=0.00005515 | val_macro_f1=89.9555 | prototype_update=no
2026-06-19 09:06:00 | INFO | RUN_MODE=deterministic_smoke_test | dataset=PlantDoc | method=EfficientNet-B3 | stage=loader | lr=0.00008553 | val_macro_f1=90.8438 | prototype_update=no
2026-06-19 11:25:00 | INFO | RUN_MODE=deterministic_smoke_test | dataset=PlantDoc | method=EfficientNet-B3 | stage=train | lr=0.00009388 | val_macro_f1=88.2895 | prototype_update=no
2026-06-19 12:54:00 | INFO | RUN_MODE=deterministic_smoke_test | dataset=PlantDoc | method=EfficientNet-B3 | stage=eval | lr=0.00005688 | val_macro_f1=89.4181 | prototype_update=no
2026-06-19 08:31:00 | INFO | RUN_MODE=deterministic_smoke_test | dataset=PlantDoc | method=ConvNeXt-Tiny | stage=loader | lr=0.00006181 | val_macro_f1=86.3029 | prototype_update=no
2026-06-19 10:57:00 | INFO | RUN_MODE=deterministic_smoke_test | dataset=PlantDoc | method=ConvNeXt-Tiny | stage=train | lr=0.00009676 | val_macro_f1=84.2154 | prototype_update=no
2026-06-19 13:04:00 | INFO | RUN_MODE=deterministic_smoke_test | dataset=PlantDoc | method=ConvNeXt-Tiny | stage=eval | lr=0.00005467 | val_macro_f1=84.6462 | prototype_update=no
2026-06-19 10:02:00 | INFO | RUN_MODE=deterministic_smoke_test | dataset=PlantDoc | method=Swin-Tiny | stage=loader | lr=0.00006919 | val_macro_f1=85.1845 | prototype_update=no
2026-06-19 10:53:00 | INFO | RUN_MODE=deterministic_smoke_test | dataset=PlantDoc | method=Swin-Tiny | stage=train | lr=0.00006010 | val_macro_f1=85.9576 | prototype_update=no
2026-06-19 14:10:00 | INFO | RUN_MODE=deterministic_smoke_test | dataset=PlantDoc | method=Swin-Tiny | stage=eval | lr=0.00007919 | val_macro_f1=88.1983 | prototype_update=no
2026-06-19 08:57:00 | INFO | RUN_MODE=deterministic_smoke_test | dataset=PlantDoc | method=ConvNeXt+ARM | stage=loader | lr=0.00009376 | val_macro_f1=84.4417 | prototype_update=no
2026-06-19 12:03:00 | INFO | RUN_MODE=deterministic_smoke_test | dataset=PlantDoc | method=ConvNeXt+ARM | stage=train | lr=0.00009465 | val_macro_f1=84.0040 | prototype_update=no
2026-06-19 13:15:00 | INFO | RUN_MODE=deterministic_smoke_test | dataset=PlantDoc | method=ConvNeXt+ARM | stage=eval | lr=0.00006321 | val_macro_f1=88.5933 | prototype_update=no
2026-06-19 08:22:00 | INFO | RUN_MODE=deterministic_smoke_test | dataset=PlantDoc | method=UAMP-Net | stage=loader | lr=0.00005195 | val_macro_f1=87.0061 | prototype_update=no
2026-06-19 11:47:00 | INFO | RUN_MODE=deterministic_smoke_test | dataset=PlantDoc | method=UAMP-Net | stage=train | lr=0.00005797 | val_macro_f1=88.0412 | prototype_update=yes
2026-06-19 12:51:00 | INFO | RUN_MODE=deterministic_smoke_test | dataset=PlantDoc | method=UAMP-Net | stage=eval | lr=0.00008334 | val_macro_f1=93.0271 | prototype_update=no
2026-06-19 08:55:00 | INFO | RUN_MODE=deterministic_smoke_test | dataset=CUB-200-2011 | method=ResNet-50 | stage=loader | lr=0.00008531 | val_macro_f1=84.1130 | prototype_update=no
2026-06-19 11:18:00 | INFO | RUN_MODE=deterministic_smoke_test | dataset=CUB-200-2011 | method=ResNet-50 | stage=train | lr=0.00005436 | val_macro_f1=84.9507 | prototype_update=no
2026-06-19 13:51:00 | INFO | RUN_MODE=deterministic_smoke_test | dataset=CUB-200-2011 | method=ResNet-50 | stage=eval | lr=0.00006164 | val_macro_f1=89.5540 | prototype_update=no
2026-06-19 09:47:00 | INFO | RUN_MODE=deterministic_smoke_test | dataset=CUB-200-2011 | method=EfficientNet-B3 | stage=loader | lr=0.00009298 | val_macro_f1=84.3605 | prototype_update=no
2026-06-19 11:32:00 | INFO | RUN_MODE=deterministic_smoke_test | dataset=CUB-200-2011 | method=EfficientNet-B3 | stage=train | lr=0.00005347 | val_macro_f1=90.7676 | prototype_update=no
2026-06-19 13:01:00 | INFO | RUN_MODE=deterministic_smoke_test | dataset=CUB-200-2011 | method=EfficientNet-B3 | stage=eval | lr=0.00006291 | val_macro_f1=90.7319 | prototype_update=no
2026-06-19 10:03:00 | INFO | RUN_MODE=deterministic_smoke_test | dataset=CUB-200-2011 | method=ConvNeXt-Tiny | stage=loader | lr=0.00007638 | val_macro_f1=89.3905 | prototype_update=no
2026-06-19 11:49:00 | INFO | RUN_MODE=deterministic_smoke_test | dataset=CUB-200-2011 | method=ConvNeXt-Tiny | stage=train | lr=0.00007586 | val_macro_f1=89.2163 | prototype_update=no
2026-06-19 12:44:00 | INFO | RUN_MODE=deterministic_smoke_test | dataset=CUB-200-2011 | method=ConvNeXt-Tiny | stage=eval | lr=0.00009117 | val_macro_f1=86.6363 | prototype_update=no
2026-06-19 08:29:00 | INFO | RUN_MODE=deterministic_smoke_test | dataset=CUB-200-2011 | method=Swin-Tiny | stage=loader | lr=0.00007907 | val_macro_f1=91.1206 | prototype_update=no
2026-06-19 11:09:00 | INFO | RUN_MODE=deterministic_smoke_test | dataset=CUB-200-2011 | method=Swin-Tiny | stage=train | lr=0.00006210 | val_macro_f1=91.2656 | prototype_update=no
2026-06-19 14:11:00 | INFO | RUN_MODE=deterministic_smoke_test | dataset=CUB-200-2011 | method=Swin-Tiny | stage=eval | lr=0.00006784 | val_macro_f1=89.8751 | prototype_update=no
2026-06-19 08:38:00 | INFO | RUN_MODE=deterministic_smoke_test | dataset=CUB-200-2011 | method=ConvNeXt+ARM | stage=loader | lr=0.00009096 | val_macro_f1=91.7233 | prototype_update=no
2026-06-19 10:55:00 | INFO | RUN_MODE=deterministic_smoke_test | dataset=CUB-200-2011 | method=ConvNeXt+ARM | stage=train | lr=0.00005290 | val_macro_f1=85.1510 | prototype_update=no
2026-06-19 12:22:00 | INFO | RUN_MODE=deterministic_smoke_test | dataset=CUB-200-2011 | method=ConvNeXt+ARM | stage=eval | lr=0.00006090 | val_macro_f1=84.3212 | prototype_update=no
2026-06-19 08:22:00 | INFO | RUN_MODE=deterministic_smoke_test | dataset=CUB-200-2011 | method=UAMP-Net | stage=loader | lr=0.00005074 | val_macro_f1=86.0722 | prototype_update=no
2026-06-19 10:33:00 | INFO | RUN_MODE=deterministic_smoke_test | dataset=CUB-200-2011 | method=UAMP-Net | stage=train | lr=0.00009857 | val_macro_f1=92.9287 | prototype_update=yes
2026-06-19 13:57:00 | INFO | RUN_MODE=deterministic_smoke_test | dataset=CUB-200-2011 | method=UAMP-Net | stage=eval | lr=0.00005374 | val_macro_f1=86.7144 | prototype_update=no
2026-06-20 09:59:00 | INFO | RUN_MODE=deterministic_smoke_test | dataset=PlantVillage | method=ResNet-50 | stage=loader | lr=0.00006703 | val_macro_f1=89.3178 | prototype_update=no
2026-06-20 11:03:00 | INFO | RUN_MODE=deterministic_smoke_test | dataset=PlantVillage | method=ResNet-50 | stage=train | lr=0.00009849 | val_macro_f1=88.9746 | prototype_update=no
2026-06-20 12:31:00 | INFO | RUN_MODE=deterministic_smoke_test | dataset=PlantVillage | method=ResNet-50 | stage=eval | lr=0.00005056 | val_macro_f1=84.6824 | prototype_update=no
2026-06-20 08:38:00 | INFO | RUN_MODE=deterministic_smoke_test | dataset=PlantVillage | method=EfficientNet-B3 | stage=loader | lr=0.00008583 | val_macro_f1=89.9794 | prototype_update=no
2026-06-20 12:06:00 | INFO | RUN_MODE=deterministic_smoke_test | dataset=PlantVillage | method=EfficientNet-B3 | stage=train | lr=0.00009755 | val_macro_f1=90.4679 | prototype_update=no
2026-06-20 12:42:00 | INFO | RUN_MODE=deterministic_smoke_test | dataset=PlantVillage | method=EfficientNet-B3 | stage=eval | lr=0.00008038 | val_macro_f1=87.1367 | prototype_update=no
2026-06-20 08:50:00 | INFO | RUN_MODE=deterministic_smoke_test | dataset=PlantVillage | method=ConvNeXt-Tiny | stage=loader | lr=0.00006882 | val_macro_f1=84.6779 | prototype_update=no
2026-06-20 11:22:00 | INFO | RUN_MODE=deterministic_smoke_test | dataset=PlantVillage | method=ConvNeXt-Tiny | stage=train | lr=0.00008433 | val_macro_f1=91.9673 | prototype_update=no
2026-06-20 12:40:00 | INFO | RUN_MODE=deterministic_smoke_test | dataset=PlantVillage | method=ConvNeXt-Tiny | stage=eval | lr=0.00006394 | val_macro_f1=90.4552 | prototype_update=no
2026-06-20 08:50:00 | INFO | RUN_MODE=deterministic_smoke_test | dataset=PlantVillage | method=Swin-Tiny | stage=loader | lr=0.00007814 | val_macro_f1=90.0057 | prototype_update=no
2026-06-20 11:52:00 | INFO | RUN_MODE=deterministic_smoke_test | dataset=PlantVillage | method=Swin-Tiny | stage=train | lr=0.00005560 | val_macro_f1=85.5103 | prototype_update=no
2026-06-20 12:44:00 | INFO | RUN_MODE=deterministic_smoke_test | dataset=PlantVillage | method=Swin-Tiny | stage=eval | lr=0.00008540 | val_macro_f1=89.6849 | prototype_update=no
2026-06-20 09:23:00 | INFO | RUN_MODE=deterministic_smoke_test | dataset=PlantVillage | method=ConvNeXt+ARM | stage=loader | lr=0.00007320 | val_macro_f1=84.7740 | prototype_update=no
2026-06-20 11:34:00 | INFO | RUN_MODE=deterministic_smoke_test | dataset=PlantVillage | method=ConvNeXt+ARM | stage=train | lr=0.00009199 | val_macro_f1=84.4995 | prototype_update=no
2026-06-20 12:26:00 | INFO | RUN_MODE=deterministic_smoke_test | dataset=PlantVillage | method=ConvNeXt+ARM | stage=eval | lr=0.00008597 | val_macro_f1=88.1200 | prototype_update=no
2026-06-20 09:24:00 | INFO | RUN_MODE=deterministic_smoke_test | dataset=PlantVillage | method=UAMP-Net | stage=loader | lr=0.00006019 | val_macro_f1=92.9330 | prototype_update=no
2026-06-20 10:36:00 | INFO | RUN_MODE=deterministic_smoke_test | dataset=PlantVillage | method=UAMP-Net | stage=train | lr=0.00009847 | val_macro_f1=92.7601 | prototype_update=yes
2026-06-20 13:40:00 | INFO | RUN_MODE=deterministic_smoke_test | dataset=PlantVillage | method=UAMP-Net | stage=eval | lr=0.00006704 | val_macro_f1=88.4471 | prototype_update=no
2026-06-20 09:12:00 | INFO | RUN_MODE=deterministic_smoke_test | dataset=PlantDoc | method=ResNet-50 | stage=loader | lr=0.00007891 | val_macro_f1=86.0342 | prototype_update=no
2026-06-20 11:33:00 | INFO | RUN_MODE=deterministic_smoke_test | dataset=PlantDoc | method=ResNet-50 | stage=train | lr=0.00008593 | val_macro_f1=86.7894 | prototype_update=no
2026-06-20 13:10:00 | INFO | RUN_MODE=deterministic_smoke_test | dataset=PlantDoc | method=ResNet-50 | stage=eval | lr=0.00007732 | val_macro_f1=91.4642 | prototype_update=no
2026-06-20 10:11:00 | INFO | RUN_MODE=deterministic_smoke_test | dataset=PlantDoc | method=EfficientNet-B3 | stage=loader | lr=0.00009999 | val_macro_f1=87.0683 | prototype_update=no
2026-06-20 11:58:00 | INFO | RUN_MODE=deterministic_smoke_test | dataset=PlantDoc | method=EfficientNet-B3 | stage=train | lr=0.00007509 | val_macro_f1=88.2753 | prototype_update=no
2026-06-20 13:01:00 | INFO | RUN_MODE=deterministic_smoke_test | dataset=PlantDoc | method=EfficientNet-B3 | stage=eval | lr=0.00009828 | val_macro_f1=91.5104 | prototype_update=no
2026-06-20 09:47:00 | INFO | RUN_MODE=deterministic_smoke_test | dataset=PlantDoc | method=ConvNeXt-Tiny | stage=loader | lr=0.00008088 | val_macro_f1=91.1256 | prototype_update=no
2026-06-20 11:57:00 | INFO | RUN_MODE=deterministic_smoke_test | dataset=PlantDoc | method=ConvNeXt-Tiny | stage=train | lr=0.00009754 | val_macro_f1=84.6650 | prototype_update=no
2026-06-20 13:13:00 | INFO | RUN_MODE=deterministic_smoke_test | dataset=PlantDoc | method=ConvNeXt-Tiny | stage=eval | lr=0.00007648 | val_macro_f1=89.4152 | prototype_update=no
2026-06-20 09:58:00 | INFO | RUN_MODE=deterministic_smoke_test | dataset=PlantDoc | method=Swin-Tiny | stage=loader | lr=0.00007110 | val_macro_f1=85.9658 | prototype_update=no
2026-06-20 10:24:00 | INFO | RUN_MODE=deterministic_smoke_test | dataset=PlantDoc | method=Swin-Tiny | stage=train | lr=0.00005282 | val_macro_f1=91.6826 | prototype_update=no
2026-06-20 13:12:00 | INFO | RUN_MODE=deterministic_smoke_test | dataset=PlantDoc | method=Swin-Tiny | stage=eval | lr=0.00005259 | val_macro_f1=91.9491 | prototype_update=no
2026-06-20 09:05:00 | INFO | RUN_MODE=deterministic_smoke_test | dataset=PlantDoc | method=ConvNeXt+ARM | stage=loader | lr=0.00009702 | val_macro_f1=87.9897 | prototype_update=no
2026-06-20 10:21:00 | INFO | RUN_MODE=deterministic_smoke_test | dataset=PlantDoc | method=ConvNeXt+ARM | stage=train | lr=0.00005847 | val_macro_f1=87.3703 | prototype_update=no
2026-06-20 13:49:00 | INFO | RUN_MODE=deterministic_smoke_test | dataset=PlantDoc | method=ConvNeXt+ARM | stage=eval | lr=0.00008618 | val_macro_f1=91.9224 | prototype_update=no
2026-06-20 09:19:00 | INFO | RUN_MODE=deterministic_smoke_test | dataset=PlantDoc | method=UAMP-Net | stage=loader | lr=0.00006947 | val_macro_f1=88.6980 | prototype_update=no
2026-06-20 11:53:00 | INFO | RUN_MODE=deterministic_smoke_test | dataset=PlantDoc | method=UAMP-Net | stage=train | lr=0.00009405 | val_macro_f1=93.7616 | prototype_update=yes
2026-06-20 12:24:00 | INFO | RUN_MODE=deterministic_smoke_test | dataset=PlantDoc | method=UAMP-Net | stage=eval | lr=0.00007982 | val_macro_f1=90.3383 | prototype_update=no
2026-06-20 08:26:00 | INFO | RUN_MODE=deterministic_smoke_test | dataset=CUB-200-2011 | method=ResNet-50 | stage=loader | lr=0.00006864 | val_macro_f1=89.4639 | prototype_update=no
2026-06-20 10:58:00 | INFO | RUN_MODE=deterministic_smoke_test | dataset=CUB-200-2011 | method=ResNet-50 | stage=train | lr=0.00009383 | val_macro_f1=91.9926 | prototype_update=no
2026-06-20 12:54:00 | INFO | RUN_MODE=deterministic_smoke_test | dataset=CUB-200-2011 | method=ResNet-50 | stage=eval | lr=0.00007031 | val_macro_f1=86.4146 | prototype_update=no
2026-06-20 09:26:00 | INFO | RUN_MODE=deterministic_smoke_test | dataset=CUB-200-2011 | method=EfficientNet-B3 | stage=loader | lr=0.00007387 | val_macro_f1=86.5544 | prototype_update=no
2026-06-20 10:15:00 | INFO | RUN_MODE=deterministic_smoke_test | dataset=CUB-200-2011 | method=EfficientNet-B3 | stage=train | lr=0.00005860 | val_macro_f1=85.9233 | prototype_update=no
2026-06-20 14:10:00 | INFO | RUN_MODE=deterministic_smoke_test | dataset=CUB-200-2011 | method=EfficientNet-B3 | stage=eval | lr=0.00008271 | val_macro_f1=85.5066 | prototype_update=no
2026-06-20 09:28:00 | INFO | RUN_MODE=deterministic_smoke_test | dataset=CUB-200-2011 | method=ConvNeXt-Tiny | stage=loader | lr=0.00006876 | val_macro_f1=86.2342 | prototype_update=no
2026-06-20 12:04:00 | INFO | RUN_MODE=deterministic_smoke_test | dataset=CUB-200-2011 | method=ConvNeXt-Tiny | stage=train | lr=0.00007481 | val_macro_f1=90.4346 | prototype_update=no
2026-06-20 13:56:00 | INFO | RUN_MODE=deterministic_smoke_test | dataset=CUB-200-2011 | method=ConvNeXt-Tiny | stage=eval | lr=0.00006126 | val_macro_f1=84.1335 | prototype_update=no
2026-06-20 09:16:00 | INFO | RUN_MODE=deterministic_smoke_test | dataset=CUB-200-2011 | method=Swin-Tiny | stage=loader | lr=0.00006028 | val_macro_f1=90.5952 | prototype_update=no
2026-06-20 11:32:00 | INFO | RUN_MODE=deterministic_smoke_test | dataset=CUB-200-2011 | method=Swin-Tiny | stage=train | lr=0.00007443 | val_macro_f1=91.5097 | prototype_update=no
2026-06-20 13:28:00 | INFO | RUN_MODE=deterministic_smoke_test | dataset=CUB-200-2011 | method=Swin-Tiny | stage=eval | lr=0.00009203 | val_macro_f1=91.1895 | prototype_update=no
2026-06-20 08:56:00 | INFO | RUN_MODE=deterministic_smoke_test | dataset=CUB-200-2011 | method=ConvNeXt+ARM | stage=loader | lr=0.00006105 | val_macro_f1=86.9769 | prototype_update=no
2026-06-20 10:43:00 | INFO | RUN_MODE=deterministic_smoke_test | dataset=CUB-200-2011 | method=ConvNeXt+ARM | stage=train | lr=0.00005951 | val_macro_f1=90.1868 | prototype_update=no
2026-06-20 13:35:00 | INFO | RUN_MODE=deterministic_smoke_test | dataset=CUB-200-2011 | method=ConvNeXt+ARM | stage=eval | lr=0.00006756 | val_macro_f1=87.5068 | prototype_update=no
2026-06-20 08:50:00 | INFO | RUN_MODE=deterministic_smoke_test | dataset=CUB-200-2011 | method=UAMP-Net | stage=loader | lr=0.00005200 | val_macro_f1=90.1917 | prototype_update=no
2026-06-20 11:19:00 | INFO | RUN_MODE=deterministic_smoke_test | dataset=CUB-200-2011 | method=UAMP-Net | stage=train | lr=0.00009014 | val_macro_f1=88.5874 | prototype_update=yes
2026-06-20 12:46:00 | INFO | RUN_MODE=deterministic_smoke_test | dataset=CUB-200-2011 | method=UAMP-Net | stage=eval | lr=0.00007782 | val_macro_f1=88.1235 | prototype_update=no
2026-06-21 08:41:00 | INFO | RUN_MODE=deterministic_smoke_test | dataset=PlantVillage | method=ResNet-50 | stage=loader | lr=0.00007440 | val_macro_f1=89.9434 | prototype_update=no
2026-06-21 10:19:00 | INFO | RUN_MODE=deterministic_smoke_test | dataset=PlantVillage | method=ResNet-50 | stage=train | lr=0.00008527 | val_macro_f1=87.3445 | prototype_update=no
2026-06-21 13:33:00 | INFO | RUN_MODE=deterministic_smoke_test | dataset=PlantVillage | method=ResNet-50 | stage=eval | lr=0.00006439 | val_macro_f1=86.4775 | prototype_update=no
2026-06-21 09:41:00 | INFO | RUN_MODE=deterministic_smoke_test | dataset=PlantVillage | method=EfficientNet-B3 | stage=loader | lr=0.00009548 | val_macro_f1=84.7160 | prototype_update=no
2026-06-21 11:34:00 | INFO | RUN_MODE=deterministic_smoke_test | dataset=PlantVillage | method=EfficientNet-B3 | stage=train | lr=0.00005869 | val_macro_f1=84.4494 | prototype_update=no
2026-06-21 12:47:00 | INFO | RUN_MODE=deterministic_smoke_test | dataset=PlantVillage | method=EfficientNet-B3 | stage=eval | lr=0.00008886 | val_macro_f1=89.2874 | prototype_update=no
2026-06-21 09:39:00 | INFO | RUN_MODE=deterministic_smoke_test | dataset=PlantVillage | method=ConvNeXt-Tiny | stage=loader | lr=0.00006242 | val_macro_f1=86.0957 | prototype_update=no
2026-06-21 11:32:00 | INFO | RUN_MODE=deterministic_smoke_test | dataset=PlantVillage | method=ConvNeXt-Tiny | stage=train | lr=0.00005749 | val_macro_f1=85.4692 | prototype_update=no
2026-06-21 13:44:00 | INFO | RUN_MODE=deterministic_smoke_test | dataset=PlantVillage | method=ConvNeXt-Tiny | stage=eval | lr=0.00005468 | val_macro_f1=85.2735 | prototype_update=no
2026-06-21 08:44:00 | INFO | RUN_MODE=deterministic_smoke_test | dataset=PlantVillage | method=Swin-Tiny | stage=loader | lr=0.00006958 | val_macro_f1=90.9197 | prototype_update=no
2026-06-21 10:31:00 | INFO | RUN_MODE=deterministic_smoke_test | dataset=PlantVillage | method=Swin-Tiny | stage=train | lr=0.00007086 | val_macro_f1=87.8225 | prototype_update=no
2026-06-21 13:44:00 | INFO | RUN_MODE=deterministic_smoke_test | dataset=PlantVillage | method=Swin-Tiny | stage=eval | lr=0.00005271 | val_macro_f1=85.4512 | prototype_update=no
2026-06-21 09:42:00 | INFO | RUN_MODE=deterministic_smoke_test | dataset=PlantVillage | method=ConvNeXt+ARM | stage=loader | lr=0.00006753 | val_macro_f1=86.7905 | prototype_update=no
2026-06-21 11:09:00 | INFO | RUN_MODE=deterministic_smoke_test | dataset=PlantVillage | method=ConvNeXt+ARM | stage=train | lr=0.00008897 | val_macro_f1=87.0248 | prototype_update=no
2026-06-21 12:55:00 | INFO | RUN_MODE=deterministic_smoke_test | dataset=PlantVillage | method=ConvNeXt+ARM | stage=eval | lr=0.00006912 | val_macro_f1=84.3459 | prototype_update=no
2026-06-21 10:05:00 | INFO | RUN_MODE=deterministic_smoke_test | dataset=PlantVillage | method=UAMP-Net | stage=loader | lr=0.00005056 | val_macro_f1=89.2502 | prototype_update=no
2026-06-21 11:22:00 | INFO | RUN_MODE=deterministic_smoke_test | dataset=PlantVillage | method=UAMP-Net | stage=train | lr=0.00008432 | val_macro_f1=86.4300 | prototype_update=yes
2026-06-21 13:55:00 | INFO | RUN_MODE=deterministic_smoke_test | dataset=PlantVillage | method=UAMP-Net | stage=eval | lr=0.00009706 | val_macro_f1=88.2296 | prototype_update=no
2026-06-21 08:49:00 | INFO | RUN_MODE=deterministic_smoke_test | dataset=PlantDoc | method=ResNet-50 | stage=loader | lr=0.00008158 | val_macro_f1=90.9482 | prototype_update=no
2026-06-21 11:34:00 | INFO | RUN_MODE=deterministic_smoke_test | dataset=PlantDoc | method=ResNet-50 | stage=train | lr=0.00008657 | val_macro_f1=90.6164 | prototype_update=no
2026-06-21 12:40:00 | INFO | RUN_MODE=deterministic_smoke_test | dataset=PlantDoc | method=ResNet-50 | stage=eval | lr=0.00008449 | val_macro_f1=85.5992 | prototype_update=no
2026-06-21 09:50:00 | INFO | RUN_MODE=deterministic_smoke_test | dataset=PlantDoc | method=EfficientNet-B3 | stage=loader | lr=0.00007280 | val_macro_f1=84.3539 | prototype_update=no
2026-06-21 10:15:00 | INFO | RUN_MODE=deterministic_smoke_test | dataset=PlantDoc | method=EfficientNet-B3 | stage=train | lr=0.00009204 | val_macro_f1=87.6827 | prototype_update=no
2026-06-21 13:31:00 | INFO | RUN_MODE=deterministic_smoke_test | dataset=PlantDoc | method=EfficientNet-B3 | stage=eval | lr=0.00007631 | val_macro_f1=86.1000 | prototype_update=no
2026-06-21 08:29:00 | INFO | RUN_MODE=deterministic_smoke_test | dataset=PlantDoc | method=ConvNeXt-Tiny | stage=loader | lr=0.00009726 | val_macro_f1=89.8568 | prototype_update=no
2026-06-21 11:53:00 | INFO | RUN_MODE=deterministic_smoke_test | dataset=PlantDoc | method=ConvNeXt-Tiny | stage=train | lr=0.00009779 | val_macro_f1=91.7624 | prototype_update=no
2026-06-21 12:20:00 | INFO | RUN_MODE=deterministic_smoke_test | dataset=PlantDoc | method=ConvNeXt-Tiny | stage=eval | lr=0.00005413 | val_macro_f1=87.7153 | prototype_update=no
2026-06-21 08:53:00 | INFO | RUN_MODE=deterministic_smoke_test | dataset=PlantDoc | method=Swin-Tiny | stage=loader | lr=0.00006386 | val_macro_f1=85.3007 | prototype_update=no
2026-06-21 10:19:00 | INFO | RUN_MODE=deterministic_smoke_test | dataset=PlantDoc | method=Swin-Tiny | stage=train | lr=0.00007918 | val_macro_f1=90.4935 | prototype_update=no
2026-06-21 13:53:00 | INFO | RUN_MODE=deterministic_smoke_test | dataset=PlantDoc | method=Swin-Tiny | stage=eval | lr=0.00009803 | val_macro_f1=84.8846 | prototype_update=no
2026-06-21 08:50:00 | INFO | RUN_MODE=deterministic_smoke_test | dataset=PlantDoc | method=ConvNeXt+ARM | stage=loader | lr=0.00007671 | val_macro_f1=90.8080 | prototype_update=no
2026-06-21 10:39:00 | INFO | RUN_MODE=deterministic_smoke_test | dataset=PlantDoc | method=ConvNeXt+ARM | stage=train | lr=0.00009024 | val_macro_f1=85.5515 | prototype_update=no
2026-06-21 12:45:00 | INFO | RUN_MODE=deterministic_smoke_test | dataset=PlantDoc | method=ConvNeXt+ARM | stage=eval | lr=0.00005827 | val_macro_f1=88.1383 | prototype_update=no
2026-06-21 09:00:00 | INFO | RUN_MODE=deterministic_smoke_test | dataset=PlantDoc | method=UAMP-Net | stage=loader | lr=0.00006645 | val_macro_f1=88.1259 | prototype_update=no
2026-06-21 10:46:00 | INFO | RUN_MODE=deterministic_smoke_test | dataset=PlantDoc | method=UAMP-Net | stage=train | lr=0.00005115 | val_macro_f1=86.0159 | prototype_update=yes
2026-06-21 12:23:00 | INFO | RUN_MODE=deterministic_smoke_test | dataset=PlantDoc | method=UAMP-Net | stage=eval | lr=0.00009304 | val_macro_f1=92.9535 | prototype_update=no
2026-06-21 09:29:00 | INFO | RUN_MODE=deterministic_smoke_test | dataset=CUB-200-2011 | method=ResNet-50 | stage=loader | lr=0.00007871 | val_macro_f1=89.7399 | prototype_update=no
2026-06-21 10:56:00 | INFO | RUN_MODE=deterministic_smoke_test | dataset=CUB-200-2011 | method=ResNet-50 | stage=train | lr=0.00009101 | val_macro_f1=91.1068 | prototype_update=no
2026-06-21 12:42:00 | INFO | RUN_MODE=deterministic_smoke_test | dataset=CUB-200-2011 | method=ResNet-50 | stage=eval | lr=0.00009180 | val_macro_f1=89.5142 | prototype_update=no
2026-06-21 08:28:00 | INFO | RUN_MODE=deterministic_smoke_test | dataset=CUB-200-2011 | method=EfficientNet-B3 | stage=loader | lr=0.00006807 | val_macro_f1=86.9161 | prototype_update=no
2026-06-21 10:57:00 | INFO | RUN_MODE=deterministic_smoke_test | dataset=CUB-200-2011 | method=EfficientNet-B3 | stage=train | lr=0.00008622 | val_macro_f1=89.5625 | prototype_update=no
2026-06-21 12:48:00 | INFO | RUN_MODE=deterministic_smoke_test | dataset=CUB-200-2011 | method=EfficientNet-B3 | stage=eval | lr=0.00006059 | val_macro_f1=84.9532 | prototype_update=no
2026-06-21 09:28:00 | INFO | RUN_MODE=deterministic_smoke_test | dataset=CUB-200-2011 | method=ConvNeXt-Tiny | stage=loader | lr=0.00008346 | val_macro_f1=87.4474 | prototype_update=no
2026-06-21 10:17:00 | INFO | RUN_MODE=deterministic_smoke_test | dataset=CUB-200-2011 | method=ConvNeXt-Tiny | stage=train | lr=0.00009017 | val_macro_f1=87.0626 | prototype_update=no
2026-06-21 12:19:00 | INFO | RUN_MODE=deterministic_smoke_test | dataset=CUB-200-2011 | method=ConvNeXt-Tiny | stage=eval | lr=0.00006477 | val_macro_f1=87.1774 | prototype_update=no
2026-06-21 10:13:00 | INFO | RUN_MODE=deterministic_smoke_test | dataset=CUB-200-2011 | method=Swin-Tiny | stage=loader | lr=0.00008308 | val_macro_f1=87.2119 | prototype_update=no
2026-06-21 10:27:00 | INFO | RUN_MODE=deterministic_smoke_test | dataset=CUB-200-2011 | method=Swin-Tiny | stage=train | lr=0.00009518 | val_macro_f1=85.2260 | prototype_update=no
2026-06-21 14:00:00 | INFO | RUN_MODE=deterministic_smoke_test | dataset=CUB-200-2011 | method=Swin-Tiny | stage=eval | lr=0.00009613 | val_macro_f1=88.5750 | prototype_update=no
2026-06-21 09:17:00 | INFO | RUN_MODE=deterministic_smoke_test | dataset=CUB-200-2011 | method=ConvNeXt+ARM | stage=loader | lr=0.00007549 | val_macro_f1=87.1503 | prototype_update=no
2026-06-21 11:58:00 | INFO | RUN_MODE=deterministic_smoke_test | dataset=CUB-200-2011 | method=ConvNeXt+ARM | stage=train | lr=0.00007035 | val_macro_f1=86.2619 | prototype_update=no
2026-06-21 12:16:00 | INFO | RUN_MODE=deterministic_smoke_test | dataset=CUB-200-2011 | method=ConvNeXt+ARM | stage=eval | lr=0.00006803 | val_macro_f1=85.3877 | prototype_update=no
2026-06-21 09:49:00 | INFO | RUN_MODE=deterministic_smoke_test | dataset=CUB-200-2011 | method=UAMP-Net | stage=loader | lr=0.00007392 | val_macro_f1=88.6698 | prototype_update=no
2026-06-21 10:59:00 | INFO | RUN_MODE=deterministic_smoke_test | dataset=CUB-200-2011 | method=UAMP-Net | stage=train | lr=0.00007702 | val_macro_f1=92.5347 | prototype_update=yes
2026-06-21 14:06:00 | INFO | RUN_MODE=deterministic_smoke_test | dataset=CUB-200-2011 | method=UAMP-Net | stage=eval | lr=0.00005134 | val_macro_f1=93.9297 | prototype_update=no
