2026-06-01 09:00:00 | INFO | RUN_MODE=deterministic_smoke_test | dataset=PlantVillage | method=ResNet-50 | stage=loader | lr=0.00005938 | val_macro_f1=89.4553 | prototype_update=no
2026-06-01 10:15:00 | INFO | RUN_MODE=deterministic_smoke_test | dataset=PlantVillage | method=ResNet-50 | stage=train | lr=0.00005452 | val_macro_f1=87.0562 | prototype_update=no
2026-06-01 13:50:00 | INFO | RUN_MODE=deterministic_smoke_test | dataset=PlantVillage | method=ResNet-50 | stage=eval | lr=0.00005191 | val_macro_f1=90.0870 | prototype_update=no
2026-06-01 08:48:00 | INFO | RUN_MODE=deterministic_smoke_test | dataset=PlantVillage | method=EfficientNet-B3 | stage=loader | lr=0.00008199 | val_macro_f1=86.2716 | prototype_update=no
2026-06-01 10:53:00 | INFO | RUN_MODE=deterministic_smoke_test | dataset=PlantVillage | method=EfficientNet-B3 | stage=train | lr=0.00006081 | val_macro_f1=88.6655 | prototype_update=no
2026-06-01 13:57:00 | INFO | RUN_MODE=deterministic_smoke_test | dataset=PlantVillage | method=EfficientNet-B3 | stage=eval | lr=0.00009020 | val_macro_f1=87.8358 | prototype_update=no
2026-06-01 09:42:00 | INFO | RUN_MODE=deterministic_smoke_test | dataset=PlantVillage | method=ConvNeXt-Tiny | stage=loader | lr=0.00008411 | val_macro_f1=89.8339 | prototype_update=no
2026-06-01 11:02:00 | INFO | RUN_MODE=deterministic_smoke_test | dataset=PlantVillage | method=ConvNeXt-Tiny | stage=train | lr=0.00008842 | val_macro_f1=91.6294 | prototype_update=no
2026-06-01 14:11:00 | INFO | RUN_MODE=deterministic_smoke_test | dataset=PlantVillage | method=ConvNeXt-Tiny | stage=eval | lr=0.00009341 | val_macro_f1=91.2400 | prototype_update=no
2026-06-01 09:34:00 | INFO | RUN_MODE=deterministic_smoke_test | dataset=PlantVillage | method=Swin-Tiny | stage=loader | lr=0.00009288 | val_macro_f1=85.1343 | prototype_update=no
2026-06-01 11:01:00 | INFO | RUN_MODE=deterministic_smoke_test | dataset=PlantVillage | method=Swin-Tiny | stage=train | lr=0.00008419 | val_macro_f1=91.1874 | prototype_update=no
2026-06-01 13:36:00 | INFO | RUN_MODE=deterministic_smoke_test | dataset=PlantVillage | method=Swin-Tiny | stage=eval | lr=0.00006033 | val_macro_f1=89.3016 | prototype_update=no
2026-06-01 08:23:00 | INFO | RUN_MODE=deterministic_smoke_test | dataset=PlantVillage | method=ConvNeXt+ARM | stage=loader | lr=0.00008309 | val_macro_f1=90.1079 | prototype_update=no
2026-06-01 11:05:00 | INFO | RUN_MODE=deterministic_smoke_test | dataset=PlantVillage | method=ConvNeXt+ARM | stage=train | lr=0.00007461 | val_macro_f1=85.5898 | prototype_update=no
2026-06-01 13:26:00 | INFO | RUN_MODE=deterministic_smoke_test | dataset=PlantVillage | method=ConvNeXt+ARM | stage=eval | lr=0.00006014 | val_macro_f1=88.6408 | prototype_update=no
2026-06-01 09:56:00 | INFO | RUN_MODE=deterministic_smoke_test | dataset=PlantVillage | method=UAMP-Net | stage=loader | lr=0.00005263 | val_macro_f1=89.9429 | prototype_update=no
2026-06-01 11:37:00 | INFO | RUN_MODE=deterministic_smoke_test | dataset=PlantVillage | method=UAMP-Net | stage=train | lr=0.00005271 | val_macro_f1=90.7327 | prototype_update=yes
2026-06-01 13:42:00 | INFO | RUN_MODE=deterministic_smoke_test | dataset=PlantVillage | method=UAMP-Net | stage=eval | lr=0.00008414 | val_macro_f1=88.4301 | prototype_update=no
2026-06-01 08:32:00 | INFO | RUN_MODE=deterministic_smoke_test | dataset=PlantDoc | method=ResNet-50 | stage=loader | lr=0.00009482 | val_macro_f1=87.3716 | prototype_update=no
2026-06-01 10:46:00 | INFO | RUN_MODE=deterministic_smoke_test | dataset=PlantDoc | method=ResNet-50 | stage=train | lr=0.00006748 | val_macro_f1=89.9214 | prototype_update=no
2026-06-01 13:10:00 | INFO | RUN_MODE=deterministic_smoke_test | dataset=PlantDoc | method=ResNet-50 | stage=eval | lr=0.00008338 | val_macro_f1=88.7072 | prototype_update=no
2026-06-01 10:07:00 | INFO | RUN_MODE=deterministic_smoke_test | dataset=PlantDoc | method=EfficientNet-B3 | stage=loader | lr=0.00008428 | val_macro_f1=90.3603 | prototype_update=no
2026-06-01 10:59:00 | INFO | RUN_MODE=deterministic_smoke_test | dataset=PlantDoc | method=EfficientNet-B3 | stage=train | lr=0.00009947 | val_macro_f1=84.7915 | prototype_update=no
2026-06-01 13:20:00 | INFO | RUN_MODE=deterministic_smoke_test | dataset=PlantDoc | method=EfficientNet-B3 | stage=eval | lr=0.00009776 | val_macro_f1=84.7935 | prototype_update=no
2026-06-01 08:49:00 | INFO | RUN_MODE=deterministic_smoke_test | dataset=PlantDoc | method=ConvNeXt-Tiny | stage=loader | lr=0.00009388 | val_macro_f1=84.3783 | prototype_update=no
2026-06-01 11:46:00 | INFO | RUN_MODE=deterministic_smoke_test | dataset=PlantDoc | method=ConvNeXt-Tiny | stage=train | lr=0.00007605 | val_macro_f1=88.5166 | prototype_update=no
2026-06-01 13:16:00 | INFO | RUN_MODE=deterministic_smoke_test | dataset=PlantDoc | method=ConvNeXt-Tiny | stage=eval | lr=0.00008409 | val_macro_f1=85.3357 | prototype_update=no
2026-06-01 09:10:00 | INFO | RUN_MODE=deterministic_smoke_test | dataset=PlantDoc | method=Swin-Tiny | stage=loader | lr=0.00006587 | val_macro_f1=84.0586 | prototype_update=no
2026-06-01 11:15:00 | INFO | RUN_MODE=deterministic_smoke_test | dataset=PlantDoc | method=Swin-Tiny | stage=train | lr=0.00006542 | val_macro_f1=89.7453 | prototype_update=no
2026-06-01 12:17:00 | INFO | RUN_MODE=deterministic_smoke_test | dataset=PlantDoc | method=Swin-Tiny | stage=eval | lr=0.00009100 | val_macro_f1=87.3295 | prototype_update=no
2026-06-01 08:15:00 | INFO | RUN_MODE=deterministic_smoke_test | dataset=PlantDoc | method=ConvNeXt+ARM | stage=loader | lr=0.00009715 | val_macro_f1=86.3048 | prototype_update=no
2026-06-01 10:17:00 | INFO | RUN_MODE=deterministic_smoke_test | dataset=PlantDoc | method=ConvNeXt+ARM | stage=train | lr=0.00009099 | val_macro_f1=88.0171 | prototype_update=no
2026-06-01 13:17:00 | INFO | RUN_MODE=deterministic_smoke_test | dataset=PlantDoc | method=ConvNeXt+ARM | stage=eval | lr=0.00007712 | val_macro_f1=88.0965 | prototype_update=no
2026-06-01 10:11:00 | INFO | RUN_MODE=deterministic_smoke_test | dataset=PlantDoc | method=UAMP-Net | stage=loader | lr=0.00007779 | val_macro_f1=88.1398 | prototype_update=no
2026-06-01 11:56:00 | INFO | RUN_MODE=deterministic_smoke_test | dataset=PlantDoc | method=UAMP-Net | stage=train | lr=0.00009172 | val_macro_f1=89.4680 | prototype_update=yes
2026-06-01 14:05:00 | INFO | RUN_MODE=deterministic_smoke_test | dataset=PlantDoc | method=UAMP-Net | stage=eval | lr=0.00009386 | val_macro_f1=86.8145 | prototype_update=no
2026-06-01 09:43:00 | INFO | RUN_MODE=deterministic_smoke_test | dataset=CUB-200-2011 | method=ResNet-50 | stage=loader | lr=0.00009899 | val_macro_f1=89.8377 | prototype_update=no
2026-06-01 11:08:00 | INFO | RUN_MODE=deterministic_smoke_test | dataset=CUB-200-2011 | method=ResNet-50 | stage=train | lr=0.00007617 | val_macro_f1=89.0902 | prototype_update=no
2026-06-01 13:57:00 | INFO | RUN_MODE=deterministic_smoke_test | dataset=CUB-200-2011 | method=ResNet-50 | stage=eval | lr=0.00009507 | val_macro_f1=87.3411 | prototype_update=no
2026-06-01 09:33:00 | INFO | RUN_MODE=deterministic_smoke_test | dataset=CUB-200-2011 | method=EfficientNet-B3 | stage=loader | lr=0.00006287 | val_macro_f1=86.6432 | prototype_update=no
2026-06-01 10:47:00 | INFO | RUN_MODE=deterministic_smoke_test | dataset=CUB-200-2011 | method=EfficientNet-B3 | stage=train | lr=0.00005759 | val_macro_f1=91.1391 | prototype_update=no
2026-06-01 13:18:00 | INFO | RUN_MODE=deterministic_smoke_test | dataset=CUB-200-2011 | method=EfficientNet-B3 | stage=eval | lr=0.00007055 | val_macro_f1=91.7458 | prototype_update=no
2026-06-01 09:03:00 | INFO | RUN_MODE=deterministic_smoke_test | dataset=CUB-200-2011 | method=ConvNeXt-Tiny | stage=loader | lr=0.00006918 | val_macro_f1=85.1570 | prototype_update=no
2026-06-01 11:21:00 | INFO | RUN_MODE=deterministic_smoke_test | dataset=CUB-200-2011 | method=ConvNeXt-Tiny | stage=train | lr=0.00009899 | val_macro_f1=89.8745 | prototype_update=no
2026-06-01 13:01:00 | INFO | RUN_MODE=deterministic_smoke_test | dataset=CUB-200-2011 | method=ConvNeXt-Tiny | stage=eval | lr=0.00006656 | val_macro_f1=89.5537 | prototype_update=no
2026-06-01 08:15:00 | INFO | RUN_MODE=deterministic_smoke_test | dataset=CUB-200-2011 | method=Swin-Tiny | stage=loader | lr=0.00007947 | val_macro_f1=88.8769 | prototype_update=no
2026-06-01 10:35:00 | INFO | RUN_MODE=deterministic_smoke_test | dataset=CUB-200-2011 | method=Swin-Tiny | stage=train | lr=0.00009671 | val_macro_f1=88.5865 | prototype_update=no
2026-06-01 12:25:00 | INFO | RUN_MODE=deterministic_smoke_test | dataset=CUB-200-2011 | method=Swin-Tiny | stage=eval | lr=0.00009089 | val_macro_f1=88.8635 | prototype_update=no
2026-06-01 09:02:00 | INFO | RUN_MODE=deterministic_smoke_test | dataset=CUB-200-2011 | method=ConvNeXt+ARM | stage=loader | lr=0.00007631 | val_macro_f1=87.6057 | prototype_update=no
2026-06-01 11:07:00 | INFO | RUN_MODE=deterministic_smoke_test | dataset=CUB-200-2011 | method=ConvNeXt+ARM | stage=train | lr=0.00005393 | val_macro_f1=84.1918 | prototype_update=no
2026-06-01 13:07:00 | INFO | RUN_MODE=deterministic_smoke_test | dataset=CUB-200-2011 | method=ConvNeXt+ARM | stage=eval | lr=0.00006576 | val_macro_f1=89.4905 | prototype_update=no
2026-06-01 09:03:00 | INFO | RUN_MODE=deterministic_smoke_test | dataset=CUB-200-2011 | method=UAMP-Net | stage=loader | lr=0.00005807 | val_macro_f1=87.0823 | prototype_update=no
2026-06-01 11:08:00 | INFO | RUN_MODE=deterministic_smoke_test | dataset=CUB-200-2011 | method=UAMP-Net | stage=train | lr=0.00007461 | val_macro_f1=89.4188 | prototype_update=yes
2026-06-01 14:11:00 | INFO | RUN_MODE=deterministic_smoke_test | dataset=CUB-200-2011 | method=UAMP-Net | stage=eval | lr=0.00006587 | val_macro_f1=88.3260 | prototype_update=no
2026-06-02 09:20:00 | INFO | RUN_MODE=deterministic_smoke_test | dataset=PlantVillage | method=ResNet-50 | stage=loader | lr=0.00008738 | val_macro_f1=90.3479 | prototype_update=no
2026-06-02 11:29:00 | INFO | RUN_MODE=deterministic_smoke_test | dataset=PlantVillage | method=ResNet-50 | stage=train | lr=0.00006611 | val_macro_f1=84.9006 | prototype_update=no
2026-06-02 12:50:00 | INFO | RUN_MODE=deterministic_smoke_test | dataset=PlantVillage | method=ResNet-50 | stage=eval | lr=0.00006161 | val_macro_f1=87.7803 | prototype_update=no
2026-06-02 08:24:00 | INFO | RUN_MODE=deterministic_smoke_test | dataset=PlantVillage | method=EfficientNet-B3 | stage=loader | lr=0.00006823 | val_macro_f1=87.5013 | prototype_update=no
2026-06-02 11:47:00 | INFO | RUN_MODE=deterministic_smoke_test | dataset=PlantVillage | method=EfficientNet-B3 | stage=train | lr=0.00009147 | val_macro_f1=90.9837 | prototype_update=no
2026-06-02 13:51:00 | INFO | RUN_MODE=deterministic_smoke_test | dataset=PlantVillage | method=EfficientNet-B3 | stage=eval | lr=0.00006981 | val_macro_f1=86.1306 | prototype_update=no
2026-06-02 09:17:00 | INFO | RUN_MODE=deterministic_smoke_test | dataset=PlantVillage | method=ConvNeXt-Tiny | stage=loader | lr=0.00009606 | val_macro_f1=86.1176 | prototype_update=no
2026-06-02 10:23:00 | INFO | RUN_MODE=deterministic_smoke_test | dataset=PlantVillage | method=ConvNeXt-Tiny | stage=train | lr=0.00007273 | val_macro_f1=85.5859 | prototype_update=no
2026-06-02 12:24:00 | INFO | RUN_MODE=deterministic_smoke_test | dataset=PlantVillage | method=ConvNeXt-Tiny | stage=eval | lr=0.00008100 | val_macro_f1=90.6150 | prototype_update=no
2026-06-02 08:56:00 | INFO | RUN_MODE=deterministic_smoke_test | dataset=PlantVillage | method=Swin-Tiny | stage=loader | lr=0.00005646 | val_macro_f1=86.2064 | prototype_update=no
2026-06-02 10:15:00 | INFO | RUN_MODE=deterministic_smoke_test | dataset=PlantVillage | method=Swin-Tiny | stage=train | lr=0.00006933 | val_macro_f1=91.1740 | prototype_update=no
2026-06-02 12:46:00 | INFO | RUN_MODE=deterministic_smoke_test | dataset=PlantVillage | method=Swin-Tiny | stage=eval | lr=0.00008309 | val_macro_f1=88.5222 | prototype_update=no
2026-06-02 09:04:00 | INFO | RUN_MODE=deterministic_smoke_test | dataset=PlantVillage | method=ConvNeXt+ARM | stage=loader | lr=0.00008284 | val_macro_f1=85.8622 | prototype_update=no
2026-06-02 11:18:00 | INFO | RUN_MODE=deterministic_smoke_test | dataset=PlantVillage | method=ConvNeXt+ARM | stage=train | lr=0.00005814 | val_macro_f1=84.3398 | prototype_update=no
2026-06-02 12:54:00 | INFO | RUN_MODE=deterministic_smoke_test | dataset=PlantVillage | method=ConvNeXt+ARM | stage=eval | lr=0.00006705 | val_macro_f1=85.2778 | prototype_update=no
2026-06-02 09:01:00 | INFO | RUN_MODE=deterministic_smoke_test | dataset=PlantVillage | method=UAMP-Net | stage=loader | lr=0.00006085 | val_macro_f1=88.7966 | prototype_update=no
2026-06-02 11:39:00 | INFO | RUN_MODE=deterministic_smoke_test | dataset=PlantVillage | method=UAMP-Net | stage=train | lr=0.00006885 | val_macro_f1=88.3049 | prototype_update=yes
2026-06-02 12:52:00 | INFO | RUN_MODE=deterministic_smoke_test | dataset=PlantVillage | method=UAMP-Net | stage=eval | lr=0.00009337 | val_macro_f1=93.2178 | prototype_update=no
2026-06-02 09:22:00 | INFO | RUN_MODE=deterministic_smoke_test | dataset=PlantDoc | method=ResNet-50 | stage=loader | lr=0.00008914 | val_macro_f1=84.9434 | prototype_update=no
2026-06-02 10:57:00 | INFO | RUN_MODE=deterministic_smoke_test | dataset=PlantDoc | method=ResNet-50 | stage=train | lr=0.00006641 | val_macro_f1=91.9539 | prototype_update=no
2026-06-02 13:42:00 | INFO | RUN_MODE=deterministic_smoke_test | dataset=PlantDoc | method=ResNet-50 | stage=eval | lr=0.00006045 | val_macro_f1=88.2131 | prototype_update=no
2026-06-02 08:34:00 | INFO | RUN_MODE=deterministic_smoke_test | dataset=PlantDoc | method=EfficientNet-B3 | stage=loader | lr=0.00008544 | val_macro_f1=84.1681 | prototype_update=no
2026-06-02 11:21:00 | INFO | RUN_MODE=deterministic_smoke_test | dataset=PlantDoc | method=EfficientNet-B3 | stage=train | lr=0.00005711 | val_macro_f1=90.4228 | prototype_update=no
2026-06-02 12:45:00 | INFO | RUN_MODE=deterministic_smoke_test | dataset=PlantDoc | method=EfficientNet-B3 | stage=eval | lr=0.00007044 | val_macro_f1=84.9353 | prototype_update=no
2026-06-02 08:16:00 | INFO | RUN_MODE=deterministic_smoke_test | dataset=PlantDoc | method=ConvNeXt-Tiny | stage=loader | lr=0.00009586 | val_macro_f1=88.3600 | prototype_update=no
2026-06-02 11:40:00 | INFO | RUN_MODE=deterministic_smoke_test | dataset=PlantDoc | method=ConvNeXt-Tiny | stage=train | lr=0.00006910 | val_macro_f1=85.3005 | prototype_update=no
2026-06-02 13:32:00 | INFO | RUN_MODE=deterministic_smoke_test | dataset=PlantDoc | method=ConvNeXt-Tiny | stage=eval | lr=0.00006378 | val_macro_f1=85.7108 | prototype_update=no
2026-06-02 08:35:00 | INFO | RUN_MODE=deterministic_smoke_test | dataset=PlantDoc | method=Swin-Tiny | stage=loader | lr=0.00008760 | val_macro_f1=87.1898 | prototype_update=no
2026-06-02 11:13:00 | INFO | RUN_MODE=deterministic_smoke_test | dataset=PlantDoc | method=Swin-Tiny | stage=train | lr=0.00006548 | val_macro_f1=84.8615 | prototype_update=no
2026-06-02 13:32:00 | INFO | RUN_MODE=deterministic_smoke_test | dataset=PlantDoc | method=Swin-Tiny | stage=eval | lr=0.00005935 | val_macro_f1=84.8103 | prototype_update=no
2026-06-02 08:34:00 | INFO | RUN_MODE=deterministic_smoke_test | dataset=PlantDoc | method=ConvNeXt+ARM | stage=loader | lr=0.00008832 | val_macro_f1=87.5158 | prototype_update=no
2026-06-02 11:28:00 | INFO | RUN_MODE=deterministic_smoke_test | dataset=PlantDoc | method=ConvNeXt+ARM | stage=train | lr=0.00008475 | val_macro_f1=89.4996 | prototype_update=no
2026-06-02 13:03:00 | INFO | RUN_MODE=deterministic_smoke_test | dataset=PlantDoc | method=ConvNeXt+ARM | stage=eval | lr=0.00009706 | val_macro_f1=85.4227 | prototype_update=no
2026-06-02 09:18:00 | INFO | RUN_MODE=deterministic_smoke_test | dataset=PlantDoc | method=UAMP-Net | stage=loader | lr=0.00009194 | val_macro_f1=91.6554 | prototype_update=no
2026-06-02 10:57:00 | INFO | RUN_MODE=deterministic_smoke_test | dataset=PlantDoc | method=UAMP-Net | stage=train | lr=0.00008228 | val_macro_f1=92.5668 | prototype_update=yes
2026-06-02 14:00:00 | INFO | RUN_MODE=deterministic_smoke_test | dataset=PlantDoc | method=UAMP-Net | stage=eval | lr=0.00006428 | val_macro_f1=86.3197 | prototype_update=no
2026-06-02 08:49:00 | INFO | RUN_MODE=deterministic_smoke_test | dataset=CUB-200-2011 | method=ResNet-50 | stage=loader | lr=0.00006937 | val_macro_f1=90.5888 | prototype_update=no
2026-06-02 10:19:00 | INFO | RUN_MODE=deterministic_smoke_test | dataset=CUB-200-2011 | method=ResNet-50 | stage=train | lr=0.00006527 | val_macro_f1=89.3282 | prototype_update=no
2026-06-02 13:28:00 | INFO | RUN_MODE=deterministic_smoke_test | dataset=CUB-200-2011 | method=ResNet-50 | stage=eval | lr=0.00006177 | val_macro_f1=84.1274 | prototype_update=no
2026-06-02 08:32:00 | INFO | RUN_MODE=deterministic_smoke_test | dataset=CUB-200-2011 | method=EfficientNet-B3 | stage=loader | lr=0.00007944 | val_macro_f1=85.6629 | prototype_update=no
2026-06-02 11:16:00 | INFO | RUN_MODE=deterministic_smoke_test | dataset=CUB-200-2011 | method=EfficientNet-B3 | stage=train | lr=0.00009441 | val_macro_f1=86.5506 | prototype_update=no
2026-06-02 12:41:00 | INFO | RUN_MODE=deterministic_smoke_test | dataset=CUB-200-2011 | method=EfficientNet-B3 | stage=eval | lr=0.00009002 | val_macro_f1=90.7072 | prototype_update=no
2026-06-02 08:33:00 | INFO | RUN_MODE=deterministic_smoke_test | dataset=CUB-200-2011 | method=ConvNeXt-Tiny | stage=loader | lr=0.00008563 | val_macro_f1=86.5291 | prototype_update=no
2026-06-02 11:54:00 | INFO | RUN_MODE=deterministic_smoke_test | dataset=CUB-200-2011 | method=ConvNeXt-Tiny | stage=train | lr=0.00008755 | val_macro_f1=85.2333 | prototype_update=no
2026-06-02 12:40:00 | INFO | RUN_MODE=deterministic_smoke_test | dataset=CUB-200-2011 | method=ConvNeXt-Tiny | stage=eval | lr=0.00005260 | val_macro_f1=90.9157 | prototype_update=no
2026-06-02 08:50:00 | INFO | RUN_MODE=deterministic_smoke_test | dataset=CUB-200-2011 | method=Swin-Tiny | stage=loader | lr=0.00005844 | val_macro_f1=84.7385 | prototype_update=no
2026-06-02 10:39:00 | INFO | RUN_MODE=deterministic_smoke_test | dataset=CUB-200-2011 | method=Swin-Tiny | stage=train | lr=0.00006244 | val_macro_f1=84.5341 | prototype_update=no
2026-06-02 14:11:00 | INFO | RUN_MODE=deterministic_smoke_test | dataset=CUB-200-2011 | method=Swin-Tiny | stage=eval | lr=0.00008735 | val_macro_f1=86.0102 | prototype_update=no
2026-06-02 09:22:00 | INFO | RUN_MODE=deterministic_smoke_test | dataset=CUB-200-2011 | method=ConvNeXt+ARM | stage=loader | lr=0.00009912 | val_macro_f1=87.0084 | prototype_update=no
2026-06-02 10:33:00 | INFO | RUN_MODE=deterministic_smoke_test | dataset=CUB-200-2011 | method=ConvNeXt+ARM | stage=train | lr=0.00008969 | val_macro_f1=85.7566 | prototype_update=no
2026-06-02 13:01:00 | INFO | RUN_MODE=deterministic_smoke_test | dataset=CUB-200-2011 | method=ConvNeXt+ARM | stage=eval | lr=0.00007393 | val_macro_f1=85.9945 | prototype_update=no
2026-06-02 10:12:00 | INFO | RUN_MODE=deterministic_smoke_test | dataset=CUB-200-2011 | method=UAMP-Net | stage=loader | lr=0.00008866 | val_macro_f1=88.2617 | prototype_update=no
2026-06-02 11:36:00 | INFO | RUN_MODE=deterministic_smoke_test | dataset=CUB-200-2011 | method=UAMP-Net | stage=train | lr=0.00008164 | val_macro_f1=87.0918 | prototype_update=yes
2026-06-02 13:25:00 | INFO | RUN_MODE=deterministic_smoke_test | dataset=CUB-200-2011 | method=UAMP-Net | stage=eval | lr=0.00006818 | val_macro_f1=92.7058 | prototype_update=no
2026-06-03 10:05:00 | INFO | RUN_MODE=deterministic_smoke_test | dataset=PlantVillage | method=ResNet-50 | stage=loader | lr=0.00009788 | val_macro_f1=88.8627 | prototype_update=no
2026-06-03 10:29:00 | INFO | RUN_MODE=deterministic_smoke_test | dataset=PlantVillage | method=ResNet-50 | stage=train | lr=0.00008968 | val_macro_f1=91.5369 | prototype_update=no
2026-06-03 13:45:00 | INFO | RUN_MODE=deterministic_smoke_test | dataset=PlantVillage | method=ResNet-50 | stage=eval | lr=0.00007056 | val_macro_f1=89.0702 | prototype_update=no
2026-06-03 09:22:00 | INFO | RUN_MODE=deterministic_smoke_test | dataset=PlantVillage | method=EfficientNet-B3 | stage=loader | lr=0.00008729 | val_macro_f1=88.2025 | prototype_update=no
2026-06-03 11:18:00 | INFO | RUN_MODE=deterministic_smoke_test | dataset=PlantVillage | method=EfficientNet-B3 | stage=train | lr=0.00008683 | val_macro_f1=90.7608 | prototype_update=no
2026-06-03 13:51:00 | INFO | RUN_MODE=deterministic_smoke_test | dataset=PlantVillage | method=EfficientNet-B3 | stage=eval | lr=0.00008673 | val_macro_f1=86.2356 | prototype_update=no
2026-06-03 09:55:00 | INFO | RUN_MODE=deterministic_smoke_test | dataset=PlantVillage | method=ConvNeXt-Tiny | stage=loader | lr=0.00007516 | val_macro_f1=89.3514 | prototype_update=no
2026-06-03 11:00:00 | INFO | RUN_MODE=deterministic_smoke_test | dataset=PlantVillage | method=ConvNeXt-Tiny | stage=train | lr=0.00006299 | val_macro_f1=85.5189 | prototype_update=no
2026-06-03 13:45:00 | INFO | RUN_MODE=deterministic_smoke_test | dataset=PlantVillage | method=ConvNeXt-Tiny | stage=eval | lr=0.00008411 | val_macro_f1=90.5607 | prototype_update=no
2026-06-03 09:58:00 | INFO | RUN_MODE=deterministic_smoke_test | dataset=PlantVillage | method=Swin-Tiny | stage=loader | lr=0.00007579 | val_macro_f1=87.9282 | prototype_update=no
2026-06-03 11:01:00 | INFO | RUN_MODE=deterministic_smoke_test | dataset=PlantVillage | method=Swin-Tiny | stage=train | lr=0.00007550 | val_macro_f1=84.2166 | prototype_update=no
2026-06-03 13:56:00 | INFO | RUN_MODE=deterministic_smoke_test | dataset=PlantVillage | method=Swin-Tiny | stage=eval | lr=0.00005388 | val_macro_f1=90.7720 | prototype_update=no
2026-06-03 09:55:00 | INFO | RUN_MODE=deterministic_smoke_test | dataset=PlantVillage | method=ConvNeXt+ARM | stage=loader | lr=0.00008369 | val_macro_f1=84.5358 | prototype_update=no
2026-06-03 11:08:00 | INFO | RUN_MODE=deterministic_smoke_test | dataset=PlantVillage | method=ConvNeXt+ARM | stage=train | lr=0.00006937 | val_macro_f1=87.5279 | prototype_update=no
2026-06-03 14:10:00 | INFO | RUN_MODE=deterministic_smoke_test | dataset=PlantVillage | method=ConvNeXt+ARM | stage=eval | lr=0.00005321 | val_macro_f1=84.9691 | prototype_update=no
2026-06-03 09:13:00 | INFO | RUN_MODE=deterministic_smoke_test | dataset=PlantVillage | method=UAMP-Net | stage=loader | lr=0.00009812 | val_macro_f1=86.4643 | prototype_update=no
2026-06-03 12:05:00 | INFO | RUN_MODE=deterministic_smoke_test | dataset=PlantVillage | method=UAMP-Net | stage=train | lr=0.00005557 | val_macro_f1=90.0454 | prototype_update=yes
2026-06-03 13:47:00 | INFO | RUN_MODE=deterministic_smoke_test | dataset=PlantVillage | method=UAMP-Net | stage=eval | lr=0.00007536 | val_macro_f1=92.4414 | prototype_update=no
2026-06-03 09:54:00 | INFO | RUN_MODE=deterministic_smoke_test | dataset=PlantDoc | method=ResNet-50 | stage=loader | lr=0.00008839 | val_macro_f1=84.0444 | prototype_update=no
2026-06-03 11:04:00 | INFO | RUN_MODE=deterministic_smoke_test | dataset=PlantDoc | method=ResNet-50 | stage=train | lr=0.00006077 | val_macro_f1=85.7843 | prototype_update=no
2026-06-03 13:32:00 | INFO | RUN_MODE=deterministic_smoke_test | dataset=PlantDoc | method=ResNet-50 | stage=eval | lr=0.00006976 | val_macro_f1=90.4584 | prototype_update=no
2026-06-03 10:06:00 | INFO | RUN_MODE=deterministic_smoke_test | dataset=PlantDoc | method=EfficientNet-B3 | stage=loader | lr=0.00007144 | val_macro_f1=89.6441 | prototype_update=no
2026-06-03 11:17:00 | INFO | RUN_MODE=deterministic_smoke_test | dataset=PlantDoc | method=EfficientNet-B3 | stage=train | lr=0.00009948 | val_macro_f1=84.7790 | prototype_update=no
2026-06-03 13:15:00 | INFO | RUN_MODE=deterministic_smoke_test | dataset=PlantDoc | method=EfficientNet-B3 | stage=eval | lr=0.00009852 | val_macro_f1=87.3770 | prototype_update=no
2026-06-03 08:41:00 | INFO | RUN_MODE=deterministic_smoke_test | dataset=PlantDoc | method=ConvNeXt-Tiny | stage=loader | lr=0.00007089 | val_macro_f1=89.8039 | prototype_update=no
2026-06-03 11:53:00 | INFO | RUN_MODE=deterministic_smoke_test | dataset=PlantDoc | method=ConvNeXt-Tiny | stage=train | lr=0.00009354 | val_macro_f1=84.3098 | prototype_update=no
2026-06-03 14:02:00 | INFO | RUN_MODE=deterministic_smoke_test | dataset=PlantDoc | method=ConvNeXt-Tiny | stage=eval | lr=0.00005763 | val_macro_f1=87.8217 | prototype_update=no
2026-06-03 09:12:00 | INFO | RUN_MODE=deterministic_smoke_test | dataset=PlantDoc | method=Swin-Tiny | stage=loader | lr=0.00007314 | val_macro_f1=91.6231 | prototype_update=no
2026-06-03 11:24:00 | INFO | RUN_MODE=deterministic_smoke_test | dataset=PlantDoc | method=Swin-Tiny | stage=train | lr=0.00009873 | val_macro_f1=89.6204 | prototype_update=no
2026-06-03 12:59:00 | INFO | RUN_MODE=deterministic_smoke_test | dataset=PlantDoc | method=Swin-Tiny | stage=eval | lr=0.00009803 | val_macro_f1=86.5315 | prototype_update=no
2026-06-03 08:16:00 | INFO | RUN_MODE=deterministic_smoke_test | dataset=PlantDoc | method=ConvNeXt+ARM | stage=loader | lr=0.00006715 | val_macro_f1=87.5190 | prototype_update=no
2026-06-03 10:22:00 | INFO | RUN_MODE=deterministic_smoke_test | dataset=PlantDoc | method=ConvNeXt+ARM | stage=train | lr=0.00009468 | val_macro_f1=91.4360 | prototype_update=no
2026-06-03 13:08:00 | INFO | RUN_MODE=deterministic_smoke_test | dataset=PlantDoc | method=ConvNeXt+ARM | stage=eval | lr=0.00005325 | val_macro_f1=91.4672 | prototype_update=no
2026-06-03 09:18:00 | INFO | RUN_MODE=deterministic_smoke_test | dataset=PlantDoc | method=UAMP-Net | stage=loader | lr=0.00005235 | val_macro_f1=90.9651 | prototype_update=no
2026-06-03 10:52:00 | INFO | RUN_MODE=deterministic_smoke_test | dataset=PlantDoc | method=UAMP-Net | stage=train | lr=0.00005822 | val_macro_f1=88.7141 | prototype_update=yes
2026-06-03 14:10:00 | INFO | RUN_MODE=deterministic_smoke_test | dataset=PlantDoc | method=UAMP-Net | stage=eval | lr=0.00007033 | val_macro_f1=93.1605 | prototype_update=no
2026-06-03 10:13:00 | INFO | RUN_MODE=deterministic_smoke_test | dataset=CUB-200-2011 | method=ResNet-50 | stage=loader | lr=0.00005806 | val_macro_f1=86.1520 | prototype_update=no
2026-06-03 11:45:00 | INFO | RUN_MODE=deterministic_smoke_test | dataset=CUB-200-2011 | method=ResNet-50 | stage=train | lr=0.00008823 | val_macro_f1=84.6584 | prototype_update=no
2026-06-03 12:46:00 | INFO | RUN_MODE=deterministic_smoke_test | dataset=CUB-200-2011 | method=ResNet-50 | stage=eval | lr=0.00005233 | val_macro_f1=85.9869 | prototype_update=no
2026-06-03 09:42:00 | INFO | RUN_MODE=deterministic_smoke_test | dataset=CUB-200-2011 | method=EfficientNet-B3 | stage=loader | lr=0.00008995 | val_macro_f1=87.7910 | prototype_update=no
2026-06-03 11:20:00 | INFO | RUN_MODE=deterministic_smoke_test | dataset=CUB-200-2011 | method=EfficientNet-B3 | stage=train | lr=0.00007099 | val_macro_f1=90.4707 | prototype_update=no
2026-06-03 14:08:00 | INFO | RUN_MODE=deterministic_smoke_test | dataset=CUB-200-2011 | method=EfficientNet-B3 | stage=eval | lr=0.00008903 | val_macro_f1=90.3204 | prototype_update=no
2026-06-03 08:27:00 | INFO | RUN_MODE=deterministic_smoke_test | dataset=CUB-200-2011 | method=ConvNeXt-Tiny | stage=loader | lr=0.00009017 | val_macro_f1=89.6526 | prototype_update=no
2026-06-03 11:04:00 | INFO | RUN_MODE=deterministic_smoke_test | dataset=CUB-200-2011 | method=ConvNeXt-Tiny | stage=train | lr=0.00009431 | val_macro_f1=90.3514 | prototype_update=no
2026-06-03 12:52:00 | INFO | RUN_MODE=deterministic_smoke_test | dataset=CUB-200-2011 | method=ConvNeXt-Tiny | stage=eval | lr=0.00009061 | val_macro_f1=88.6357 | prototype_update=no
2026-06-03 09:07:00 | INFO | RUN_MODE=deterministic_smoke_test | dataset=CUB-200-2011 | method=Swin-Tiny | stage=loader | lr=0.00008471 | val_macro_f1=84.5700 | prototype_update=no
2026-06-03 10:38:00 | INFO | RUN_MODE=deterministic_smoke_test | dataset=CUB-200-2011 | method=Swin-Tiny | stage=train | lr=0.00008244 | val_macro_f1=90.9347 | prototype_update=no
2026-06-03 12:43:00 | INFO | RUN_MODE=deterministic_smoke_test | dataset=CUB-200-2011 | method=Swin-Tiny | stage=eval | lr=0.00007344 | val_macro_f1=89.7932 | prototype_update=no
2026-06-03 08:48:00 | INFO | RUN_MODE=deterministic_smoke_test | dataset=CUB-200-2011 | method=ConvNeXt+ARM | stage=loader | lr=0.00009903 | val_macro_f1=87.4678 | prototype_update=no
2026-06-03 10:57:00 | INFO | RUN_MODE=deterministic_smoke_test | dataset=CUB-200-2011 | method=ConvNeXt+ARM | stage=train | lr=0.00005993 | val_macro_f1=87.5411 | prototype_update=no
2026-06-03 12:31:00 | INFO | RUN_MODE=deterministic_smoke_test | dataset=CUB-200-2011 | method=ConvNeXt+ARM | stage=eval | lr=0.00009678 | val_macro_f1=86.2445 | prototype_update=no
2026-06-03 09:30:00 | INFO | RUN_MODE=deterministic_smoke_test | dataset=CUB-200-2011 | method=UAMP-Net | stage=loader | lr=0.00006235 | val_macro_f1=92.6812 | prototype_update=no
2026-06-03 10:45:00 | INFO | RUN_MODE=deterministic_smoke_test | dataset=CUB-200-2011 | method=UAMP-Net | stage=train | lr=0.00007970 | val_macro_f1=89.8292 | prototype_update=yes
2026-06-03 13:44:00 | INFO | RUN_MODE=deterministic_smoke_test | dataset=CUB-200-2011 | method=UAMP-Net | stage=eval | lr=0.00006721 | val_macro_f1=90.6939 | prototype_update=no
2026-06-04 08:50:00 | INFO | RUN_MODE=deterministic_smoke_test | dataset=PlantVillage | method=ResNet-50 | stage=loader | lr=0.00008300 | val_macro_f1=84.7549 | prototype_update=no
2026-06-04 10:23:00 | INFO | RUN_MODE=deterministic_smoke_test | dataset=PlantVillage | method=ResNet-50 | stage=train | lr=0.00008157 | val_macro_f1=89.7490 | prototype_update=no
2026-06-04 12:22:00 | INFO | RUN_MODE=deterministic_smoke_test | dataset=PlantVillage | method=ResNet-50 | stage=eval | lr=0.00009637 | val_macro_f1=85.7773 | prototype_update=no
2026-06-04 08:47:00 | INFO | RUN_MODE=deterministic_smoke_test | dataset=PlantVillage | method=EfficientNet-B3 | stage=loader | lr=0.00007940 | val_macro_f1=88.5597 | prototype_update=no
2026-06-04 10:50:00 | INFO | RUN_MODE=deterministic_smoke_test | dataset=PlantVillage | method=EfficientNet-B3 | stage=train | lr=0.00009348 | val_macro_f1=88.4674 | prototype_update=no
2026-06-04 12:53:00 | INFO | RUN_MODE=deterministic_smoke_test | dataset=PlantVillage | method=EfficientNet-B3 | stage=eval | lr=0.00008999 | val_macro_f1=86.4718 | prototype_update=no
2026-06-04 08:59:00 | INFO | RUN_MODE=deterministic_smoke_test | dataset=PlantVillage | method=ConvNeXt-Tiny | stage=loader | lr=0.00006372 | val_macro_f1=85.1730 | prototype_update=no
2026-06-04 11:58:00 | INFO | RUN_MODE=deterministic_smoke_test | dataset=PlantVillage | method=ConvNeXt-Tiny | stage=train | lr=0.00006237 | val_macro_f1=86.1726 | prototype_update=no
2026-06-04 13:03:00 | INFO | RUN_MODE=deterministic_smoke_test | dataset=PlantVillage | method=ConvNeXt-Tiny | stage=eval | lr=0.00009068 | val_macro_f1=88.9252 | prototype_update=no
2026-06-04 08:42:00 | INFO | RUN_MODE=deterministic_smoke_test | dataset=PlantVillage | method=Swin-Tiny | stage=loader | lr=0.00005061 | val_macro_f1=90.7274 | prototype_update=no
2026-06-04 11:47:00 | INFO | RUN_MODE=deterministic_smoke_test | dataset=PlantVillage | method=Swin-Tiny | stage=train | lr=0.00008512 | val_macro_f1=90.5273 | prototype_update=no
2026-06-04 13:58:00 | INFO | RUN_MODE=deterministic_smoke_test | dataset=PlantVillage | method=Swin-Tiny | stage=eval | lr=0.00007376 | val_macro_f1=90.4839 | prototype_update=no
2026-06-04 08:18:00 | INFO | RUN_MODE=deterministic_smoke_test | dataset=PlantVillage | method=ConvNeXt+ARM | stage=loader | lr=0.00005215 | val_macro_f1=89.4363 | prototype_update=no
2026-06-04 11:43:00 | INFO | RUN_MODE=deterministic_smoke_test | dataset=PlantVillage | method=ConvNeXt+ARM | stage=train | lr=0.00007916 | val_macro_f1=88.5412 | prototype_update=no
2026-06-04 13:13:00 | INFO | RUN_MODE=deterministic_smoke_test | dataset=PlantVillage | method=ConvNeXt+ARM | stage=eval | lr=0.00005215 | val_macro_f1=88.1655 | prototype_update=no
2026-06-04 08:15:00 | INFO | RUN_MODE=deterministic_smoke_test | dataset=PlantVillage | method=UAMP-Net | stage=loader | lr=0.00006235 | val_macro_f1=87.1095 | prototype_update=no
2026-06-04 10:39:00 | INFO | RUN_MODE=deterministic_smoke_test | dataset=PlantVillage | method=UAMP-Net | stage=train | lr=0.00006130 | val_macro_f1=87.9761 | prototype_update=yes
2026-06-04 13:02:00 | INFO | RUN_MODE=deterministic_smoke_test | dataset=PlantVillage | method=UAMP-Net | stage=eval | lr=0.00005276 | val_macro_f1=87.6178 | prototype_update=no
2026-06-04 09:28:00 | INFO | RUN_MODE=deterministic_smoke_test | dataset=PlantDoc | method=ResNet-50 | stage=loader | lr=0.00008944 | val_macro_f1=84.3098 | prototype_update=no
2026-06-04 12:08:00 | INFO | RUN_MODE=deterministic_smoke_test | dataset=PlantDoc | method=ResNet-50 | stage=train | lr=0.00007680 | val_macro_f1=87.7293 | prototype_update=no
2026-06-04 12:47:00 | INFO | RUN_MODE=deterministic_smoke_test | dataset=PlantDoc | method=ResNet-50 | stage=eval | lr=0.00008501 | val_macro_f1=90.5926 | prototype_update=no
2026-06-04 08:34:00 | INFO | RUN_MODE=deterministic_smoke_test | dataset=PlantDoc | method=EfficientNet-B3 | stage=loader | lr=0.00005082 | val_macro_f1=91.4756 | prototype_update=no
2026-06-04 10:31:00 | INFO | RUN_MODE=deterministic_smoke_test | dataset=PlantDoc | method=EfficientNet-B3 | stage=train | lr=0.00007041 | val_macro_f1=88.4242 | prototype_update=no
2026-06-04 12:16:00 | INFO | RUN_MODE=deterministic_smoke_test | dataset=PlantDoc | method=EfficientNet-B3 | stage=eval | lr=0.00009061 | val_macro_f1=90.9681 | prototype_update=no
2026-06-04 09:59:00 | INFO | RUN_MODE=deterministic_smoke_test | dataset=PlantDoc | method=ConvNeXt-Tiny | stage=loader | lr=0.00009880 | val_macro_f1=89.0082 | prototype_update=no
2026-06-04 11:56:00 | INFO | RUN_MODE=deterministic_smoke_test | dataset=PlantDoc | method=ConvNeXt-Tiny | stage=train | lr=0.00009751 | val_macro_f1=90.4113 | prototype_update=no
2026-06-04 13:05:00 | INFO | RUN_MODE=deterministic_smoke_test | dataset=PlantDoc | method=ConvNeXt-Tiny | stage=eval | lr=0.00005300 | val_macro_f1=84.9256 | prototype_update=no
2026-06-04 08:48:00 | INFO | RUN_MODE=deterministic_smoke_test | dataset=PlantDoc | method=Swin-Tiny | stage=loader | lr=0.00009809 | val_macro_f1=89.7036 | prototype_update=no
2026-06-04 11:42:00 | INFO | RUN_MODE=deterministic_smoke_test | dataset=PlantDoc | method=Swin-Tiny | stage=train | lr=0.00006569 | val_macro_f1=90.6784 | prototype_update=no
2026-06-04 12:51:00 | INFO | RUN_MODE=deterministic_smoke_test | dataset=PlantDoc | method=Swin-Tiny | stage=eval | lr=0.00007946 | val_macro_f1=87.3474 | prototype_update=no
2026-06-04 08:54:00 | INFO | RUN_MODE=deterministic_smoke_test | dataset=PlantDoc | method=ConvNeXt+ARM | stage=loader | lr=0.00008661 | val_macro_f1=85.1449 | prototype_update=no
2026-06-04 11:49:00 | INFO | RUN_MODE=deterministic_smoke_test | dataset=PlantDoc | method=ConvNeXt+ARM | stage=train | lr=0.00008806 | val_macro_f1=86.4807 | prototype_update=no
2026-06-04 12:53:00 | INFO | RUN_MODE=deterministic_smoke_test | dataset=PlantDoc | method=ConvNeXt+ARM | stage=eval | lr=0.00008939 | val_macro_f1=91.4935 | prototype_update=no
2026-06-04 10:00:00 | INFO | RUN_MODE=deterministic_smoke_test | dataset=PlantDoc | method=UAMP-Net | stage=loader | lr=0.00005651 | val_macro_f1=87.3088 | prototype_update=no
2026-06-04 11:11:00 | INFO | RUN_MODE=deterministic_smoke_test | dataset=PlantDoc | method=UAMP-Net | stage=train | lr=0.00006554 | val_macro_f1=93.7543 | prototype_update=yes
2026-06-04 13:55:00 | INFO | RUN_MODE=deterministic_smoke_test | dataset=PlantDoc | method=UAMP-Net | stage=eval | lr=0.00009005 | val_macro_f1=87.4065 | prototype_update=no
2026-06-04 08:42:00 | INFO | RUN_MODE=deterministic_smoke_test | dataset=CUB-200-2011 | method=ResNet-50 | stage=loader | lr=0.00006727 | val_macro_f1=84.5392 | prototype_update=no
2026-06-04 11:19:00 | INFO | RUN_MODE=deterministic_smoke_test | dataset=CUB-200-2011 | method=ResNet-50 | stage=train | lr=0.00006191 | val_macro_f1=90.1980 | prototype_update=no
2026-06-04 13:56:00 | INFO | RUN_MODE=deterministic_smoke_test | dataset=CUB-200-2011 | method=ResNet-50 | stage=eval | lr=0.00009634 | val_macro_f1=84.0711 | prototype_update=no
2026-06-04 08:59:00 | INFO | RUN_MODE=deterministic_smoke_test | dataset=CUB-200-2011 | method=EfficientNet-B3 | stage=loader | lr=0.00005391 | val_macro_f1=90.6627 | prototype_update=no
2026-06-04 10:47:00 | INFO | RUN_MODE=deterministic_smoke_test | dataset=CUB-200-2011 | method=EfficientNet-B3 | stage=train | lr=0.00005285 | val_macro_f1=84.7044 | prototype_update=no
2026-06-04 12:33:00 | INFO | RUN_MODE=deterministic_smoke_test | dataset=CUB-200-2011 | method=EfficientNet-B3 | stage=eval | lr=0.00005184 | val_macro_f1=90.2945 | prototype_update=no
2026-06-04 10:06:00 | INFO | RUN_MODE=deterministic_smoke_test | dataset=CUB-200-2011 | method=ConvNeXt-Tiny | stage=loader | lr=0.00009863 | val_macro_f1=91.1674 | prototype_update=no
2026-06-04 10:48:00 | INFO | RUN_MODE=deterministic_smoke_test | dataset=CUB-200-2011 | method=ConvNeXt-Tiny | stage=train | lr=0.00005991 | val_macro_f1=85.4480 | prototype_update=no
2026-06-04 12:21:00 | INFO | RUN_MODE=deterministic_smoke_test | dataset=CUB-200-2011 | method=ConvNeXt-Tiny | stage=eval | lr=0.00006191 | val_macro_f1=90.4796 | prototype_update=no
2026-06-04 08:15:00 | INFO | RUN_MODE=deterministic_smoke_test | dataset=CUB-200-2011 | method=Swin-Tiny | stage=loader | lr=0.00007095 | val_macro_f1=90.6653 | prototype_update=no
2026-06-04 10:15:00 | INFO | RUN_MODE=deterministic_smoke_test | dataset=CUB-200-2011 | method=Swin-Tiny | stage=train | lr=0.00007968 | val_macro_f1=90.8465 | prototype_update=no
2026-06-04 12:47:00 | INFO | RUN_MODE=deterministic_smoke_test | dataset=CUB-200-2011 | method=Swin-Tiny | stage=eval | lr=0.00006409 | val_macro_f1=87.1379 | prototype_update=no
2026-06-04 10:09:00 | INFO | RUN_MODE=deterministic_smoke_test | dataset=CUB-200-2011 | method=ConvNeXt+ARM | stage=loader | lr=0.00007794 | val_macro_f1=85.4535 | prototype_update=no
2026-06-04 11:36:00 | INFO | RUN_MODE=deterministic_smoke_test | dataset=CUB-200-2011 | method=ConvNeXt+ARM | stage=train | lr=0.00005650 | val_macro_f1=86.9720 | prototype_update=no
2026-06-04 14:07:00 | INFO | RUN_MODE=deterministic_smoke_test | dataset=CUB-200-2011 | method=ConvNeXt+ARM | stage=eval | lr=0.00005060 | val_macro_f1=85.1497 | prototype_update=no
2026-06-04 09:19:00 | INFO | RUN_MODE=deterministic_smoke_test | dataset=CUB-200-2011 | method=UAMP-Net | stage=loader | lr=0.00007020 | val_macro_f1=88.5600 | prototype_update=no
2026-06-04 10:44:00 | INFO | RUN_MODE=deterministic_smoke_test | dataset=CUB-200-2011 | method=UAMP-Net | stage=train | lr=0.00007010 | val_macro_f1=90.0957 | prototype_update=yes
2026-06-04 13:07:00 | INFO | RUN_MODE=deterministic_smoke_test | dataset=CUB-200-2011 | method=UAMP-Net | stage=eval | lr=0.00007576 | val_macro_f1=92.6054 | prototype_update=no
2026-06-05 08:33:00 | INFO | RUN_MODE=deterministic_smoke_test | dataset=PlantVillage | method=ResNet-50 | stage=loader | lr=0.00006442 | val_macro_f1=91.6796 | prototype_update=no
2026-06-05 11:10:00 | INFO | RUN_MODE=deterministic_smoke_test | dataset=PlantVillage | method=ResNet-50 | stage=train | lr=0.00006878 | val_macro_f1=84.7284 | prototype_update=no
2026-06-05 13:33:00 | INFO | RUN_MODE=deterministic_smoke_test | dataset=PlantVillage | method=ResNet-50 | stage=eval | lr=0.00005079 | val_macro_f1=86.7567 | prototype_update=no
2026-06-05 09:13:00 | INFO | RUN_MODE=deterministic_smoke_test | dataset=PlantVillage | method=EfficientNet-B3 | stage=loader | lr=0.00006568 | val_macro_f1=89.7068 | prototype_update=no
2026-06-05 12:12:00 | INFO | RUN_MODE=deterministic_smoke_test | dataset=PlantVillage | method=EfficientNet-B3 | stage=train | lr=0.00005011 | val_macro_f1=88.7328 | prototype_update=no
2026-06-05 12:38:00 | INFO | RUN_MODE=deterministic_smoke_test | dataset=PlantVillage | method=EfficientNet-B3 | stage=eval | lr=0.00008937 | val_macro_f1=87.3992 | prototype_update=no
2026-06-05 09:19:00 | INFO | RUN_MODE=deterministic_smoke_test | dataset=PlantVillage | method=ConvNeXt-Tiny | stage=loader | lr=0.00008604 | val_macro_f1=89.4361 | prototype_update=no
2026-06-05 10:40:00 | INFO | RUN_MODE=deterministic_smoke_test | dataset=PlantVillage | method=ConvNeXt-Tiny | stage=train | lr=0.00009347 | val_macro_f1=88.0654 | prototype_update=no
2026-06-05 12:54:00 | INFO | RUN_MODE=deterministic_smoke_test | dataset=PlantVillage | method=ConvNeXt-Tiny | stage=eval | lr=0.00009059 | val_macro_f1=85.2764 | prototype_update=no
2026-06-05 09:38:00 | INFO | RUN_MODE=deterministic_smoke_test | dataset=PlantVillage | method=Swin-Tiny | stage=loader | lr=0.00007137 | val_macro_f1=88.2374 | prototype_update=no
2026-06-05 11:59:00 | INFO | RUN_MODE=deterministic_smoke_test | dataset=PlantVillage | method=Swin-Tiny | stage=train | lr=0.00008444 | val_macro_f1=84.5780 | prototype_update=no
2026-06-05 13:18:00 | INFO | RUN_MODE=deterministic_smoke_test | dataset=PlantVillage | method=Swin-Tiny | stage=eval | lr=0.00006391 | val_macro_f1=84.8294 | prototype_update=no
2026-06-05 09:42:00 | INFO | RUN_MODE=deterministic_smoke_test | dataset=PlantVillage | method=ConvNeXt+ARM | stage=loader | lr=0.00009817 | val_macro_f1=87.7119 | prototype_update=no
2026-06-05 11:45:00 | INFO | RUN_MODE=deterministic_smoke_test | dataset=PlantVillage | method=ConvNeXt+ARM | stage=train | lr=0.00008367 | val_macro_f1=89.3989 | prototype_update=no
2026-06-05 13:17:00 | INFO | RUN_MODE=deterministic_smoke_test | dataset=PlantVillage | method=ConvNeXt+ARM | stage=eval | lr=0.00005291 | val_macro_f1=84.5406 | prototype_update=no
2026-06-05 09:40:00 | INFO | RUN_MODE=deterministic_smoke_test | dataset=PlantVillage | method=UAMP-Net | stage=loader | lr=0.00006458 | val_macro_f1=92.1144 | prototype_update=no
2026-06-05 10:39:00 | INFO | RUN_MODE=deterministic_smoke_test | dataset=PlantVillage | method=UAMP-Net | stage=train | lr=0.00006885 | val_macro_f1=90.0680 | prototype_update=yes
2026-06-05 13:09:00 | INFO | RUN_MODE=deterministic_smoke_test | dataset=PlantVillage | method=UAMP-Net | stage=eval | lr=0.00009492 | val_macro_f1=87.6598 | prototype_update=no
2026-06-05 09:57:00 | INFO | RUN_MODE=deterministic_smoke_test | dataset=PlantDoc | method=ResNet-50 | stage=loader | lr=0.00008934 | val_macro_f1=86.8630 | prototype_update=no
2026-06-05 10:59:00 | INFO | RUN_MODE=deterministic_smoke_test | dataset=PlantDoc | method=ResNet-50 | stage=train | lr=0.00009730 | val_macro_f1=86.2637 | prototype_update=no
2026-06-05 13:29:00 | INFO | RUN_MODE=deterministic_smoke_test | dataset=PlantDoc | method=ResNet-50 | stage=eval | lr=0.00009225 | val_macro_f1=84.2943 | prototype_update=no
2026-06-05 08:22:00 | INFO | RUN_MODE=deterministic_smoke_test | dataset=PlantDoc | method=EfficientNet-B3 | stage=loader | lr=0.00007751 | val_macro_f1=85.7821 | prototype_update=no
2026-06-05 11:05:00 | INFO | RUN_MODE=deterministic_smoke_test | dataset=PlantDoc | method=EfficientNet-B3 | stage=train | lr=0.00005836 | val_macro_f1=84.4160 | prototype_update=no
2026-06-05 12:16:00 | INFO | RUN_MODE=deterministic_smoke_test | dataset=PlantDoc | method=EfficientNet-B3 | stage=eval | lr=0.00005326 | val_macro_f1=91.8613 | prototype_update=no
2026-06-05 08:53:00 | INFO | RUN_MODE=deterministic_smoke_test | dataset=PlantDoc | method=ConvNeXt-Tiny | stage=loader | lr=0.00009241 | val_macro_f1=84.7022 | prototype_update=no
2026-06-05 12:01:00 | INFO | RUN_MODE=deterministic_smoke_test | dataset=PlantDoc | method=ConvNeXt-Tiny | stage=train | lr=0.00005780 | val_macro_f1=86.8536 | prototype_update=no
2026-06-05 13:38:00 | INFO | RUN_MODE=deterministic_smoke_test | dataset=PlantDoc | method=ConvNeXt-Tiny | stage=eval | lr=0.00007640 | val_macro_f1=85.8065 | prototype_update=no
2026-06-05 09:18:00 | INFO | RUN_MODE=deterministic_smoke_test | dataset=PlantDoc | method=Swin-Tiny | stage=loader | lr=0.00007281 | val_macro_f1=86.7828 | prototype_update=no
2026-06-05 11:12:00 | INFO | RUN_MODE=deterministic_smoke_test | dataset=PlantDoc | method=Swin-Tiny | stage=train | lr=0.00009329 | val_macro_f1=87.9387 | prototype_update=no
2026-06-05 14:06:00 | INFO | RUN_MODE=deterministic_smoke_test | dataset=PlantDoc | method=Swin-Tiny | stage=eval | lr=0.00007604 | val_macro_f1=85.3511 | prototype_update=no
2026-06-05 09:05:00 | INFO | RUN_MODE=deterministic_smoke_test | dataset=PlantDoc | method=ConvNeXt+ARM | stage=loader | lr=0.00007542 | val_macro_f1=84.8935 | prototype_update=no
2026-06-05 10:17:00 | INFO | RUN_MODE=deterministic_smoke_test | dataset=PlantDoc | method=ConvNeXt+ARM | stage=train | lr=0.00008473 | val_macro_f1=86.6030 | prototype_update=no
2026-06-05 12:37:00 | INFO | RUN_MODE=deterministic_smoke_test | dataset=PlantDoc | method=ConvNeXt+ARM | stage=eval | lr=0.00007570 | val_macro_f1=85.3048 | prototype_update=no
2026-06-05 08:56:00 | INFO | RUN_MODE=deterministic_smoke_test | dataset=PlantDoc | method=UAMP-Net | stage=loader | lr=0.00009977 | val_macro_f1=92.4843 | prototype_update=no
2026-06-05 11:50:00 | INFO | RUN_MODE=deterministic_smoke_test | dataset=PlantDoc | method=UAMP-Net | stage=train | lr=0.00008182 | val_macro_f1=93.2295 | prototype_update=yes
2026-06-05 13:21:00 | INFO | RUN_MODE=deterministic_smoke_test | dataset=PlantDoc | method=UAMP-Net | stage=eval | lr=0.00005146 | val_macro_f1=92.9716 | prototype_update=no
2026-06-05 08:58:00 | INFO | RUN_MODE=deterministic_smoke_test | dataset=CUB-200-2011 | method=ResNet-50 | stage=loader | lr=0.00006219 | val_macro_f1=87.2635 | prototype_update=no
2026-06-05 12:03:00 | INFO | RUN_MODE=deterministic_smoke_test | dataset=CUB-200-2011 | method=ResNet-50 | stage=train | lr=0.00006811 | val_macro_f1=90.0606 | prototype_update=no
2026-06-05 14:01:00 | INFO | RUN_MODE=deterministic_smoke_test | dataset=CUB-200-2011 | method=ResNet-50 | stage=eval | lr=0.00008288 | val_macro_f1=86.6773 | prototype_update=no
2026-06-05 09:31:00 | INFO | RUN_MODE=deterministic_smoke_test | dataset=CUB-200-2011 | method=EfficientNet-B3 | stage=loader | lr=0.00009443 | val_macro_f1=88.5995 | prototype_update=no
2026-06-05 12:13:00 | INFO | RUN_MODE=deterministic_smoke_test | dataset=CUB-200-2011 | method=EfficientNet-B3 | stage=train | lr=0.00006083 | val_macro_f1=89.1059 | prototype_update=no
2026-06-05 13:35:00 | INFO | RUN_MODE=deterministic_smoke_test | dataset=CUB-200-2011 | method=EfficientNet-B3 | stage=eval | lr=0.00008420 | val_macro_f1=85.7731 | prototype_update=no
2026-06-05 09:10:00 | INFO | RUN_MODE=deterministic_smoke_test | dataset=CUB-200-2011 | method=ConvNeXt-Tiny | stage=loader | lr=0.00005781 | val_macro_f1=86.1469 | prototype_update=no
2026-06-05 11:06:00 | INFO | RUN_MODE=deterministic_smoke_test | dataset=CUB-200-2011 | method=ConvNeXt-Tiny | stage=train | lr=0.00006350 | val_macro_f1=85.6580 | prototype_update=no
2026-06-05 12:57:00 | INFO | RUN_MODE=deterministic_smoke_test | dataset=CUB-200-2011 | method=ConvNeXt-Tiny | stage=eval | lr=0.00005361 | val_macro_f1=90.6845 | prototype_update=no
2026-06-05 08:59:00 | INFO | RUN_MODE=deterministic_smoke_test | dataset=CUB-200-2011 | method=Swin-Tiny | stage=loader | lr=0.00007679 | val_macro_f1=88.6951 | prototype_update=no
2026-06-05 11:15:00 | INFO | RUN_MODE=deterministic_smoke_test | dataset=CUB-200-2011 | method=Swin-Tiny | stage=train | lr=0.00008860 | val_macro_f1=91.5638 | prototype_update=no
2026-06-05 13:34:00 | INFO | RUN_MODE=deterministic_smoke_test | dataset=CUB-200-2011 | method=Swin-Tiny | stage=eval | lr=0.00009603 | val_macro_f1=87.6365 | prototype_update=no
2026-06-05 09:10:00 | INFO | RUN_MODE=deterministic_smoke_test | dataset=CUB-200-2011 | method=ConvNeXt+ARM | stage=loader | lr=0.00009720 | val_macro_f1=90.0996 | prototype_update=no
2026-06-05 11:45:00 | INFO | RUN_MODE=deterministic_smoke_test | dataset=CUB-200-2011 | method=ConvNeXt+ARM | stage=train | lr=0.00005585 | val_macro_f1=90.4908 | prototype_update=no
2026-06-05 12:53:00 | INFO | RUN_MODE=deterministic_smoke_test | dataset=CUB-200-2011 | method=ConvNeXt+ARM | stage=eval | lr=0.00008943 | val_macro_f1=89.6736 | prototype_update=no
2026-06-05 10:13:00 | INFO | RUN_MODE=deterministic_smoke_test | dataset=CUB-200-2011 | method=UAMP-Net | stage=loader | lr=0.00008913 | val_macro_f1=93.3097 | prototype_update=no
2026-06-05 11:57:00 | INFO | RUN_MODE=deterministic_smoke_test | dataset=CUB-200-2011 | method=UAMP-Net | stage=train | lr=0.00008423 | val_macro_f1=86.5150 | prototype_update=yes
2026-06-05 13:45:00 | INFO | RUN_MODE=deterministic_smoke_test | dataset=CUB-200-2011 | method=UAMP-Net | stage=eval | lr=0.00007565 | val_macro_f1=92.1855 | prototype_update=no
2026-06-06 09:17:00 | INFO | RUN_MODE=deterministic_smoke_test | dataset=PlantVillage | method=ResNet-50 | stage=loader | lr=0.00006165 | val_macro_f1=90.8987 | prototype_update=no
2026-06-06 11:55:00 | INFO | RUN_MODE=deterministic_smoke_test | dataset=PlantVillage | method=ResNet-50 | stage=train | lr=0.00008912 | val_macro_f1=91.9448 | prototype_update=no
2026-06-06 12:47:00 | INFO | RUN_MODE=deterministic_smoke_test | dataset=PlantVillage | method=ResNet-50 | stage=eval | lr=0.00006510 | val_macro_f1=86.2420 | prototype_update=no
2026-06-06 09:01:00 | INFO | RUN_MODE=deterministic_smoke_test | dataset=PlantVillage | method=EfficientNet-B3 | stage=loader | lr=0.00006072 | val_macro_f1=88.7692 | prototype_update=no
2026-06-06 10:57:00 | INFO | RUN_MODE=deterministic_smoke_test | dataset=PlantVillage | method=EfficientNet-B3 | stage=train | lr=0.00006259 | val_macro_f1=87.2934 | prototype_update=no
2026-06-06 12:39:00 | INFO | RUN_MODE=deterministic_smoke_test | dataset=PlantVillage | method=EfficientNet-B3 | stage=eval | lr=0.00008576 | val_macro_f1=88.3773 | prototype_update=no
2026-06-06 09:00:00 | INFO | RUN_MODE=deterministic_smoke_test | dataset=PlantVillage | method=ConvNeXt-Tiny | stage=loader | lr=0.00006311 | val_macro_f1=91.3936 | prototype_update=no
2026-06-06 11:28:00 | INFO | RUN_MODE=deterministic_smoke_test | dataset=PlantVillage | method=ConvNeXt-Tiny | stage=train | lr=0.00009859 | val_macro_f1=84.5248 | prototype_update=no
2026-06-06 13:09:00 | INFO | RUN_MODE=deterministic_smoke_test | dataset=PlantVillage | method=ConvNeXt-Tiny | stage=eval | lr=0.00005909 | val_macro_f1=91.3597 | prototype_update=no
2026-06-06 10:09:00 | INFO | RUN_MODE=deterministic_smoke_test | dataset=PlantVillage | method=Swin-Tiny | stage=loader | lr=0.00008739 | val_macro_f1=88.2904 | prototype_update=no
2026-06-06 10:38:00 | INFO | RUN_MODE=deterministic_smoke_test | dataset=PlantVillage | method=Swin-Tiny | stage=train | lr=0.00008555 | val_macro_f1=85.1572 | prototype_update=no
2026-06-06 13:26:00 | INFO | RUN_MODE=deterministic_smoke_test | dataset=PlantVillage | method=Swin-Tiny | stage=eval | lr=0.00009582 | val_macro_f1=84.6910 | prototype_update=no
2026-06-06 09:20:00 | INFO | RUN_MODE=deterministic_smoke_test | dataset=PlantVillage | method=ConvNeXt+ARM | stage=loader | lr=0.00007293 | val_macro_f1=84.9744 | prototype_update=no
2026-06-06 10:55:00 | INFO | RUN_MODE=deterministic_smoke_test | dataset=PlantVillage | method=ConvNeXt+ARM | stage=train | lr=0.00007859 | val_macro_f1=85.1498 | prototype_update=no
2026-06-06 13:00:00 | INFO | RUN_MODE=deterministic_smoke_test | dataset=PlantVillage | method=ConvNeXt+ARM | stage=eval | lr=0.00005481 | val_macro_f1=84.8096 | prototype_update=no
2026-06-06 08:31:00 | INFO | RUN_MODE=deterministic_smoke_test | dataset=PlantVillage | method=UAMP-Net | stage=loader | lr=0.00006038 | val_macro_f1=91.8318 | prototype_update=no
2026-06-06 10:39:00 | INFO | RUN_MODE=deterministic_smoke_test | dataset=PlantVillage | method=UAMP-Net | stage=train | lr=0.00009635 | val_macro_f1=87.2936 | prototype_update=yes
2026-06-06 13:47:00 | INFO | RUN_MODE=deterministic_smoke_test | dataset=PlantVillage | method=UAMP-Net | stage=eval | lr=0.00008074 | val_macro_f1=93.5469 | prototype_update=no
2026-06-06 08:48:00 | INFO | RUN_MODE=deterministic_smoke_test | dataset=PlantDoc | method=ResNet-50 | stage=loader | lr=0.00006455 | val_macro_f1=87.6639 | prototype_update=no
2026-06-06 11:57:00 | INFO | RUN_MODE=deterministic_smoke_test | dataset=PlantDoc | method=ResNet-50 | stage=train | lr=0.00008159 | val_macro_f1=88.5988 | prototype_update=no
2026-06-06 12:28:00 | INFO | RUN_MODE=deterministic_smoke_test | dataset=PlantDoc | method=ResNet-50 | stage=eval | lr=0.00009075 | val_macro_f1=90.2725 | prototype_update=no
2026-06-06 10:13:00 | INFO | RUN_MODE=deterministic_smoke_test | dataset=PlantDoc | method=EfficientNet-B3 | stage=loader | lr=0.00005931 | val_macro_f1=84.6544 | prototype_update=no
2026-06-06 12:10:00 | INFO | RUN_MODE=deterministic_smoke_test | dataset=PlantDoc | method=EfficientNet-B3 | stage=train | lr=0.00009934 | val_macro_f1=90.6259 | prototype_update=no
2026-06-06 13:34:00 | INFO | RUN_MODE=deterministic_smoke_test | dataset=PlantDoc | method=EfficientNet-B3 | stage=eval | lr=0.00006606 | val_macro_f1=91.9227 | prototype_update=no
2026-06-06 09:31:00 | INFO | RUN_MODE=deterministic_smoke_test | dataset=PlantDoc | method=ConvNeXt-Tiny | stage=loader | lr=0.00008538 | val_macro_f1=85.4370 | prototype_update=no
2026-06-06 11:33:00 | INFO | RUN_MODE=deterministic_smoke_test | dataset=PlantDoc | method=ConvNeXt-Tiny | stage=train | lr=0.00009891 | val_macro_f1=88.3390 | prototype_update=no
2026-06-06 13:53:00 | INFO | RUN_MODE=deterministic_smoke_test | dataset=PlantDoc | method=ConvNeXt-Tiny | stage=eval | lr=0.00008475 | val_macro_f1=84.1516 | prototype_update=no
2026-06-06 08:32:00 | INFO | RUN_MODE=deterministic_smoke_test | dataset=PlantDoc | method=Swin-Tiny | stage=loader | lr=0.00008171 | val_macro_f1=91.6254 | prototype_update=no
2026-06-06 12:11:00 | INFO | RUN_MODE=deterministic_smoke_test | dataset=PlantDoc | method=Swin-Tiny | stage=train | lr=0.00006876 | val_macro_f1=90.8540 | prototype_update=no
2026-06-06 12:46:00 | INFO | RUN_MODE=deterministic_smoke_test | dataset=PlantDoc | method=Swin-Tiny | stage=eval | lr=0.00006188 | val_macro_f1=86.8318 | prototype_update=no
2026-06-06 09:35:00 | INFO | RUN_MODE=deterministic_smoke_test | dataset=PlantDoc | method=ConvNeXt+ARM | stage=loader | lr=0.00008106 | val_macro_f1=89.8367 | prototype_update=no
2026-06-06 11:16:00 | INFO | RUN_MODE=deterministic_smoke_test | dataset=PlantDoc | method=ConvNeXt+ARM | stage=train | lr=0.00009478 | val_macro_f1=90.9410 | prototype_update=no
2026-06-06 13:34:00 | INFO | RUN_MODE=deterministic_smoke_test | dataset=PlantDoc | method=ConvNeXt+ARM | stage=eval | lr=0.00009572 | val_macro_f1=89.7162 | prototype_update=no
2026-06-06 08:36:00 | INFO | RUN_MODE=deterministic_smoke_test | dataset=PlantDoc | method=UAMP-Net | stage=loader | lr=0.00006942 | val_macro_f1=86.3905 | prototype_update=no
2026-06-06 11:04:00 | INFO | RUN_MODE=deterministic_smoke_test | dataset=PlantDoc | method=UAMP-Net | stage=train | lr=0.00008245 | val_macro_f1=87.6575 | prototype_update=yes
2026-06-06 13:40:00 | INFO | RUN_MODE=deterministic_smoke_test | dataset=PlantDoc | method=UAMP-Net | stage=eval | lr=0.00009368 | val_macro_f1=92.1696 | prototype_update=no
2026-06-06 08:52:00 | INFO | RUN_MODE=deterministic_smoke_test | dataset=CUB-200-2011 | method=ResNet-50 | stage=loader | lr=0.00005956 | val_macro_f1=87.2042 | prototype_update=no
2026-06-06 10:44:00 | INFO | RUN_MODE=deterministic_smoke_test | dataset=CUB-200-2011 | method=ResNet-50 | stage=train | lr=0.00009612 | val_macro_f1=87.1285 | prototype_update=no
2026-06-06 13:15:00 | INFO | RUN_MODE=deterministic_smoke_test | dataset=CUB-200-2011 | method=ResNet-50 | stage=eval | lr=0.00009963 | val_macro_f1=86.0127 | prototype_update=no
2026-06-06 09:24:00 | INFO | RUN_MODE=deterministic_smoke_test | dataset=CUB-200-2011 | method=EfficientNet-B3 | stage=loader | lr=0.00008198 | val_macro_f1=91.0533 | prototype_update=no
2026-06-06 10:17:00 | INFO | RUN_MODE=deterministic_smoke_test | dataset=CUB-200-2011 | method=EfficientNet-B3 | stage=train | lr=0.00006798 | val_macro_f1=84.5132 | prototype_update=no
2026-06-06 13:50:00 | INFO | RUN_MODE=deterministic_smoke_test | dataset=CUB-200-2011 | method=EfficientNet-B3 | stage=eval | lr=0.00009073 | val_macro_f1=90.7225 | prototype_update=no
2026-06-06 08:59:00 | INFO | RUN_MODE=deterministic_smoke_test | dataset=CUB-200-2011 | method=ConvNeXt-Tiny | stage=loader | lr=0.00008163 | val_macro_f1=84.1238 | prototype_update=no
2026-06-06 11:39:00 | INFO | RUN_MODE=deterministic_smoke_test | dataset=CUB-200-2011 | method=ConvNeXt-Tiny | stage=train | lr=0.00005332 | val_macro_f1=89.5430 | prototype_update=no
2026-06-06 12:44:00 | INFO | RUN_MODE=deterministic_smoke_test | dataset=CUB-200-2011 | method=ConvNeXt-Tiny | stage=eval | lr=0.00008143 | val_macro_f1=85.8841 | prototype_update=no
2026-06-06 10:03:00 | INFO | RUN_MODE=deterministic_smoke_test | dataset=CUB-200-2011 | method=Swin-Tiny | stage=loader | lr=0.00005136 | val_macro_f1=84.6029 | prototype_update=no
2026-06-06 11:15:00 | INFO | RUN_MODE=deterministic_smoke_test | dataset=CUB-200-2011 | method=Swin-Tiny | stage=train | lr=0.00005195 | val_macro_f1=84.1962 | prototype_update=no
2026-06-06 14:00:00 | INFO | RUN_MODE=deterministic_smoke_test | dataset=CUB-200-2011 | method=Swin-Tiny | stage=eval | lr=0.00008423 | val_macro_f1=85.9693 | prototype_update=no
2026-06-06 09:16:00 | INFO | RUN_MODE=deterministic_smoke_test | dataset=CUB-200-2011 | method=ConvNeXt+ARM | stage=loader | lr=0.00009948 | val_macro_f1=88.0601 | prototype_update=no
2026-06-06 12:06:00 | INFO | RUN_MODE=deterministic_smoke_test | dataset=CUB-200-2011 | method=ConvNeXt+ARM | stage=train | lr=0.00009677 | val_macro_f1=86.2996 | prototype_update=no
2026-06-06 13:17:00 | INFO | RUN_MODE=deterministic_smoke_test | dataset=CUB-200-2011 | method=ConvNeXt+ARM | stage=eval | lr=0.00008950 | val_macro_f1=89.4792 | prototype_update=no
2026-06-06 09:45:00 | INFO | RUN_MODE=deterministic_smoke_test | dataset=CUB-200-2011 | method=UAMP-Net | stage=loader | lr=0.00007067 | val_macro_f1=87.7426 | prototype_update=no
2026-06-06 11:24:00 | INFO | RUN_MODE=deterministic_smoke_test | dataset=CUB-200-2011 | method=UAMP-Net | stage=train | lr=0.00005691 | val_macro_f1=93.9292 | prototype_update=yes
2026-06-06 13:53:00 | INFO | RUN_MODE=deterministic_smoke_test | dataset=CUB-200-2011 | method=UAMP-Net | stage=eval | lr=0.00006543 | val_macro_f1=90.5613 | prototype_update=no
2026-06-07 10:09:00 | INFO | RUN_MODE=deterministic_smoke_test | dataset=PlantVillage | method=ResNet-50 | stage=loader | lr=0.00009514 | val_macro_f1=86.6362 | prototype_update=no
2026-06-07 10:26:00 | INFO | RUN_MODE=deterministic_smoke_test | dataset=PlantVillage | method=ResNet-50 | stage=train | lr=0.00007999 | val_macro_f1=84.8239 | prototype_update=no
2026-06-07 13:32:00 | INFO | RUN_MODE=deterministic_smoke_test | dataset=PlantVillage | method=ResNet-50 | stage=eval | lr=0.00009645 | val_macro_f1=84.0851 | prototype_update=no
2026-06-07 09:39:00 | INFO | RUN_MODE=deterministic_smoke_test | dataset=PlantVillage | method=EfficientNet-B3 | stage=loader | lr=0.00006925 | val_macro_f1=84.3138 | prototype_update=no
2026-06-07 10:24:00 | INFO | RUN_MODE=deterministic_smoke_test | dataset=PlantVillage | method=EfficientNet-B3 | stage=train | lr=0.00006607 | val_macro_f1=86.4453 | prototype_update=no
2026-06-07 14:05:00 | INFO | RUN_MODE=deterministic_smoke_test | dataset=PlantVillage | method=EfficientNet-B3 | stage=eval | lr=0.00006604 | val_macro_f1=86.4900 | prototype_update=no
2026-06-07 09:35:00 | INFO | RUN_MODE=deterministic_smoke_test | dataset=PlantVillage | method=ConvNeXt-Tiny | stage=loader | lr=0.00008694 | val_macro_f1=86.8318 | prototype_update=no
2026-06-07 10:42:00 | INFO | RUN_MODE=deterministic_smoke_test | dataset=PlantVillage | method=ConvNeXt-Tiny | stage=train | lr=0.00009902 | val_macro_f1=91.2829 | prototype_update=no
2026-06-07 13:37:00 | INFO | RUN_MODE=deterministic_smoke_test | dataset=PlantVillage | method=ConvNeXt-Tiny | stage=eval | lr=0.00008977 | val_macro_f1=87.3128 | prototype_update=no
2026-06-07 09:45:00 | INFO | RUN_MODE=deterministic_smoke_test | dataset=PlantVillage | method=Swin-Tiny | stage=loader | lr=0.00009259 | val_macro_f1=91.0100 | prototype_update=no
2026-06-07 10:54:00 | INFO | RUN_MODE=deterministic_smoke_test | dataset=PlantVillage | method=Swin-Tiny | stage=train | lr=0.00009135 | val_macro_f1=87.5612 | prototype_update=no
2026-06-07 13:12:00 | INFO | RUN_MODE=deterministic_smoke_test | dataset=PlantVillage | method=Swin-Tiny | stage=eval | lr=0.00008020 | val_macro_f1=89.0100 | prototype_update=no
2026-06-07 09:06:00 | INFO | RUN_MODE=deterministic_smoke_test | dataset=PlantVillage | method=ConvNeXt+ARM | stage=loader | lr=0.00006409 | val_macro_f1=91.5313 | prototype_update=no
2026-06-07 12:04:00 | INFO | RUN_MODE=deterministic_smoke_test | dataset=PlantVillage | method=ConvNeXt+ARM | stage=train | lr=0.00008787 | val_macro_f1=91.0572 | prototype_update=no
2026-06-07 12:49:00 | INFO | RUN_MODE=deterministic_smoke_test | dataset=PlantVillage | method=ConvNeXt+ARM | stage=eval | lr=0.00005841 | val_macro_f1=86.0336 | prototype_update=no
2026-06-07 09:06:00 | INFO | RUN_MODE=deterministic_smoke_test | dataset=PlantVillage | method=UAMP-Net | stage=loader | lr=0.00009335 | val_macro_f1=89.6475 | prototype_update=no
2026-06-07 12:12:00 | INFO | RUN_MODE=deterministic_smoke_test | dataset=PlantVillage | method=UAMP-Net | stage=train | lr=0.00006258 | val_macro_f1=89.5589 | prototype_update=yes
2026-06-07 13:32:00 | INFO | RUN_MODE=deterministic_smoke_test | dataset=PlantVillage | method=UAMP-Net | stage=eval | lr=0.00005538 | val_macro_f1=93.2459 | prototype_update=no
2026-06-07 08:51:00 | INFO | RUN_MODE=deterministic_smoke_test | dataset=PlantDoc | method=ResNet-50 | stage=loader | lr=0.00006734 | val_macro_f1=87.5584 | prototype_update=no
2026-06-07 11:40:00 | INFO | RUN_MODE=deterministic_smoke_test | dataset=PlantDoc | method=ResNet-50 | stage=train | lr=0.00006912 | val_macro_f1=89.0457 | prototype_update=no
2026-06-07 12:32:00 | INFO | RUN_MODE=deterministic_smoke_test | dataset=PlantDoc | method=ResNet-50 | stage=eval | lr=0.00007335 | val_macro_f1=86.6030 | prototype_update=no
2026-06-07 09:23:00 | INFO | RUN_MODE=deterministic_smoke_test | dataset=PlantDoc | method=EfficientNet-B3 | stage=loader | lr=0.00007434 | val_macro_f1=89.0967 | prototype_update=no
2026-06-07 11:41:00 | INFO | RUN_MODE=deterministic_smoke_test | dataset=PlantDoc | method=EfficientNet-B3 | stage=train | lr=0.00008084 | val_macro_f1=87.0261 | prototype_update=no
2026-06-07 12:31:00 | INFO | RUN_MODE=deterministic_smoke_test | dataset=PlantDoc | method=EfficientNet-B3 | stage=eval | lr=0.00006863 | val_macro_f1=88.8818 | prototype_update=no
2026-06-07 09:29:00 | INFO | RUN_MODE=deterministic_smoke_test | dataset=PlantDoc | method=ConvNeXt-Tiny | stage=loader | lr=0.00007492 | val_macro_f1=88.0953 | prototype_update=no
2026-06-07 10:29:00 | INFO | RUN_MODE=deterministic_smoke_test | dataset=PlantDoc | method=ConvNeXt-Tiny | stage=train | lr=0.00005229 | val_macro_f1=86.5789 | prototype_update=no
2026-06-07 13:34:00 | INFO | RUN_MODE=deterministic_smoke_test | dataset=PlantDoc | method=ConvNeXt-Tiny | stage=eval | lr=0.00005598 | val_macro_f1=87.5380 | prototype_update=no
2026-06-07 09:08:00 | INFO | RUN_MODE=deterministic_smoke_test | dataset=PlantDoc | method=Swin-Tiny | stage=loader | lr=0.00008295 | val_macro_f1=84.3593 | prototype_update=no
2026-06-07 10:51:00 | INFO | RUN_MODE=deterministic_smoke_test | dataset=PlantDoc | method=Swin-Tiny | stage=train | lr=0.00006000 | val_macro_f1=90.2898 | prototype_update=no
2026-06-07 13:35:00 | INFO | RUN_MODE=deterministic_smoke_test | dataset=PlantDoc | method=Swin-Tiny | stage=eval | lr=0.00008826 | val_macro_f1=91.5497 | prototype_update=no
2026-06-07 08:35:00 | INFO | RUN_MODE=deterministic_smoke_test | dataset=PlantDoc | method=ConvNeXt+ARM | stage=loader | lr=0.00009742 | val_macro_f1=86.4708 | prototype_update=no
2026-06-07 10:19:00 | INFO | RUN_MODE=deterministic_smoke_test | dataset=PlantDoc | method=ConvNeXt+ARM | stage=train | lr=0.00005513 | val_macro_f1=90.0379 | prototype_update=no
2026-06-07 13:01:00 | INFO | RUN_MODE=deterministic_smoke_test | dataset=PlantDoc | method=ConvNeXt+ARM | stage=eval | lr=0.00009394 | val_macro_f1=88.9062 | prototype_update=no
2026-06-07 09:30:00 | INFO | RUN_MODE=deterministic_smoke_test | dataset=PlantDoc | method=UAMP-Net | stage=loader | lr=0.00008510 | val_macro_f1=90.7055 | prototype_update=no
2026-06-07 10:43:00 | INFO | RUN_MODE=deterministic_smoke_test | dataset=PlantDoc | method=UAMP-Net | stage=train | lr=0.00007649 | val_macro_f1=89.8186 | prototype_update=yes
2026-06-07 13:40:00 | INFO | RUN_MODE=deterministic_smoke_test | dataset=PlantDoc | method=UAMP-Net | stage=eval | lr=0.00005599 | val_macro_f1=93.9931 | prototype_update=no
2026-06-07 10:03:00 | INFO | RUN_MODE=deterministic_smoke_test | dataset=CUB-200-2011 | method=ResNet-50 | stage=loader | lr=0.00005803 | val_macro_f1=86.9560 | prototype_update=no
2026-06-07 10:26:00 | INFO | RUN_MODE=deterministic_smoke_test | dataset=CUB-200-2011 | method=ResNet-50 | stage=train | lr=0.00008063 | val_macro_f1=90.3243 | prototype_update=no
2026-06-07 13:37:00 | INFO | RUN_MODE=deterministic_smoke_test | dataset=CUB-200-2011 | method=ResNet-50 | stage=eval | lr=0.00008522 | val_macro_f1=86.6049 | prototype_update=no
2026-06-07 09:10:00 | INFO | RUN_MODE=deterministic_smoke_test | dataset=CUB-200-2011 | method=EfficientNet-B3 | stage=loader | lr=0.00007859 | val_macro_f1=84.9364 | prototype_update=no
2026-06-07 10:47:00 | INFO | RUN_MODE=deterministic_smoke_test | dataset=CUB-200-2011 | method=EfficientNet-B3 | stage=train | lr=0.00008512 | val_macro_f1=87.8461 | prototype_update=no
2026-06-07 13:31:00 | INFO | RUN_MODE=deterministic_smoke_test | dataset=CUB-200-2011 | method=EfficientNet-B3 | stage=eval | lr=0.00006188 | val_macro_f1=87.2577 | prototype_update=no
2026-06-07 08:57:00 | INFO | RUN_MODE=deterministic_smoke_test | dataset=CUB-200-2011 | method=ConvNeXt-Tiny | stage=loader | lr=0.00006261 | val_macro_f1=84.3911 | prototype_update=no
2026-06-07 12:08:00 | INFO | RUN_MODE=deterministic_smoke_test | dataset=CUB-200-2011 | method=ConvNeXt-Tiny | stage=train | lr=0.00009723 | val_macro_f1=91.2568 | prototype_update=no
2026-06-07 12:43:00 | INFO | RUN_MODE=deterministic_smoke_test | dataset=CUB-200-2011 | method=ConvNeXt-Tiny | stage=eval | lr=0.00005315 | val_macro_f1=87.7865 | prototype_update=no
2026-06-07 09:12:00 | INFO | RUN_MODE=deterministic_smoke_test | dataset=CUB-200-2011 | method=Swin-Tiny | stage=loader | lr=0.00008281 | val_macro_f1=91.4768 | prototype_update=no
2026-06-07 11:22:00 | INFO | RUN_MODE=deterministic_smoke_test | dataset=CUB-200-2011 | method=Swin-Tiny | stage=train | lr=0.00008944 | val_macro_f1=86.0405 | prototype_update=no
2026-06-07 13:02:00 | INFO | RUN_MODE=deterministic_smoke_test | dataset=CUB-200-2011 | method=Swin-Tiny | stage=eval | lr=0.00006496 | val_macro_f1=91.0315 | prototype_update=no
2026-06-07 09:43:00 | INFO | RUN_MODE=deterministic_smoke_test | dataset=CUB-200-2011 | method=ConvNeXt+ARM | stage=loader | lr=0.00005378 | val_macro_f1=86.2690 | prototype_update=no
2026-06-07 10:38:00 | INFO | RUN_MODE=deterministic_smoke_test | dataset=CUB-200-2011 | method=ConvNeXt+ARM | stage=train | lr=0.00007820 | val_macro_f1=89.4203 | prototype_update=no
2026-06-07 13:50:00 | INFO | RUN_MODE=deterministic_smoke_test | dataset=CUB-200-2011 | method=ConvNeXt+ARM | stage=eval | lr=0.00005697 | val_macro_f1=84.3270 | prototype_update=no
2026-06-07 09:15:00 | INFO | RUN_MODE=deterministic_smoke_test | dataset=CUB-200-2011 | method=UAMP-Net | stage=loader | lr=0.00007560 | val_macro_f1=91.0190 | prototype_update=no
2026-06-07 10:34:00 | INFO | RUN_MODE=deterministic_smoke_test | dataset=CUB-200-2011 | method=UAMP-Net | stage=train | lr=0.00008216 | val_macro_f1=93.7312 | prototype_update=yes
2026-06-07 13:29:00 | INFO | RUN_MODE=deterministic_smoke_test | dataset=CUB-200-2011 | method=UAMP-Net | stage=eval | lr=0.00008247 | val_macro_f1=90.5381 | prototype_update=no
