2026-06-08 09:54:00 | INFO | RUN_MODE=deterministic_smoke_test | dataset=PlantVillage | method=ResNet-50 | stage=loader | lr=0.00009236 | val_macro_f1=87.9664 | prototype_update=no
2026-06-08 10:45:00 | INFO | RUN_MODE=deterministic_smoke_test | dataset=PlantVillage | method=ResNet-50 | stage=train | lr=0.00007631 | val_macro_f1=90.5398 | prototype_update=no
2026-06-08 13:19:00 | INFO | RUN_MODE=deterministic_smoke_test | dataset=PlantVillage | method=ResNet-50 | stage=eval | lr=0.00008308 | val_macro_f1=91.3903 | prototype_update=no
2026-06-08 09:43:00 | INFO | RUN_MODE=deterministic_smoke_test | dataset=PlantVillage | method=EfficientNet-B3 | stage=loader | lr=0.00005504 | val_macro_f1=90.4783 | prototype_update=no
2026-06-08 10:59:00 | INFO | RUN_MODE=deterministic_smoke_test | dataset=PlantVillage | method=EfficientNet-B3 | stage=train | lr=0.00005421 | val_macro_f1=84.8353 | prototype_update=no
2026-06-08 13:41:00 | INFO | RUN_MODE=deterministic_smoke_test | dataset=PlantVillage | method=EfficientNet-B3 | stage=eval | lr=0.00009891 | val_macro_f1=87.4196 | prototype_update=no
2026-06-08 09:08:00 | INFO | RUN_MODE=deterministic_smoke_test | dataset=PlantVillage | method=ConvNeXt-Tiny | stage=loader | lr=0.00007752 | val_macro_f1=85.9806 | prototype_update=no
2026-06-08 10:47:00 | INFO | RUN_MODE=deterministic_smoke_test | dataset=PlantVillage | method=ConvNeXt-Tiny | stage=train | lr=0.00005672 | val_macro_f1=87.2545 | prototype_update=no
2026-06-08 13:38:00 | INFO | RUN_MODE=deterministic_smoke_test | dataset=PlantVillage | method=ConvNeXt-Tiny | stage=eval | lr=0.00006854 | val_macro_f1=90.4750 | prototype_update=no
2026-06-08 09:21:00 | INFO | RUN_MODE=deterministic_smoke_test | dataset=PlantVillage | method=Swin-Tiny | stage=loader | lr=0.00006843 | val_macro_f1=85.2541 | prototype_update=no
2026-06-08 11:37:00 | INFO | RUN_MODE=deterministic_smoke_test | dataset=PlantVillage | method=Swin-Tiny | stage=train | lr=0.00006000 | val_macro_f1=91.9150 | prototype_update=no
2026-06-08 13:49:00 | INFO | RUN_MODE=deterministic_smoke_test | dataset=PlantVillage | method=Swin-Tiny | stage=eval | lr=0.00008028 | val_macro_f1=90.5819 | prototype_update=no
2026-06-08 08:25:00 | INFO | RUN_MODE=deterministic_smoke_test | dataset=PlantVillage | method=ConvNeXt+ARM | stage=loader | lr=0.00009873 | val_macro_f1=88.8111 | prototype_update=no
2026-06-08 10:20:00 | INFO | RUN_MODE=deterministic_smoke_test | dataset=PlantVillage | method=ConvNeXt+ARM | stage=train | lr=0.00009802 | val_macro_f1=87.9962 | prototype_update=no
2026-06-08 12:36:00 | INFO | RUN_MODE=deterministic_smoke_test | dataset=PlantVillage | method=ConvNeXt+ARM | stage=eval | lr=0.00005515 | val_macro_f1=84.8921 | prototype_update=no
2026-06-08 09:30:00 | INFO | RUN_MODE=deterministic_smoke_test | dataset=PlantVillage | method=UAMP-Net | stage=loader | lr=0.00009356 | val_macro_f1=86.2656 | prototype_update=no
2026-06-08 10:45:00 | INFO | RUN_MODE=deterministic_smoke_test | dataset=PlantVillage | method=UAMP-Net | stage=train | lr=0.00007397 | val_macro_f1=86.8783 | prototype_update=yes
2026-06-08 13:55:00 | INFO | RUN_MODE=deterministic_smoke_test | dataset=PlantVillage | method=UAMP-Net | stage=eval | lr=0.00006548 | val_macro_f1=90.3125 | prototype_update=no
2026-06-08 09:29:00 | INFO | RUN_MODE=deterministic_smoke_test | dataset=PlantDoc | method=ResNet-50 | stage=loader | lr=0.00005904 | val_macro_f1=86.5531 | prototype_update=no
2026-06-08 10:50:00 | INFO | RUN_MODE=deterministic_smoke_test | dataset=PlantDoc | method=ResNet-50 | stage=train | lr=0.00008780 | val_macro_f1=85.2077 | prototype_update=no
2026-06-08 13:46:00 | INFO | RUN_MODE=deterministic_smoke_test | dataset=PlantDoc | method=ResNet-50 | stage=eval | lr=0.00006996 | val_macro_f1=91.0085 | prototype_update=no
2026-06-08 10:12:00 | INFO | RUN_MODE=deterministic_smoke_test | dataset=PlantDoc | method=EfficientNet-B3 | stage=loader | lr=0.00007964 | val_macro_f1=86.2532 | prototype_update=no
2026-06-08 11:30:00 | INFO | RUN_MODE=deterministic_smoke_test | dataset=PlantDoc | method=EfficientNet-B3 | stage=train | lr=0.00007125 | val_macro_f1=86.8679 | prototype_update=no
2026-06-08 14:05:00 | INFO | RUN_MODE=deterministic_smoke_test | dataset=PlantDoc | method=EfficientNet-B3 | stage=eval | lr=0.00005718 | val_macro_f1=84.7716 | prototype_update=no
2026-06-08 08:43:00 | INFO | RUN_MODE=deterministic_smoke_test | dataset=PlantDoc | method=ConvNeXt-Tiny | stage=loader | lr=0.00009396 | val_macro_f1=87.8572 | prototype_update=no
2026-06-08 11:08:00 | INFO | RUN_MODE=deterministic_smoke_test | dataset=PlantDoc | method=ConvNeXt-Tiny | stage=train | lr=0.00006739 | val_macro_f1=85.5285 | prototype_update=no
2026-06-08 13:13:00 | INFO | RUN_MODE=deterministic_smoke_test | dataset=PlantDoc | method=ConvNeXt-Tiny | stage=eval | lr=0.00007474 | val_macro_f1=84.1778 | prototype_update=no
2026-06-08 09:13:00 | INFO | RUN_MODE=deterministic_smoke_test | dataset=PlantDoc | method=Swin-Tiny | stage=loader | lr=0.00007279 | val_macro_f1=84.5936 | prototype_update=no
2026-06-08 11:11:00 | INFO | RUN_MODE=deterministic_smoke_test | dataset=PlantDoc | method=Swin-Tiny | stage=train | lr=0.00006678 | val_macro_f1=85.1963 | prototype_update=no
2026-06-08 12:17:00 | INFO | RUN_MODE=deterministic_smoke_test | dataset=PlantDoc | method=Swin-Tiny | stage=eval | lr=0.00005308 | val_macro_f1=91.4524 | prototype_update=no
2026-06-08 08:29:00 | INFO | RUN_MODE=deterministic_smoke_test | dataset=PlantDoc | method=ConvNeXt+ARM | stage=loader | lr=0.00007180 | val_macro_f1=87.0531 | prototype_update=no
2026-06-08 10:36:00 | INFO | RUN_MODE=deterministic_smoke_test | dataset=PlantDoc | method=ConvNeXt+ARM | stage=train | lr=0.00007298 | val_macro_f1=88.1541 | prototype_update=no
2026-06-08 12:34:00 | INFO | RUN_MODE=deterministic_smoke_test | dataset=PlantDoc | method=ConvNeXt+ARM | stage=eval | lr=0.00007021 | val_macro_f1=84.8373 | prototype_update=no
2026-06-08 08:17:00 | INFO | RUN_MODE=deterministic_smoke_test | dataset=PlantDoc | method=UAMP-Net | stage=loader | lr=0.00009624 | val_macro_f1=91.9997 | prototype_update=no
2026-06-08 11:45:00 | INFO | RUN_MODE=deterministic_smoke_test | dataset=PlantDoc | method=UAMP-Net | stage=train | lr=0.00007053 | val_macro_f1=93.5354 | prototype_update=yes
2026-06-08 13:21:00 | INFO | RUN_MODE=deterministic_smoke_test | dataset=PlantDoc | method=UAMP-Net | stage=eval | lr=0.00008353 | val_macro_f1=87.3293 | prototype_update=no
2026-06-08 10:07:00 | INFO | RUN_MODE=deterministic_smoke_test | dataset=CUB-200-2011 | method=ResNet-50 | stage=loader | lr=0.00005971 | val_macro_f1=85.8642 | prototype_update=no
2026-06-08 11:07:00 | INFO | RUN_MODE=deterministic_smoke_test | dataset=CUB-200-2011 | method=ResNet-50 | stage=train | lr=0.00008903 | val_macro_f1=87.4519 | prototype_update=no
2026-06-08 14:13:00 | INFO | RUN_MODE=deterministic_smoke_test | dataset=CUB-200-2011 | method=ResNet-50 | stage=eval | lr=0.00005203 | val_macro_f1=90.2311 | prototype_update=no
2026-06-08 09:06:00 | INFO | RUN_MODE=deterministic_smoke_test | dataset=CUB-200-2011 | method=EfficientNet-B3 | stage=loader | lr=0.00009343 | val_macro_f1=89.8099 | prototype_update=no
2026-06-08 11:26:00 | INFO | RUN_MODE=deterministic_smoke_test | dataset=CUB-200-2011 | method=EfficientNet-B3 | stage=train | lr=0.00005792 | val_macro_f1=87.4383 | prototype_update=no
2026-06-08 12:56:00 | INFO | RUN_MODE=deterministic_smoke_test | dataset=CUB-200-2011 | method=EfficientNet-B3 | stage=eval | lr=0.00005435 | val_macro_f1=88.0006 | prototype_update=no
2026-06-08 09:00:00 | INFO | RUN_MODE=deterministic_smoke_test | dataset=CUB-200-2011 | method=ConvNeXt-Tiny | stage=loader | lr=0.00005080 | val_macro_f1=84.1377 | prototype_update=no
2026-06-08 10:57:00 | INFO | RUN_MODE=deterministic_smoke_test | dataset=CUB-200-2011 | method=ConvNeXt-Tiny | stage=train | lr=0.00007302 | val_macro_f1=87.1583 | prototype_update=no
2026-06-08 13:18:00 | INFO | RUN_MODE=deterministic_smoke_test | dataset=CUB-200-2011 | method=ConvNeXt-Tiny | stage=eval | lr=0.00006001 | val_macro_f1=91.8341 | prototype_update=no
2026-06-08 09:28:00 | INFO | RUN_MODE=deterministic_smoke_test | dataset=CUB-200-2011 | method=Swin-Tiny | stage=loader | lr=0.00009471 | val_macro_f1=88.0620 | prototype_update=no
2026-06-08 11:00:00 | INFO | RUN_MODE=deterministic_smoke_test | dataset=CUB-200-2011 | method=Swin-Tiny | stage=train | lr=0.00006337 | val_macro_f1=84.9082 | prototype_update=no
2026-06-08 12:41:00 | INFO | RUN_MODE=deterministic_smoke_test | dataset=CUB-200-2011 | method=Swin-Tiny | stage=eval | lr=0.00005118 | val_macro_f1=88.0978 | prototype_update=no
2026-06-08 09:30:00 | INFO | RUN_MODE=deterministic_smoke_test | dataset=CUB-200-2011 | method=ConvNeXt+ARM | stage=loader | lr=0.00007594 | val_macro_f1=91.4647 | prototype_update=no
2026-06-08 12:13:00 | INFO | RUN_MODE=deterministic_smoke_test | dataset=CUB-200-2011 | method=ConvNeXt+ARM | stage=train | lr=0.00008072 | val_macro_f1=85.2911 | prototype_update=no
2026-06-08 13:51:00 | INFO | RUN_MODE=deterministic_smoke_test | dataset=CUB-200-2011 | method=ConvNeXt+ARM | stage=eval | lr=0.00005755 | val_macro_f1=88.2785 | prototype_update=no
2026-06-08 08:28:00 | INFO | RUN_MODE=deterministic_smoke_test | dataset=CUB-200-2011 | method=UAMP-Net | stage=loader | lr=0.00009051 | val_macro_f1=91.3916 | prototype_update=no
2026-06-08 11:34:00 | INFO | RUN_MODE=deterministic_smoke_test | dataset=CUB-200-2011 | method=UAMP-Net | stage=train | lr=0.00007577 | val_macro_f1=93.8212 | prototype_update=yes
2026-06-08 13:27:00 | INFO | RUN_MODE=deterministic_smoke_test | dataset=CUB-200-2011 | method=UAMP-Net | stage=eval | lr=0.00009012 | val_macro_f1=87.7815 | prototype_update=no
2026-06-09 08:27:00 | INFO | RUN_MODE=deterministic_smoke_test | dataset=PlantVillage | method=ResNet-50 | stage=loader | lr=0.00007201 | val_macro_f1=90.5803 | prototype_update=no
2026-06-09 11:21:00 | INFO | RUN_MODE=deterministic_smoke_test | dataset=PlantVillage | method=ResNet-50 | stage=train | lr=0.00006755 | val_macro_f1=84.2207 | prototype_update=no
2026-06-09 13:11:00 | INFO | RUN_MODE=deterministic_smoke_test | dataset=PlantVillage | method=ResNet-50 | stage=eval | lr=0.00009209 | val_macro_f1=85.2274 | prototype_update=no
2026-06-09 09:30:00 | INFO | RUN_MODE=deterministic_smoke_test | dataset=PlantVillage | method=EfficientNet-B3 | stage=loader | lr=0.00005201 | val_macro_f1=89.1178 | prototype_update=no
2026-06-09 10:49:00 | INFO | RUN_MODE=deterministic_smoke_test | dataset=PlantVillage | method=EfficientNet-B3 | stage=train | lr=0.00006859 | val_macro_f1=89.5181 | prototype_update=no
2026-06-09 14:00:00 | INFO | RUN_MODE=deterministic_smoke_test | dataset=PlantVillage | method=EfficientNet-B3 | stage=eval | lr=0.00006435 | val_macro_f1=85.5727 | prototype_update=no
2026-06-09 09:21:00 | INFO | RUN_MODE=deterministic_smoke_test | dataset=PlantVillage | method=ConvNeXt-Tiny | stage=loader | lr=0.00007896 | val_macro_f1=84.3417 | prototype_update=no
2026-06-09 12:11:00 | INFO | RUN_MODE=deterministic_smoke_test | dataset=PlantVillage | method=ConvNeXt-Tiny | stage=train | lr=0.00006702 | val_macro_f1=85.8842 | prototype_update=no
2026-06-09 12:52:00 | INFO | RUN_MODE=deterministic_smoke_test | dataset=PlantVillage | method=ConvNeXt-Tiny | stage=eval | lr=0.00008259 | val_macro_f1=89.4422 | prototype_update=no
2026-06-09 09:36:00 | INFO | RUN_MODE=deterministic_smoke_test | dataset=PlantVillage | method=Swin-Tiny | stage=loader | lr=0.00009313 | val_macro_f1=88.6715 | prototype_update=no
2026-06-09 10:52:00 | INFO | RUN_MODE=deterministic_smoke_test | dataset=PlantVillage | method=Swin-Tiny | stage=train | lr=0.00009123 | val_macro_f1=86.0805 | prototype_update=no
2026-06-09 13:47:00 | INFO | RUN_MODE=deterministic_smoke_test | dataset=PlantVillage | method=Swin-Tiny | stage=eval | lr=0.00009128 | val_macro_f1=90.3750 | prototype_update=no
2026-06-09 08:21:00 | INFO | RUN_MODE=deterministic_smoke_test | dataset=PlantVillage | method=ConvNeXt+ARM | stage=loader | lr=0.00005318 | val_macro_f1=89.3775 | prototype_update=no
2026-06-09 11:10:00 | INFO | RUN_MODE=deterministic_smoke_test | dataset=PlantVillage | method=ConvNeXt+ARM | stage=train | lr=0.00006392 | val_macro_f1=84.5753 | prototype_update=no
2026-06-09 13:51:00 | INFO | RUN_MODE=deterministic_smoke_test | dataset=PlantVillage | method=ConvNeXt+ARM | stage=eval | lr=0.00008498 | val_macro_f1=90.8963 | prototype_update=no
2026-06-09 08:55:00 | INFO | RUN_MODE=deterministic_smoke_test | dataset=PlantVillage | method=UAMP-Net | stage=loader | lr=0.00007914 | val_macro_f1=91.8734 | prototype_update=no
2026-06-09 11:29:00 | INFO | RUN_MODE=deterministic_smoke_test | dataset=PlantVillage | method=UAMP-Net | stage=train | lr=0.00008277 | val_macro_f1=87.3373 | prototype_update=yes
2026-06-09 13:30:00 | INFO | RUN_MODE=deterministic_smoke_test | dataset=PlantVillage | method=UAMP-Net | stage=eval | lr=0.00007805 | val_macro_f1=86.0260 | prototype_update=no
2026-06-09 08:52:00 | INFO | RUN_MODE=deterministic_smoke_test | dataset=PlantDoc | method=ResNet-50 | stage=loader | lr=0.00009291 | val_macro_f1=85.1327 | prototype_update=no
2026-06-09 11:54:00 | INFO | RUN_MODE=deterministic_smoke_test | dataset=PlantDoc | method=ResNet-50 | stage=train | lr=0.00007442 | val_macro_f1=84.4185 | prototype_update=no
2026-06-09 13:53:00 | INFO | RUN_MODE=deterministic_smoke_test | dataset=PlantDoc | method=ResNet-50 | stage=eval | lr=0.00007201 | val_macro_f1=84.8995 | prototype_update=no
2026-06-09 09:46:00 | INFO | RUN_MODE=deterministic_smoke_test | dataset=PlantDoc | method=EfficientNet-B3 | stage=loader | lr=0.00005765 | val_macro_f1=91.1203 | prototype_update=no
2026-06-09 10:42:00 | INFO | RUN_MODE=deterministic_smoke_test | dataset=PlantDoc | method=EfficientNet-B3 | stage=train | lr=0.00007743 | val_macro_f1=85.0689 | prototype_update=no
2026-06-09 12:52:00 | INFO | RUN_MODE=deterministic_smoke_test | dataset=PlantDoc | method=EfficientNet-B3 | stage=eval | lr=0.00005362 | val_macro_f1=85.6220 | prototype_update=no
2026-06-09 09:19:00 | INFO | RUN_MODE=deterministic_smoke_test | dataset=PlantDoc | method=ConvNeXt-Tiny | stage=loader | lr=0.00008693 | val_macro_f1=86.6970 | prototype_update=no
2026-06-09 11:41:00 | INFO | RUN_MODE=deterministic_smoke_test | dataset=PlantDoc | method=ConvNeXt-Tiny | stage=train | lr=0.00007536 | val_macro_f1=87.6816 | prototype_update=no
2026-06-09 13:36:00 | INFO | RUN_MODE=deterministic_smoke_test | dataset=PlantDoc | method=ConvNeXt-Tiny | stage=eval | lr=0.00009081 | val_macro_f1=88.8812 | prototype_update=no
2026-06-09 09:55:00 | INFO | RUN_MODE=deterministic_smoke_test | dataset=PlantDoc | method=Swin-Tiny | stage=loader | lr=0.00009086 | val_macro_f1=86.1232 | prototype_update=no
2026-06-09 10:16:00 | INFO | RUN_MODE=deterministic_smoke_test | dataset=PlantDoc | method=Swin-Tiny | stage=train | lr=0.00007615 | val_macro_f1=87.6266 | prototype_update=no
2026-06-09 12:22:00 | INFO | RUN_MODE=deterministic_smoke_test | dataset=PlantDoc | method=Swin-Tiny | stage=eval | lr=0.00009723 | val_macro_f1=91.7020 | prototype_update=no
2026-06-09 09:45:00 | INFO | RUN_MODE=deterministic_smoke_test | dataset=PlantDoc | method=ConvNeXt+ARM | stage=loader | lr=0.00006974 | val_macro_f1=85.6971 | prototype_update=no
2026-06-09 10:25:00 | INFO | RUN_MODE=deterministic_smoke_test | dataset=PlantDoc | method=ConvNeXt+ARM | stage=train | lr=0.00009989 | val_macro_f1=88.1330 | prototype_update=no
2026-06-09 13:01:00 | INFO | RUN_MODE=deterministic_smoke_test | dataset=PlantDoc | method=ConvNeXt+ARM | stage=eval | lr=0.00006060 | val_macro_f1=86.3077 | prototype_update=no
2026-06-09 10:01:00 | INFO | RUN_MODE=deterministic_smoke_test | dataset=PlantDoc | method=UAMP-Net | stage=loader | lr=0.00008066 | val_macro_f1=89.5322 | prototype_update=no
2026-06-09 12:12:00 | INFO | RUN_MODE=deterministic_smoke_test | dataset=PlantDoc | method=UAMP-Net | stage=train | lr=0.00007075 | val_macro_f1=86.0019 | prototype_update=yes
2026-06-09 13:24:00 | INFO | RUN_MODE=deterministic_smoke_test | dataset=PlantDoc | method=UAMP-Net | stage=eval | lr=0.00008706 | val_macro_f1=93.6427 | prototype_update=no
2026-06-09 09:58:00 | INFO | RUN_MODE=deterministic_smoke_test | dataset=CUB-200-2011 | method=ResNet-50 | stage=loader | lr=0.00005205 | val_macro_f1=88.6383 | prototype_update=no
2026-06-09 10:37:00 | INFO | RUN_MODE=deterministic_smoke_test | dataset=CUB-200-2011 | method=ResNet-50 | stage=train | lr=0.00008010 | val_macro_f1=86.0319 | prototype_update=no
2026-06-09 14:07:00 | INFO | RUN_MODE=deterministic_smoke_test | dataset=CUB-200-2011 | method=ResNet-50 | stage=eval | lr=0.00006240 | val_macro_f1=90.1839 | prototype_update=no
2026-06-09 10:08:00 | INFO | RUN_MODE=deterministic_smoke_test | dataset=CUB-200-2011 | method=EfficientNet-B3 | stage=loader | lr=0.00008349 | val_macro_f1=91.6657 | prototype_update=no
2026-06-09 10:48:00 | INFO | RUN_MODE=deterministic_smoke_test | dataset=CUB-200-2011 | method=EfficientNet-B3 | stage=train | lr=0.00007313 | val_macro_f1=88.8635 | prototype_update=no
2026-06-09 13:25:00 | INFO | RUN_MODE=deterministic_smoke_test | dataset=CUB-200-2011 | method=EfficientNet-B3 | stage=eval | lr=0.00006186 | val_macro_f1=91.5079 | prototype_update=no
2026-06-09 09:10:00 | INFO | RUN_MODE=deterministic_smoke_test | dataset=CUB-200-2011 | method=ConvNeXt-Tiny | stage=loader | lr=0.00007890 | val_macro_f1=91.8944 | prototype_update=no
2026-06-09 12:02:00 | INFO | RUN_MODE=deterministic_smoke_test | dataset=CUB-200-2011 | method=ConvNeXt-Tiny | stage=train | lr=0.00006522 | val_macro_f1=91.8381 | prototype_update=no
2026-06-09 12:21:00 | INFO | RUN_MODE=deterministic_smoke_test | dataset=CUB-200-2011 | method=ConvNeXt-Tiny | stage=eval | lr=0.00007379 | val_macro_f1=84.3638 | prototype_update=no
2026-06-09 10:12:00 | INFO | RUN_MODE=deterministic_smoke_test | dataset=CUB-200-2011 | method=Swin-Tiny | stage=loader | lr=0.00005643 | val_macro_f1=90.5414 | prototype_update=no
2026-06-09 10:46:00 | INFO | RUN_MODE=deterministic_smoke_test | dataset=CUB-200-2011 | method=Swin-Tiny | stage=train | lr=0.00009029 | val_macro_f1=86.8314 | prototype_update=no
2026-06-09 12:25:00 | INFO | RUN_MODE=deterministic_smoke_test | dataset=CUB-200-2011 | method=Swin-Tiny | stage=eval | lr=0.00006332 | val_macro_f1=91.5089 | prototype_update=no
2026-06-09 08:20:00 | INFO | RUN_MODE=deterministic_smoke_test | dataset=CUB-200-2011 | method=ConvNeXt+ARM | stage=loader | lr=0.00008958 | val_macro_f1=85.5667 | prototype_update=no
2026-06-09 11:58:00 | INFO | RUN_MODE=deterministic_smoke_test | dataset=CUB-200-2011 | method=ConvNeXt+ARM | stage=train | lr=0.00009545 | val_macro_f1=89.1203 | prototype_update=no
2026-06-09 13:46:00 | INFO | RUN_MODE=deterministic_smoke_test | dataset=CUB-200-2011 | method=ConvNeXt+ARM | stage=eval | lr=0.00008978 | val_macro_f1=90.8147 | prototype_update=no
2026-06-09 09:11:00 | INFO | RUN_MODE=deterministic_smoke_test | dataset=CUB-200-2011 | method=UAMP-Net | stage=loader | lr=0.00006032 | val_macro_f1=88.2023 | prototype_update=no
2026-06-09 11:11:00 | INFO | RUN_MODE=deterministic_smoke_test | dataset=CUB-200-2011 | method=UAMP-Net | stage=train | lr=0.00009463 | val_macro_f1=90.7714 | prototype_update=yes
2026-06-09 14:09:00 | INFO | RUN_MODE=deterministic_smoke_test | dataset=CUB-200-2011 | method=UAMP-Net | stage=eval | lr=0.00007913 | val_macro_f1=87.2381 | prototype_update=no
2026-06-10 09:07:00 | INFO | RUN_MODE=deterministic_smoke_test | dataset=PlantVillage | method=ResNet-50 | stage=loader | lr=0.00005613 | val_macro_f1=89.8400 | prototype_update=no
2026-06-10 11:10:00 | INFO | RUN_MODE=deterministic_smoke_test | dataset=PlantVillage | method=ResNet-50 | stage=train | lr=0.00008885 | val_macro_f1=88.2330 | prototype_update=no
2026-06-10 12:20:00 | INFO | RUN_MODE=deterministic_smoke_test | dataset=PlantVillage | method=ResNet-50 | stage=eval | lr=0.00007091 | val_macro_f1=86.6306 | prototype_update=no
2026-06-10 08:31:00 | INFO | RUN_MODE=deterministic_smoke_test | dataset=PlantVillage | method=EfficientNet-B3 | stage=loader | lr=0.00007699 | val_macro_f1=85.8137 | prototype_update=no
2026-06-10 10:17:00 | INFO | RUN_MODE=deterministic_smoke_test | dataset=PlantVillage | method=EfficientNet-B3 | stage=train | lr=0.00007853 | val_macro_f1=89.6658 | prototype_update=no
2026-06-10 13:38:00 | INFO | RUN_MODE=deterministic_smoke_test | dataset=PlantVillage | method=EfficientNet-B3 | stage=eval | lr=0.00009160 | val_macro_f1=85.7639 | prototype_update=no
2026-06-10 08:37:00 | INFO | RUN_MODE=deterministic_smoke_test | dataset=PlantVillage | method=ConvNeXt-Tiny | stage=loader | lr=0.00006073 | val_macro_f1=84.4605 | prototype_update=no
2026-06-10 10:50:00 | INFO | RUN_MODE=deterministic_smoke_test | dataset=PlantVillage | method=ConvNeXt-Tiny | stage=train | lr=0.00005576 | val_macro_f1=89.7072 | prototype_update=no
2026-06-10 13:37:00 | INFO | RUN_MODE=deterministic_smoke_test | dataset=PlantVillage | method=ConvNeXt-Tiny | stage=eval | lr=0.00007448 | val_macro_f1=87.1215 | prototype_update=no
2026-06-10 08:47:00 | INFO | RUN_MODE=deterministic_smoke_test | dataset=PlantVillage | method=Swin-Tiny | stage=loader | lr=0.00006489 | val_macro_f1=85.0968 | prototype_update=no
2026-06-10 10:47:00 | INFO | RUN_MODE=deterministic_smoke_test | dataset=PlantVillage | method=Swin-Tiny | stage=train | lr=0.00006672 | val_macro_f1=84.3071 | prototype_update=no
2026-06-10 13:29:00 | INFO | RUN_MODE=deterministic_smoke_test | dataset=PlantVillage | method=Swin-Tiny | stage=eval | lr=0.00009394 | val_macro_f1=84.1114 | prototype_update=no
2026-06-10 10:12:00 | INFO | RUN_MODE=deterministic_smoke_test | dataset=PlantVillage | method=ConvNeXt+ARM | stage=loader | lr=0.00009832 | val_macro_f1=87.2696 | prototype_update=no
2026-06-10 10:39:00 | INFO | RUN_MODE=deterministic_smoke_test | dataset=PlantVillage | method=ConvNeXt+ARM | stage=train | lr=0.00009973 | val_macro_f1=91.8113 | prototype_update=no
2026-06-10 12:24:00 | INFO | RUN_MODE=deterministic_smoke_test | dataset=PlantVillage | method=ConvNeXt+ARM | stage=eval | lr=0.00009584 | val_macro_f1=87.0646 | prototype_update=no
2026-06-10 09:26:00 | INFO | RUN_MODE=deterministic_smoke_test | dataset=PlantVillage | method=UAMP-Net | stage=loader | lr=0.00005857 | val_macro_f1=88.2079 | prototype_update=no
2026-06-10 12:01:00 | INFO | RUN_MODE=deterministic_smoke_test | dataset=PlantVillage | method=UAMP-Net | stage=train | lr=0.00008175 | val_macro_f1=87.3529 | prototype_update=yes
2026-06-10 14:13:00 | INFO | RUN_MODE=deterministic_smoke_test | dataset=PlantVillage | method=UAMP-Net | stage=eval | lr=0.00005762 | val_macro_f1=90.8124 | prototype_update=no
2026-06-10 09:13:00 | INFO | RUN_MODE=deterministic_smoke_test | dataset=PlantDoc | method=ResNet-50 | stage=loader | lr=0.00009356 | val_macro_f1=86.7337 | prototype_update=no
2026-06-10 11:08:00 | INFO | RUN_MODE=deterministic_smoke_test | dataset=PlantDoc | method=ResNet-50 | stage=train | lr=0.00008241 | val_macro_f1=87.7698 | prototype_update=no
2026-06-10 12:55:00 | INFO | RUN_MODE=deterministic_smoke_test | dataset=PlantDoc | method=ResNet-50 | stage=eval | lr=0.00008972 | val_macro_f1=91.0503 | prototype_update=no
2026-06-10 09:12:00 | INFO | RUN_MODE=deterministic_smoke_test | dataset=PlantDoc | method=EfficientNet-B3 | stage=loader | lr=0.00005104 | val_macro_f1=87.6908 | prototype_update=no
2026-06-10 12:01:00 | INFO | RUN_MODE=deterministic_smoke_test | dataset=PlantDoc | method=EfficientNet-B3 | stage=train | lr=0.00006137 | val_macro_f1=85.9187 | prototype_update=no
2026-06-10 12:43:00 | INFO | RUN_MODE=deterministic_smoke_test | dataset=PlantDoc | method=EfficientNet-B3 | stage=eval | lr=0.00008361 | val_macro_f1=87.6799 | prototype_update=no
2026-06-10 08:38:00 | INFO | RUN_MODE=deterministic_smoke_test | dataset=PlantDoc | method=ConvNeXt-Tiny | stage=loader | lr=0.00005852 | val_macro_f1=91.5376 | prototype_update=no
2026-06-10 11:01:00 | INFO | RUN_MODE=deterministic_smoke_test | dataset=PlantDoc | method=ConvNeXt-Tiny | stage=train | lr=0.00009631 | val_macro_f1=87.6203 | prototype_update=no
2026-06-10 13:55:00 | INFO | RUN_MODE=deterministic_smoke_test | dataset=PlantDoc | method=ConvNeXt-Tiny | stage=eval | lr=0.00008098 | val_macro_f1=86.0514 | prototype_update=no
2026-06-10 08:48:00 | INFO | RUN_MODE=deterministic_smoke_test | dataset=PlantDoc | method=Swin-Tiny | stage=loader | lr=0.00008900 | val_macro_f1=86.8215 | prototype_update=no
2026-06-10 12:12:00 | INFO | RUN_MODE=deterministic_smoke_test | dataset=PlantDoc | method=Swin-Tiny | stage=train | lr=0.00008791 | val_macro_f1=87.4974 | prototype_update=no
2026-06-10 13:53:00 | INFO | RUN_MODE=deterministic_smoke_test | dataset=PlantDoc | method=Swin-Tiny | stage=eval | lr=0.00005125 | val_macro_f1=86.7450 | prototype_update=no
2026-06-10 09:52:00 | INFO | RUN_MODE=deterministic_smoke_test | dataset=PlantDoc | method=ConvNeXt+ARM | stage=loader | lr=0.00007498 | val_macro_f1=84.1708 | prototype_update=no
2026-06-10 11:25:00 | INFO | RUN_MODE=deterministic_smoke_test | dataset=PlantDoc | method=ConvNeXt+ARM | stage=train | lr=0.00005862 | val_macro_f1=88.9814 | prototype_update=no
2026-06-10 13:29:00 | INFO | RUN_MODE=deterministic_smoke_test | dataset=PlantDoc | method=ConvNeXt+ARM | stage=eval | lr=0.00006048 | val_macro_f1=89.0490 | prototype_update=no
2026-06-10 09:53:00 | INFO | RUN_MODE=deterministic_smoke_test | dataset=PlantDoc | method=UAMP-Net | stage=loader | lr=0.00007384 | val_macro_f1=93.8534 | prototype_update=no
2026-06-10 11:04:00 | INFO | RUN_MODE=deterministic_smoke_test | dataset=PlantDoc | method=UAMP-Net | stage=train | lr=0.00005640 | val_macro_f1=90.8500 | prototype_update=yes
2026-06-10 13:16:00 | INFO | RUN_MODE=deterministic_smoke_test | dataset=PlantDoc | method=UAMP-Net | stage=eval | lr=0.00006326 | val_macro_f1=89.0179 | prototype_update=no
2026-06-10 08:28:00 | INFO | RUN_MODE=deterministic_smoke_test | dataset=CUB-200-2011 | method=ResNet-50 | stage=loader | lr=0.00009358 | val_macro_f1=90.7019 | prototype_update=no
2026-06-10 11:06:00 | INFO | RUN_MODE=deterministic_smoke_test | dataset=CUB-200-2011 | method=ResNet-50 | stage=train | lr=0.00006345 | val_macro_f1=91.1734 | prototype_update=no
2026-06-10 12:39:00 | INFO | RUN_MODE=deterministic_smoke_test | dataset=CUB-200-2011 | method=ResNet-50 | stage=eval | lr=0.00009679 | val_macro_f1=86.6819 | prototype_update=no
2026-06-10 08:36:00 | INFO | RUN_MODE=deterministic_smoke_test | dataset=CUB-200-2011 | method=EfficientNet-B3 | stage=loader | lr=0.00008194 | val_macro_f1=87.8186 | prototype_update=no
2026-06-10 12:01:00 | INFO | RUN_MODE=deterministic_smoke_test | dataset=CUB-200-2011 | method=EfficientNet-B3 | stage=train | lr=0.00008934 | val_macro_f1=86.8022 | prototype_update=no
2026-06-10 13:57:00 | INFO | RUN_MODE=deterministic_smoke_test | dataset=CUB-200-2011 | method=EfficientNet-B3 | stage=eval | lr=0.00006855 | val_macro_f1=85.0363 | prototype_update=no
2026-06-10 09:16:00 | INFO | RUN_MODE=deterministic_smoke_test | dataset=CUB-200-2011 | method=ConvNeXt-Tiny | stage=loader | lr=0.00008131 | val_macro_f1=91.9642 | prototype_update=no
2026-06-10 10:45:00 | INFO | RUN_MODE=deterministic_smoke_test | dataset=CUB-200-2011 | method=ConvNeXt-Tiny | stage=train | lr=0.00006842 | val_macro_f1=89.4158 | prototype_update=no
2026-06-10 12:22:00 | INFO | RUN_MODE=deterministic_smoke_test | dataset=CUB-200-2011 | method=ConvNeXt-Tiny | stage=eval | lr=0.00006892 | val_macro_f1=91.4198 | prototype_update=no
2026-06-10 09:56:00 | INFO | RUN_MODE=deterministic_smoke_test | dataset=CUB-200-2011 | method=Swin-Tiny | stage=loader | lr=0.00005758 | val_macro_f1=84.7429 | prototype_update=no
2026-06-10 10:38:00 | INFO | RUN_MODE=deterministic_smoke_test | dataset=CUB-200-2011 | method=Swin-Tiny | stage=train | lr=0.00008758 | val_macro_f1=84.3472 | prototype_update=no
2026-06-10 12:52:00 | INFO | RUN_MODE=deterministic_smoke_test | dataset=CUB-200-2011 | method=Swin-Tiny | stage=eval | lr=0.00005844 | val_macro_f1=84.0624 | prototype_update=no
2026-06-10 09:00:00 | INFO | RUN_MODE=deterministic_smoke_test | dataset=CUB-200-2011 | method=ConvNeXt+ARM | stage=loader | lr=0.00009782 | val_macro_f1=87.3953 | prototype_update=no
2026-06-10 10:58:00 | INFO | RUN_MODE=deterministic_smoke_test | dataset=CUB-200-2011 | method=ConvNeXt+ARM | stage=train | lr=0.00007257 | val_macro_f1=91.1555 | prototype_update=no
2026-06-10 12:37:00 | INFO | RUN_MODE=deterministic_smoke_test | dataset=CUB-200-2011 | method=ConvNeXt+ARM | stage=eval | lr=0.00005975 | val_macro_f1=84.4839 | prototype_update=no
2026-06-10 09:45:00 | INFO | RUN_MODE=deterministic_smoke_test | dataset=CUB-200-2011 | method=UAMP-Net | stage=loader | lr=0.00007105 | val_macro_f1=93.4835 | prototype_update=no
2026-06-10 10:59:00 | INFO | RUN_MODE=deterministic_smoke_test | dataset=CUB-200-2011 | method=UAMP-Net | stage=train | lr=0.00007309 | val_macro_f1=87.7656 | prototype_update=yes
2026-06-10 13:49:00 | INFO | RUN_MODE=deterministic_smoke_test | dataset=CUB-200-2011 | method=UAMP-Net | stage=eval | lr=0.00008827 | val_macro_f1=87.8415 | prototype_update=no
2026-06-11 09:48:00 | INFO | RUN_MODE=deterministic_smoke_test | dataset=PlantVillage | method=ResNet-50 | stage=loader | lr=0.00007597 | val_macro_f1=90.1348 | prototype_update=no
2026-06-11 10:47:00 | INFO | RUN_MODE=deterministic_smoke_test | dataset=PlantVillage | method=ResNet-50 | stage=train | lr=0.00005539 | val_macro_f1=84.4938 | prototype_update=no
2026-06-11 13:06:00 | INFO | RUN_MODE=deterministic_smoke_test | dataset=PlantVillage | method=ResNet-50 | stage=eval | lr=0.00005293 | val_macro_f1=87.1939 | prototype_update=no
2026-06-11 08:56:00 | INFO | RUN_MODE=deterministic_smoke_test | dataset=PlantVillage | method=EfficientNet-B3 | stage=loader | lr=0.00006617 | val_macro_f1=91.8227 | prototype_update=no
2026-06-11 12:02:00 | INFO | RUN_MODE=deterministic_smoke_test | dataset=PlantVillage | method=EfficientNet-B3 | stage=train | lr=0.00006337 | val_macro_f1=88.0817 | prototype_update=no
2026-06-11 13:50:00 | INFO | RUN_MODE=deterministic_smoke_test | dataset=PlantVillage | method=EfficientNet-B3 | stage=eval | lr=0.00005021 | val_macro_f1=84.1846 | prototype_update=no
2026-06-11 08:38:00 | INFO | RUN_MODE=deterministic_smoke_test | dataset=PlantVillage | method=ConvNeXt-Tiny | stage=loader | lr=0.00007787 | val_macro_f1=84.9225 | prototype_update=no
2026-06-11 12:13:00 | INFO | RUN_MODE=deterministic_smoke_test | dataset=PlantVillage | method=ConvNeXt-Tiny | stage=train | lr=0.00007832 | val_macro_f1=84.3201 | prototype_update=no
2026-06-11 13:04:00 | INFO | RUN_MODE=deterministic_smoke_test | dataset=PlantVillage | method=ConvNeXt-Tiny | stage=eval | lr=0.00007886 | val_macro_f1=88.1370 | prototype_update=no
2026-06-11 09:54:00 | INFO | RUN_MODE=deterministic_smoke_test | dataset=PlantVillage | method=Swin-Tiny | stage=loader | lr=0.00006064 | val_macro_f1=91.9706 | prototype_update=no
2026-06-11 11:53:00 | INFO | RUN_MODE=deterministic_smoke_test | dataset=PlantVillage | method=Swin-Tiny | stage=train | lr=0.00009640 | val_macro_f1=85.4998 | prototype_update=no
2026-06-11 13:52:00 | INFO | RUN_MODE=deterministic_smoke_test | dataset=PlantVillage | method=Swin-Tiny | stage=eval | lr=0.00007487 | val_macro_f1=91.2210 | prototype_update=no
2026-06-11 08:30:00 | INFO | RUN_MODE=deterministic_smoke_test | dataset=PlantVillage | method=ConvNeXt+ARM | stage=loader | lr=0.00005078 | val_macro_f1=89.8653 | prototype_update=no
2026-06-11 11:43:00 | INFO | RUN_MODE=deterministic_smoke_test | dataset=PlantVillage | method=ConvNeXt+ARM | stage=train | lr=0.00005510 | val_macro_f1=88.2218 | prototype_update=no
2026-06-11 13:24:00 | INFO | RUN_MODE=deterministic_smoke_test | dataset=PlantVillage | method=ConvNeXt+ARM | stage=eval | lr=0.00005100 | val_macro_f1=89.9183 | prototype_update=no
2026-06-11 09:11:00 | INFO | RUN_MODE=deterministic_smoke_test | dataset=PlantVillage | method=UAMP-Net | stage=loader | lr=0.00007324 | val_macro_f1=88.2129 | prototype_update=no
2026-06-11 11:26:00 | INFO | RUN_MODE=deterministic_smoke_test | dataset=PlantVillage | method=UAMP-Net | stage=train | lr=0.00009180 | val_macro_f1=87.8898 | prototype_update=yes
2026-06-11 13:53:00 | INFO | RUN_MODE=deterministic_smoke_test | dataset=PlantVillage | method=UAMP-Net | stage=eval | lr=0.00008395 | val_macro_f1=88.7193 | prototype_update=no
2026-06-11 08:25:00 | INFO | RUN_MODE=deterministic_smoke_test | dataset=PlantDoc | method=ResNet-50 | stage=loader | lr=0.00009869 | val_macro_f1=89.3798 | prototype_update=no
2026-06-11 11:07:00 | INFO | RUN_MODE=deterministic_smoke_test | dataset=PlantDoc | method=ResNet-50 | stage=train | lr=0.00007579 | val_macro_f1=89.4177 | prototype_update=no
2026-06-11 13:33:00 | INFO | RUN_MODE=deterministic_smoke_test | dataset=PlantDoc | method=ResNet-50 | stage=eval | lr=0.00008527 | val_macro_f1=90.6851 | prototype_update=no
2026-06-11 08:40:00 | INFO | RUN_MODE=deterministic_smoke_test | dataset=PlantDoc | method=EfficientNet-B3 | stage=loader | lr=0.00009945 | val_macro_f1=84.1308 | prototype_update=no
2026-06-11 10:17:00 | INFO | RUN_MODE=deterministic_smoke_test | dataset=PlantDoc | method=EfficientNet-B3 | stage=train | lr=0.00007321 | val_macro_f1=89.3114 | prototype_update=no
2026-06-11 14:08:00 | INFO | RUN_MODE=deterministic_smoke_test | dataset=PlantDoc | method=EfficientNet-B3 | stage=eval | lr=0.00008468 | val_macro_f1=86.2639 | prototype_update=no
2026-06-11 08:29:00 | INFO | RUN_MODE=deterministic_smoke_test | dataset=PlantDoc | method=ConvNeXt-Tiny | stage=loader | lr=0.00008771 | val_macro_f1=86.8406 | prototype_update=no
2026-06-11 11:56:00 | INFO | RUN_MODE=deterministic_smoke_test | dataset=PlantDoc | method=ConvNeXt-Tiny | stage=train | lr=0.00005390 | val_macro_f1=86.2892 | prototype_update=no
2026-06-11 12:44:00 | INFO | RUN_MODE=deterministic_smoke_test | dataset=PlantDoc | method=ConvNeXt-Tiny | stage=eval | lr=0.00006751 | val_macro_f1=85.9773 | prototype_update=no
2026-06-11 08:23:00 | INFO | RUN_MODE=deterministic_smoke_test | dataset=PlantDoc | method=Swin-Tiny | stage=loader | lr=0.00007977 | val_macro_f1=87.3872 | prototype_update=no
2026-06-11 11:05:00 | INFO | RUN_MODE=deterministic_smoke_test | dataset=PlantDoc | method=Swin-Tiny | stage=train | lr=0.00006660 | val_macro_f1=86.1002 | prototype_update=no
2026-06-11 12:15:00 | INFO | RUN_MODE=deterministic_smoke_test | dataset=PlantDoc | method=Swin-Tiny | stage=eval | lr=0.00009788 | val_macro_f1=88.5989 | prototype_update=no
2026-06-11 09:23:00 | INFO | RUN_MODE=deterministic_smoke_test | dataset=PlantDoc | method=ConvNeXt+ARM | stage=loader | lr=0.00007650 | val_macro_f1=89.7027 | prototype_update=no
2026-06-11 10:33:00 | INFO | RUN_MODE=deterministic_smoke_test | dataset=PlantDoc | method=ConvNeXt+ARM | stage=train | lr=0.00005500 | val_macro_f1=90.7824 | prototype_update=no
2026-06-11 13:54:00 | INFO | RUN_MODE=deterministic_smoke_test | dataset=PlantDoc | method=ConvNeXt+ARM | stage=eval | lr=0.00009500 | val_macro_f1=90.0664 | prototype_update=no
2026-06-11 09:13:00 | INFO | RUN_MODE=deterministic_smoke_test | dataset=PlantDoc | method=UAMP-Net | stage=loader | lr=0.00006937 | val_macro_f1=87.4030 | prototype_update=no
2026-06-11 11:40:00 | INFO | RUN_MODE=deterministic_smoke_test | dataset=PlantDoc | method=UAMP-Net | stage=train | lr=0.00007808 | val_macro_f1=86.7667 | prototype_update=yes
2026-06-11 13:54:00 | INFO | RUN_MODE=deterministic_smoke_test | dataset=PlantDoc | method=UAMP-Net | stage=eval | lr=0.00008361 | val_macro_f1=87.4553 | prototype_update=no
2026-06-11 09:54:00 | INFO | RUN_MODE=deterministic_smoke_test | dataset=CUB-200-2011 | method=ResNet-50 | stage=loader | lr=0.00005376 | val_macro_f1=85.2066 | prototype_update=no
2026-06-11 11:26:00 | INFO | RUN_MODE=deterministic_smoke_test | dataset=CUB-200-2011 | method=ResNet-50 | stage=train | lr=0.00006029 | val_macro_f1=86.4831 | prototype_update=no
2026-06-11 13:44:00 | INFO | RUN_MODE=deterministic_smoke_test | dataset=CUB-200-2011 | method=ResNet-50 | stage=eval | lr=0.00005026 | val_macro_f1=85.8862 | prototype_update=no
2026-06-11 10:10:00 | INFO | RUN_MODE=deterministic_smoke_test | dataset=CUB-200-2011 | method=EfficientNet-B3 | stage=loader | lr=0.00005971 | val_macro_f1=87.4201 | prototype_update=no
2026-06-11 10:41:00 | INFO | RUN_MODE=deterministic_smoke_test | dataset=CUB-200-2011 | method=EfficientNet-B3 | stage=train | lr=0.00007966 | val_macro_f1=85.4762 | prototype_update=no
2026-06-11 12:21:00 | INFO | RUN_MODE=deterministic_smoke_test | dataset=CUB-200-2011 | method=EfficientNet-B3 | stage=eval | lr=0.00008951 | val_macro_f1=87.9738 | prototype_update=no
2026-06-11 09:07:00 | INFO | RUN_MODE=deterministic_smoke_test | dataset=CUB-200-2011 | method=ConvNeXt-Tiny | stage=loader | lr=0.00009466 | val_macro_f1=85.5149 | prototype_update=no
2026-06-11 10:56:00 | INFO | RUN_MODE=deterministic_smoke_test | dataset=CUB-200-2011 | method=ConvNeXt-Tiny | stage=train | lr=0.00007720 | val_macro_f1=87.0632 | prototype_update=no
2026-06-11 14:02:00 | INFO | RUN_MODE=deterministic_smoke_test | dataset=CUB-200-2011 | method=ConvNeXt-Tiny | stage=eval | lr=0.00006895 | val_macro_f1=90.5977 | prototype_update=no
2026-06-11 09:08:00 | INFO | RUN_MODE=deterministic_smoke_test | dataset=CUB-200-2011 | method=Swin-Tiny | stage=loader | lr=0.00007837 | val_macro_f1=88.5366 | prototype_update=no
2026-06-11 12:01:00 | INFO | RUN_MODE=deterministic_smoke_test | dataset=CUB-200-2011 | method=Swin-Tiny | stage=train | lr=0.00005572 | val_macro_f1=87.1943 | prototype_update=no
2026-06-11 12:40:00 | INFO | RUN_MODE=deterministic_smoke_test | dataset=CUB-200-2011 | method=Swin-Tiny | stage=eval | lr=0.00009906 | val_macro_f1=86.5806 | prototype_update=no
2026-06-11 10:07:00 | INFO | RUN_MODE=deterministic_smoke_test | dataset=CUB-200-2011 | method=ConvNeXt+ARM | stage=loader | lr=0.00009485 | val_macro_f1=88.2875 | prototype_update=no
2026-06-11 10:34:00 | INFO | RUN_MODE=deterministic_smoke_test | dataset=CUB-200-2011 | method=ConvNeXt+ARM | stage=train | lr=0.00006307 | val_macro_f1=91.7233 | prototype_update=no
2026-06-11 12:49:00 | INFO | RUN_MODE=deterministic_smoke_test | dataset=CUB-200-2011 | method=ConvNeXt+ARM | stage=eval | lr=0.00007878 | val_macro_f1=87.6895 | prototype_update=no
2026-06-11 09:08:00 | INFO | RUN_MODE=deterministic_smoke_test | dataset=CUB-200-2011 | method=UAMP-Net | stage=loader | lr=0.00007681 | val_macro_f1=88.9017 | prototype_update=no
2026-06-11 11:35:00 | INFO | RUN_MODE=deterministic_smoke_test | dataset=CUB-200-2011 | method=UAMP-Net | stage=train | lr=0.00007657 | val_macro_f1=92.8097 | prototype_update=yes
2026-06-11 13:32:00 | INFO | RUN_MODE=deterministic_smoke_test | dataset=CUB-200-2011 | method=UAMP-Net | stage=eval | lr=0.00007897 | val_macro_f1=87.4626 | prototype_update=no
2026-06-12 08:59:00 | INFO | RUN_MODE=deterministic_smoke_test | dataset=PlantVillage | method=ResNet-50 | stage=loader | lr=0.00009879 | val_macro_f1=84.3240 | prototype_update=no
2026-06-12 12:13:00 | INFO | RUN_MODE=deterministic_smoke_test | dataset=PlantVillage | method=ResNet-50 | stage=train | lr=0.00009577 | val_macro_f1=87.5631 | prototype_update=no
2026-06-12 13:50:00 | INFO | RUN_MODE=deterministic_smoke_test | dataset=PlantVillage | method=ResNet-50 | stage=eval | lr=0.00008371 | val_macro_f1=87.3761 | prototype_update=no
2026-06-12 09:46:00 | INFO | RUN_MODE=deterministic_smoke_test | dataset=PlantVillage | method=EfficientNet-B3 | stage=loader | lr=0.00005746 | val_macro_f1=91.6251 | prototype_update=no
2026-06-12 12:08:00 | INFO | RUN_MODE=deterministic_smoke_test | dataset=PlantVillage | method=EfficientNet-B3 | stage=train | lr=0.00005587 | val_macro_f1=87.0852 | prototype_update=no
2026-06-12 13:44:00 | INFO | RUN_MODE=deterministic_smoke_test | dataset=PlantVillage | method=EfficientNet-B3 | stage=eval | lr=0.00008043 | val_macro_f1=86.4092 | prototype_update=no
2026-06-12 09:35:00 | INFO | RUN_MODE=deterministic_smoke_test | dataset=PlantVillage | method=ConvNeXt-Tiny | stage=loader | lr=0.00007701 | val_macro_f1=87.4577 | prototype_update=no
2026-06-12 10:49:00 | INFO | RUN_MODE=deterministic_smoke_test | dataset=PlantVillage | method=ConvNeXt-Tiny | stage=train | lr=0.00006866 | val_macro_f1=86.8409 | prototype_update=no
2026-06-12 14:01:00 | INFO | RUN_MODE=deterministic_smoke_test | dataset=PlantVillage | method=ConvNeXt-Tiny | stage=eval | lr=0.00008708 | val_macro_f1=90.2468 | prototype_update=no
2026-06-12 10:11:00 | INFO | RUN_MODE=deterministic_smoke_test | dataset=PlantVillage | method=Swin-Tiny | stage=loader | lr=0.00008195 | val_macro_f1=87.6960 | prototype_update=no
2026-06-12 10:45:00 | INFO | RUN_MODE=deterministic_smoke_test | dataset=PlantVillage | method=Swin-Tiny | stage=train | lr=0.00005607 | val_macro_f1=87.5871 | prototype_update=no
2026-06-12 13:33:00 | INFO | RUN_MODE=deterministic_smoke_test | dataset=PlantVillage | method=Swin-Tiny | stage=eval | lr=0.00008610 | val_macro_f1=90.0846 | prototype_update=no
2026-06-12 09:02:00 | INFO | RUN_MODE=deterministic_smoke_test | dataset=PlantVillage | method=ConvNeXt+ARM | stage=loader | lr=0.00005729 | val_macro_f1=84.2350 | prototype_update=no
2026-06-12 11:13:00 | INFO | RUN_MODE=deterministic_smoke_test | dataset=PlantVillage | method=ConvNeXt+ARM | stage=train | lr=0.00005178 | val_macro_f1=87.8866 | prototype_update=no
2026-06-12 12:50:00 | INFO | RUN_MODE=deterministic_smoke_test | dataset=PlantVillage | method=ConvNeXt+ARM | stage=eval | lr=0.00007252 | val_macro_f1=88.3524 | prototype_update=no
2026-06-12 09:28:00 | INFO | RUN_MODE=deterministic_smoke_test | dataset=PlantVillage | method=UAMP-Net | stage=loader | lr=0.00005850 | val_macro_f1=91.9534 | prototype_update=no
2026-06-12 10:17:00 | INFO | RUN_MODE=deterministic_smoke_test | dataset=PlantVillage | method=UAMP-Net | stage=train | lr=0.00005445 | val_macro_f1=90.1312 | prototype_update=yes
2026-06-12 13:09:00 | INFO | RUN_MODE=deterministic_smoke_test | dataset=PlantVillage | method=UAMP-Net | stage=eval | lr=0.00009493 | val_macro_f1=93.4129 | prototype_update=no
2026-06-12 08:29:00 | INFO | RUN_MODE=deterministic_smoke_test | dataset=PlantDoc | method=ResNet-50 | stage=loader | lr=0.00008740 | val_macro_f1=85.0499 | prototype_update=no
2026-06-12 10:55:00 | INFO | RUN_MODE=deterministic_smoke_test | dataset=PlantDoc | method=ResNet-50 | stage=train | lr=0.00008073 | val_macro_f1=87.4355 | prototype_update=no
2026-06-12 13:17:00 | INFO | RUN_MODE=deterministic_smoke_test | dataset=PlantDoc | method=ResNet-50 | stage=eval | lr=0.00008001 | val_macro_f1=90.4501 | prototype_update=no
2026-06-12 09:10:00 | INFO | RUN_MODE=deterministic_smoke_test | dataset=PlantDoc | method=EfficientNet-B3 | stage=loader | lr=0.00008177 | val_macro_f1=84.1891 | prototype_update=no
2026-06-12 11:19:00 | INFO | RUN_MODE=deterministic_smoke_test | dataset=PlantDoc | method=EfficientNet-B3 | stage=train | lr=0.00007047 | val_macro_f1=88.7556 | prototype_update=no
2026-06-12 12:18:00 | INFO | RUN_MODE=deterministic_smoke_test | dataset=PlantDoc | method=EfficientNet-B3 | stage=eval | lr=0.00005591 | val_macro_f1=87.3856 | prototype_update=no
2026-06-12 08:24:00 | INFO | RUN_MODE=deterministic_smoke_test | dataset=PlantDoc | method=ConvNeXt-Tiny | stage=loader | lr=0.00005094 | val_macro_f1=86.8391 | prototype_update=no
2026-06-12 11:58:00 | INFO | RUN_MODE=deterministic_smoke_test | dataset=PlantDoc | method=ConvNeXt-Tiny | stage=train | lr=0.00006770 | val_macro_f1=89.9583 | prototype_update=no
2026-06-12 12:46:00 | INFO | RUN_MODE=deterministic_smoke_test | dataset=PlantDoc | method=ConvNeXt-Tiny | stage=eval | lr=0.00007386 | val_macro_f1=91.9670 | prototype_update=no
2026-06-12 09:13:00 | INFO | RUN_MODE=deterministic_smoke_test | dataset=PlantDoc | method=Swin-Tiny | stage=loader | lr=0.00009453 | val_macro_f1=86.5038 | prototype_update=no
2026-06-12 11:26:00 | INFO | RUN_MODE=deterministic_smoke_test | dataset=PlantDoc | method=Swin-Tiny | stage=train | lr=0.00005420 | val_macro_f1=87.8790 | prototype_update=no
2026-06-12 13:52:00 | INFO | RUN_MODE=deterministic_smoke_test | dataset=PlantDoc | method=Swin-Tiny | stage=eval | lr=0.00008789 | val_macro_f1=91.7309 | prototype_update=no
2026-06-12 09:50:00 | INFO | RUN_MODE=deterministic_smoke_test | dataset=PlantDoc | method=ConvNeXt+ARM | stage=loader | lr=0.00005029 | val_macro_f1=86.7167 | prototype_update=no
2026-06-12 11:01:00 | INFO | RUN_MODE=deterministic_smoke_test | dataset=PlantDoc | method=ConvNeXt+ARM | stage=train | lr=0.00009129 | val_macro_f1=88.5160 | prototype_update=no
2026-06-12 12:17:00 | INFO | RUN_MODE=deterministic_smoke_test | dataset=PlantDoc | method=ConvNeXt+ARM | stage=eval | lr=0.00009185 | val_macro_f1=88.1925 | prototype_update=no
2026-06-12 09:27:00 | INFO | RUN_MODE=deterministic_smoke_test | dataset=PlantDoc | method=UAMP-Net | stage=loader | lr=0.00009868 | val_macro_f1=92.7205 | prototype_update=no
2026-06-12 11:25:00 | INFO | RUN_MODE=deterministic_smoke_test | dataset=PlantDoc | method=UAMP-Net | stage=train | lr=0.00009183 | val_macro_f1=91.9104 | prototype_update=yes
2026-06-12 12:37:00 | INFO | RUN_MODE=deterministic_smoke_test | dataset=PlantDoc | method=UAMP-Net | stage=eval | lr=0.00007295 | val_macro_f1=90.2599 | prototype_update=no
2026-06-12 09:53:00 | INFO | RUN_MODE=deterministic_smoke_test | dataset=CUB-200-2011 | method=ResNet-50 | stage=loader | lr=0.00005166 | val_macro_f1=89.4126 | prototype_update=no
2026-06-12 11:56:00 | INFO | RUN_MODE=deterministic_smoke_test | dataset=CUB-200-2011 | method=ResNet-50 | stage=train | lr=0.00006263 | val_macro_f1=86.5024 | prototype_update=no
2026-06-12 13:08:00 | INFO | RUN_MODE=deterministic_smoke_test | dataset=CUB-200-2011 | method=ResNet-50 | stage=eval | lr=0.00009594 | val_macro_f1=86.3195 | prototype_update=no
2026-06-12 09:42:00 | INFO | RUN_MODE=deterministic_smoke_test | dataset=CUB-200-2011 | method=EfficientNet-B3 | stage=loader | lr=0.00006916 | val_macro_f1=86.3130 | prototype_update=no
2026-06-12 10:17:00 | INFO | RUN_MODE=deterministic_smoke_test | dataset=CUB-200-2011 | method=EfficientNet-B3 | stage=train | lr=0.00005665 | val_macro_f1=89.1725 | prototype_update=no
2026-06-12 13:50:00 | INFO | RUN_MODE=deterministic_smoke_test | dataset=CUB-200-2011 | method=EfficientNet-B3 | stage=eval | lr=0.00007528 | val_macro_f1=86.2416 | prototype_update=no
2026-06-12 08:26:00 | INFO | RUN_MODE=deterministic_smoke_test | dataset=CUB-200-2011 | method=ConvNeXt-Tiny | stage=loader | lr=0.00007069 | val_macro_f1=91.1490 | prototype_update=no
2026-06-12 11:52:00 | INFO | RUN_MODE=deterministic_smoke_test | dataset=CUB-200-2011 | method=ConvNeXt-Tiny | stage=train | lr=0.00006879 | val_macro_f1=86.0594 | prototype_update=no
2026-06-12 13:32:00 | INFO | RUN_MODE=deterministic_smoke_test | dataset=CUB-200-2011 | method=ConvNeXt-Tiny | stage=eval | lr=0.00008928 | val_macro_f1=87.1137 | prototype_update=no
2026-06-12 08:24:00 | INFO | RUN_MODE=deterministic_smoke_test | dataset=CUB-200-2011 | method=Swin-Tiny | stage=loader | lr=0.00005224 | val_macro_f1=89.7305 | prototype_update=no
2026-06-12 12:13:00 | INFO | RUN_MODE=deterministic_smoke_test | dataset=CUB-200-2011 | method=Swin-Tiny | stage=train | lr=0.00007374 | val_macro_f1=88.7529 | prototype_update=no
2026-06-12 12:38:00 | INFO | RUN_MODE=deterministic_smoke_test | dataset=CUB-200-2011 | method=Swin-Tiny | stage=eval | lr=0.00008100 | val_macro_f1=84.1872 | prototype_update=no
2026-06-12 08:27:00 | INFO | RUN_MODE=deterministic_smoke_test | dataset=CUB-200-2011 | method=ConvNeXt+ARM | stage=loader | lr=0.00008765 | val_macro_f1=90.9148 | prototype_update=no
2026-06-12 11:20:00 | INFO | RUN_MODE=deterministic_smoke_test | dataset=CUB-200-2011 | method=ConvNeXt+ARM | stage=train | lr=0.00006999 | val_macro_f1=89.0116 | prototype_update=no
2026-06-12 12:43:00 | INFO | RUN_MODE=deterministic_smoke_test | dataset=CUB-200-2011 | method=ConvNeXt+ARM | stage=eval | lr=0.00006191 | val_macro_f1=86.2196 | prototype_update=no
2026-06-12 08:58:00 | INFO | RUN_MODE=deterministic_smoke_test | dataset=CUB-200-2011 | method=UAMP-Net | stage=loader | lr=0.00007127 | val_macro_f1=87.6229 | prototype_update=no
2026-06-12 10:32:00 | INFO | RUN_MODE=deterministic_smoke_test | dataset=CUB-200-2011 | method=UAMP-Net | stage=train | lr=0.00006428 | val_macro_f1=91.3958 | prototype_update=yes
2026-06-12 12:16:00 | INFO | RUN_MODE=deterministic_smoke_test | dataset=CUB-200-2011 | method=UAMP-Net | stage=eval | lr=0.00009951 | val_macro_f1=86.7010 | prototype_update=no
2026-06-13 09:49:00 | INFO | RUN_MODE=deterministic_smoke_test | dataset=PlantVillage | method=ResNet-50 | stage=loader | lr=0.00005302 | val_macro_f1=86.3689 | prototype_update=no
2026-06-13 10:44:00 | INFO | RUN_MODE=deterministic_smoke_test | dataset=PlantVillage | method=ResNet-50 | stage=train | lr=0.00006321 | val_macro_f1=91.6743 | prototype_update=no
2026-06-13 13:05:00 | INFO | RUN_MODE=deterministic_smoke_test | dataset=PlantVillage | method=ResNet-50 | stage=eval | lr=0.00009428 | val_macro_f1=87.4988 | prototype_update=no
2026-06-13 08:31:00 | INFO | RUN_MODE=deterministic_smoke_test | dataset=PlantVillage | method=EfficientNet-B3 | stage=loader | lr=0.00006907 | val_macro_f1=86.8092 | prototype_update=no
2026-06-13 12:07:00 | INFO | RUN_MODE=deterministic_smoke_test | dataset=PlantVillage | method=EfficientNet-B3 | stage=train | lr=0.00007371 | val_macro_f1=91.1166 | prototype_update=no
2026-06-13 12:34:00 | INFO | RUN_MODE=deterministic_smoke_test | dataset=PlantVillage | method=EfficientNet-B3 | stage=eval | lr=0.00007032 | val_macro_f1=85.4812 | prototype_update=no
2026-06-13 09:42:00 | INFO | RUN_MODE=deterministic_smoke_test | dataset=PlantVillage | method=ConvNeXt-Tiny | stage=loader | lr=0.00006027 | val_macro_f1=91.9921 | prototype_update=no
2026-06-13 11:22:00 | INFO | RUN_MODE=deterministic_smoke_test | dataset=PlantVillage | method=ConvNeXt-Tiny | stage=train | lr=0.00007618 | val_macro_f1=86.5553 | prototype_update=no
2026-06-13 13:35:00 | INFO | RUN_MODE=deterministic_smoke_test | dataset=PlantVillage | method=ConvNeXt-Tiny | stage=eval | lr=0.00008685 | val_macro_f1=84.9183 | prototype_update=no
2026-06-13 09:34:00 | INFO | RUN_MODE=deterministic_smoke_test | dataset=PlantVillage | method=Swin-Tiny | stage=loader | lr=0.00006450 | val_macro_f1=85.1390 | prototype_update=no
2026-06-13 11:07:00 | INFO | RUN_MODE=deterministic_smoke_test | dataset=PlantVillage | method=Swin-Tiny | stage=train | lr=0.00005222 | val_macro_f1=89.6478 | prototype_update=no
2026-06-13 13:12:00 | INFO | RUN_MODE=deterministic_smoke_test | dataset=PlantVillage | method=Swin-Tiny | stage=eval | lr=0.00006213 | val_macro_f1=84.1999 | prototype_update=no
2026-06-13 09:29:00 | INFO | RUN_MODE=deterministic_smoke_test | dataset=PlantVillage | method=ConvNeXt+ARM | stage=loader | lr=0.00007857 | val_macro_f1=84.9360 | prototype_update=no
2026-06-13 10:21:00 | INFO | RUN_MODE=deterministic_smoke_test | dataset=PlantVillage | method=ConvNeXt+ARM | stage=train | lr=0.00006820 | val_macro_f1=90.9347 | prototype_update=no
2026-06-13 12:21:00 | INFO | RUN_MODE=deterministic_smoke_test | dataset=PlantVillage | method=ConvNeXt+ARM | stage=eval | lr=0.00007935 | val_macro_f1=85.0645 | prototype_update=no
2026-06-13 08:48:00 | INFO | RUN_MODE=deterministic_smoke_test | dataset=PlantVillage | method=UAMP-Net | stage=loader | lr=0.00005588 | val_macro_f1=92.4187 | prototype_update=no
2026-06-13 11:44:00 | INFO | RUN_MODE=deterministic_smoke_test | dataset=PlantVillage | method=UAMP-Net | stage=train | lr=0.00006558 | val_macro_f1=93.5889 | prototype_update=yes
2026-06-13 12:27:00 | INFO | RUN_MODE=deterministic_smoke_test | dataset=PlantVillage | method=UAMP-Net | stage=eval | lr=0.00009957 | val_macro_f1=90.0946 | prototype_update=no
2026-06-13 08:40:00 | INFO | RUN_MODE=deterministic_smoke_test | dataset=PlantDoc | method=ResNet-50 | stage=loader | lr=0.00006672 | val_macro_f1=87.0626 | prototype_update=no
2026-06-13 10:30:00 | INFO | RUN_MODE=deterministic_smoke_test | dataset=PlantDoc | method=ResNet-50 | stage=train | lr=0.00005509 | val_macro_f1=91.6654 | prototype_update=no
2026-06-13 12:23:00 | INFO | RUN_MODE=deterministic_smoke_test | dataset=PlantDoc | method=ResNet-50 | stage=eval | lr=0.00009577 | val_macro_f1=90.0693 | prototype_update=no
2026-06-13 09:54:00 | INFO | RUN_MODE=deterministic_smoke_test | dataset=PlantDoc | method=EfficientNet-B3 | stage=loader | lr=0.00007811 | val_macro_f1=86.4733 | prototype_update=no
2026-06-13 11:05:00 | INFO | RUN_MODE=deterministic_smoke_test | dataset=PlantDoc | method=EfficientNet-B3 | stage=train | lr=0.00005384 | val_macro_f1=88.6028 | prototype_update=no
2026-06-13 12:59:00 | INFO | RUN_MODE=deterministic_smoke_test | dataset=PlantDoc | method=EfficientNet-B3 | stage=eval | lr=0.00007168 | val_macro_f1=86.0970 | prototype_update=no
2026-06-13 08:40:00 | INFO | RUN_MODE=deterministic_smoke_test | dataset=PlantDoc | method=ConvNeXt-Tiny | stage=loader | lr=0.00005210 | val_macro_f1=85.4451 | prototype_update=no
2026-06-13 10:42:00 | INFO | RUN_MODE=deterministic_smoke_test | dataset=PlantDoc | method=ConvNeXt-Tiny | stage=train | lr=0.00007312 | val_macro_f1=89.5476 | prototype_update=no
2026-06-13 12:41:00 | INFO | RUN_MODE=deterministic_smoke_test | dataset=PlantDoc | method=ConvNeXt-Tiny | stage=eval | lr=0.00005422 | val_macro_f1=86.1293 | prototype_update=no
2026-06-13 09:01:00 | INFO | RUN_MODE=deterministic_smoke_test | dataset=PlantDoc | method=Swin-Tiny | stage=loader | lr=0.00009074 | val_macro_f1=91.7996 | prototype_update=no
2026-06-13 11:07:00 | INFO | RUN_MODE=deterministic_smoke_test | dataset=PlantDoc | method=Swin-Tiny | stage=train | lr=0.00009629 | val_macro_f1=85.8415 | prototype_update=no
2026-06-13 12:43:00 | INFO | RUN_MODE=deterministic_smoke_test | dataset=PlantDoc | method=Swin-Tiny | stage=eval | lr=0.00007504 | val_macro_f1=87.0830 | prototype_update=no
2026-06-13 09:36:00 | INFO | RUN_MODE=deterministic_smoke_test | dataset=PlantDoc | method=ConvNeXt+ARM | stage=loader | lr=0.00009931 | val_macro_f1=91.9394 | prototype_update=no
2026-06-13 10:58:00 | INFO | RUN_MODE=deterministic_smoke_test | dataset=PlantDoc | method=ConvNeXt+ARM | stage=train | lr=0.00007146 | val_macro_f1=86.4099 | prototype_update=no
2026-06-13 13:07:00 | INFO | RUN_MODE=deterministic_smoke_test | dataset=PlantDoc | method=ConvNeXt+ARM | stage=eval | lr=0.00009300 | val_macro_f1=84.7180 | prototype_update=no
2026-06-13 09:42:00 | INFO | RUN_MODE=deterministic_smoke_test | dataset=PlantDoc | method=UAMP-Net | stage=loader | lr=0.00009368 | val_macro_f1=91.5720 | prototype_update=no
2026-06-13 11:03:00 | INFO | RUN_MODE=deterministic_smoke_test | dataset=PlantDoc | method=UAMP-Net | stage=train | lr=0.00008035 | val_macro_f1=87.6906 | prototype_update=yes
2026-06-13 12:30:00 | INFO | RUN_MODE=deterministic_smoke_test | dataset=PlantDoc | method=UAMP-Net | stage=eval | lr=0.00006072 | val_macro_f1=89.7894 | prototype_update=no
2026-06-13 09:56:00 | INFO | RUN_MODE=deterministic_smoke_test | dataset=CUB-200-2011 | method=ResNet-50 | stage=loader | lr=0.00007189 | val_macro_f1=90.5829 | prototype_update=no
2026-06-13 10:33:00 | INFO | RUN_MODE=deterministic_smoke_test | dataset=CUB-200-2011 | method=ResNet-50 | stage=train | lr=0.00008757 | val_macro_f1=86.9739 | prototype_update=no
2026-06-13 12:38:00 | INFO | RUN_MODE=deterministic_smoke_test | dataset=CUB-200-2011 | method=ResNet-50 | stage=eval | lr=0.00005099 | val_macro_f1=85.3397 | prototype_update=no
2026-06-13 09:28:00 | INFO | RUN_MODE=deterministic_smoke_test | dataset=CUB-200-2011 | method=EfficientNet-B3 | stage=loader | lr=0.00007018 | val_macro_f1=87.4098 | prototype_update=no
2026-06-13 12:11:00 | INFO | RUN_MODE=deterministic_smoke_test | dataset=CUB-200-2011 | method=EfficientNet-B3 | stage=train | lr=0.00009926 | val_macro_f1=86.8140 | prototype_update=no
2026-06-13 12:18:00 | INFO | RUN_MODE=deterministic_smoke_test | dataset=CUB-200-2011 | method=EfficientNet-B3 | stage=eval | lr=0.00007457 | val_macro_f1=89.1202 | prototype_update=no
2026-06-13 09:42:00 | INFO | RUN_MODE=deterministic_smoke_test | dataset=CUB-200-2011 | method=ConvNeXt-Tiny | stage=loader | lr=0.00009169 | val_macro_f1=84.6065 | prototype_update=no
2026-06-13 11:27:00 | INFO | RUN_MODE=deterministic_smoke_test | dataset=CUB-200-2011 | method=ConvNeXt-Tiny | stage=train | lr=0.00009309 | val_macro_f1=87.9541 | prototype_update=no
2026-06-13 12:53:00 | INFO | RUN_MODE=deterministic_smoke_test | dataset=CUB-200-2011 | method=ConvNeXt-Tiny | stage=eval | lr=0.00009095 | val_macro_f1=86.9157 | prototype_update=no
2026-06-13 10:08:00 | INFO | RUN_MODE=deterministic_smoke_test | dataset=CUB-200-2011 | method=Swin-Tiny | stage=loader | lr=0.00007329 | val_macro_f1=87.4709 | prototype_update=no
2026-06-13 11:59:00 | INFO | RUN_MODE=deterministic_smoke_test | dataset=CUB-200-2011 | method=Swin-Tiny | stage=train | lr=0.00009529 | val_macro_f1=90.5266 | prototype_update=no
2026-06-13 13:30:00 | INFO | RUN_MODE=deterministic_smoke_test | dataset=CUB-200-2011 | method=Swin-Tiny | stage=eval | lr=0.00009716 | val_macro_f1=84.3188 | prototype_update=no
2026-06-13 09:36:00 | INFO | RUN_MODE=deterministic_smoke_test | dataset=CUB-200-2011 | method=ConvNeXt+ARM | stage=loader | lr=0.00007826 | val_macro_f1=88.6601 | prototype_update=no
2026-06-13 11:22:00 | INFO | RUN_MODE=deterministic_smoke_test | dataset=CUB-200-2011 | method=ConvNeXt+ARM | stage=train | lr=0.00009683 | val_macro_f1=90.9363 | prototype_update=no
2026-06-13 12:42:00 | INFO | RUN_MODE=deterministic_smoke_test | dataset=CUB-200-2011 | method=ConvNeXt+ARM | stage=eval | lr=0.00007861 | val_macro_f1=91.3662 | prototype_update=no
2026-06-13 10:02:00 | INFO | RUN_MODE=deterministic_smoke_test | dataset=CUB-200-2011 | method=UAMP-Net | stage=loader | lr=0.00009420 | val_macro_f1=90.1716 | prototype_update=no
2026-06-13 10:45:00 | INFO | RUN_MODE=deterministic_smoke_test | dataset=CUB-200-2011 | method=UAMP-Net | stage=train | lr=0.00009140 | val_macro_f1=91.2805 | prototype_update=yes
2026-06-13 13:23:00 | INFO | RUN_MODE=deterministic_smoke_test | dataset=CUB-200-2011 | method=UAMP-Net | stage=eval | lr=0.00007744 | val_macro_f1=86.5594 | prototype_update=no
2026-06-14 09:26:00 | INFO | RUN_MODE=deterministic_smoke_test | dataset=PlantVillage | method=ResNet-50 | stage=loader | lr=0.00005367 | val_macro_f1=85.4345 | prototype_update=no
2026-06-14 11:33:00 | INFO | RUN_MODE=deterministic_smoke_test | dataset=PlantVillage | method=ResNet-50 | stage=train | lr=0.00008388 | val_macro_f1=86.6282 | prototype_update=no
2026-06-14 14:05:00 | INFO | RUN_MODE=deterministic_smoke_test | dataset=PlantVillage | method=ResNet-50 | stage=eval | lr=0.00007946 | val_macro_f1=87.7651 | prototype_update=no
2026-06-14 09:25:00 | INFO | RUN_MODE=deterministic_smoke_test | dataset=PlantVillage | method=EfficientNet-B3 | stage=loader | lr=0.00008737 | val_macro_f1=88.1057 | prototype_update=no
2026-06-14 11:01:00 | INFO | RUN_MODE=deterministic_smoke_test | dataset=PlantVillage | method=EfficientNet-B3 | stage=train | lr=0.00009089 | val_macro_f1=87.8373 | prototype_update=no
2026-06-14 12:26:00 | INFO | RUN_MODE=deterministic_smoke_test | dataset=PlantVillage | method=EfficientNet-B3 | stage=eval | lr=0.00007379 | val_macro_f1=86.3680 | prototype_update=no
2026-06-14 09:42:00 | INFO | RUN_MODE=deterministic_smoke_test | dataset=PlantVillage | method=ConvNeXt-Tiny | stage=loader | lr=0.00007136 | val_macro_f1=87.2185 | prototype_update=no
2026-06-14 10:37:00 | INFO | RUN_MODE=deterministic_smoke_test | dataset=PlantVillage | method=ConvNeXt-Tiny | stage=train | lr=0.00005024 | val_macro_f1=90.5942 | prototype_update=no
2026-06-14 12:44:00 | INFO | RUN_MODE=deterministic_smoke_test | dataset=PlantVillage | method=ConvNeXt-Tiny | stage=eval | lr=0.00007770 | val_macro_f1=87.0139 | prototype_update=no
2026-06-14 09:52:00 | INFO | RUN_MODE=deterministic_smoke_test | dataset=PlantVillage | method=Swin-Tiny | stage=loader | lr=0.00006397 | val_macro_f1=85.5561 | prototype_update=no
2026-06-14 10:58:00 | INFO | RUN_MODE=deterministic_smoke_test | dataset=PlantVillage | method=Swin-Tiny | stage=train | lr=0.00008889 | val_macro_f1=86.5673 | prototype_update=no
2026-06-14 13:30:00 | INFO | RUN_MODE=deterministic_smoke_test | dataset=PlantVillage | method=Swin-Tiny | stage=eval | lr=0.00009909 | val_macro_f1=85.9662 | prototype_update=no
2026-06-14 10:07:00 | INFO | RUN_MODE=deterministic_smoke_test | dataset=PlantVillage | method=ConvNeXt+ARM | stage=loader | lr=0.00006477 | val_macro_f1=86.7607 | prototype_update=no
2026-06-14 11:46:00 | INFO | RUN_MODE=deterministic_smoke_test | dataset=PlantVillage | method=ConvNeXt+ARM | stage=train | lr=0.00006875 | val_macro_f1=91.8457 | prototype_update=no
2026-06-14 12:33:00 | INFO | RUN_MODE=deterministic_smoke_test | dataset=PlantVillage | method=ConvNeXt+ARM | stage=eval | lr=0.00009251 | val_macro_f1=86.5938 | prototype_update=no
2026-06-14 10:02:00 | INFO | RUN_MODE=deterministic_smoke_test | dataset=PlantVillage | method=UAMP-Net | stage=loader | lr=0.00006374 | val_macro_f1=93.8266 | prototype_update=no
2026-06-14 10:23:00 | INFO | RUN_MODE=deterministic_smoke_test | dataset=PlantVillage | method=UAMP-Net | stage=train | lr=0.00009035 | val_macro_f1=91.9373 | prototype_update=yes
2026-06-14 14:04:00 | INFO | RUN_MODE=deterministic_smoke_test | dataset=PlantVillage | method=UAMP-Net | stage=eval | lr=0.00009700 | val_macro_f1=91.7469 | prototype_update=no
2026-06-14 08:18:00 | INFO | RUN_MODE=deterministic_smoke_test | dataset=PlantDoc | method=ResNet-50 | stage=loader | lr=0.00006351 | val_macro_f1=84.6685 | prototype_update=no
2026-06-14 10:31:00 | INFO | RUN_MODE=deterministic_smoke_test | dataset=PlantDoc | method=ResNet-50 | stage=train | lr=0.00006111 | val_macro_f1=85.4555 | prototype_update=no
2026-06-14 13:43:00 | INFO | RUN_MODE=deterministic_smoke_test | dataset=PlantDoc | method=ResNet-50 | stage=eval | lr=0.00005933 | val_macro_f1=85.0680 | prototype_update=no
2026-06-14 10:12:00 | INFO | RUN_MODE=deterministic_smoke_test | dataset=PlantDoc | method=EfficientNet-B3 | stage=loader | lr=0.00007107 | val_macro_f1=91.7865 | prototype_update=no
2026-06-14 10:45:00 | INFO | RUN_MODE=deterministic_smoke_test | dataset=PlantDoc | method=EfficientNet-B3 | stage=train | lr=0.00006620 | val_macro_f1=89.1377 | prototype_update=no
2026-06-14 13:52:00 | INFO | RUN_MODE=deterministic_smoke_test | dataset=PlantDoc | method=EfficientNet-B3 | stage=eval | lr=0.00009874 | val_macro_f1=90.9023 | prototype_update=no
2026-06-14 08:43:00 | INFO | RUN_MODE=deterministic_smoke_test | dataset=PlantDoc | method=ConvNeXt-Tiny | stage=loader | lr=0.00007460 | val_macro_f1=89.4781 | prototype_update=no
2026-06-14 10:38:00 | INFO | RUN_MODE=deterministic_smoke_test | dataset=PlantDoc | method=ConvNeXt-Tiny | stage=train | lr=0.00009414 | val_macro_f1=86.3214 | prototype_update=no
2026-06-14 13:04:00 | INFO | RUN_MODE=deterministic_smoke_test | dataset=PlantDoc | method=ConvNeXt-Tiny | stage=eval | lr=0.00007414 | val_macro_f1=85.0812 | prototype_update=no
2026-06-14 09:44:00 | INFO | RUN_MODE=deterministic_smoke_test | dataset=PlantDoc | method=Swin-Tiny | stage=loader | lr=0.00006154 | val_macro_f1=89.7228 | prototype_update=no
2026-06-14 11:07:00 | INFO | RUN_MODE=deterministic_smoke_test | dataset=PlantDoc | method=Swin-Tiny | stage=train | lr=0.00005657 | val_macro_f1=90.8662 | prototype_update=no
2026-06-14 12:26:00 | INFO | RUN_MODE=deterministic_smoke_test | dataset=PlantDoc | method=Swin-Tiny | stage=eval | lr=0.00006066 | val_macro_f1=84.2445 | prototype_update=no
2026-06-14 09:16:00 | INFO | RUN_MODE=deterministic_smoke_test | dataset=PlantDoc | method=ConvNeXt+ARM | stage=loader | lr=0.00007874 | val_macro_f1=85.8542 | prototype_update=no
2026-06-14 11:16:00 | INFO | RUN_MODE=deterministic_smoke_test | dataset=PlantDoc | method=ConvNeXt+ARM | stage=train | lr=0.00008604 | val_macro_f1=90.6618 | prototype_update=no
2026-06-14 12:45:00 | INFO | RUN_MODE=deterministic_smoke_test | dataset=PlantDoc | method=ConvNeXt+ARM | stage=eval | lr=0.00009279 | val_macro_f1=86.6425 | prototype_update=no
2026-06-14 08:40:00 | INFO | RUN_MODE=deterministic_smoke_test | dataset=PlantDoc | method=UAMP-Net | stage=loader | lr=0.00006736 | val_macro_f1=87.2598 | prototype_update=no
2026-06-14 11:16:00 | INFO | RUN_MODE=deterministic_smoke_test | dataset=PlantDoc | method=UAMP-Net | stage=train | lr=0.00007228 | val_macro_f1=92.5579 | prototype_update=yes
2026-06-14 13:02:00 | INFO | RUN_MODE=deterministic_smoke_test | dataset=PlantDoc | method=UAMP-Net | stage=eval | lr=0.00006395 | val_macro_f1=89.7037 | prototype_update=no
2026-06-14 09:44:00 | INFO | RUN_MODE=deterministic_smoke_test | dataset=CUB-200-2011 | method=ResNet-50 | stage=loader | lr=0.00005842 | val_macro_f1=86.0847 | prototype_update=no
2026-06-14 10:16:00 | INFO | RUN_MODE=deterministic_smoke_test | dataset=CUB-200-2011 | method=ResNet-50 | stage=train | lr=0.00007931 | val_macro_f1=85.7324 | prototype_update=no
2026-06-14 13:05:00 | INFO | RUN_MODE=deterministic_smoke_test | dataset=CUB-200-2011 | method=ResNet-50 | stage=eval | lr=0.00005974 | val_macro_f1=86.4681 | prototype_update=no
2026-06-14 09:04:00 | INFO | RUN_MODE=deterministic_smoke_test | dataset=CUB-200-2011 | method=EfficientNet-B3 | stage=loader | lr=0.00008695 | val_macro_f1=87.6975 | prototype_update=no
2026-06-14 12:10:00 | INFO | RUN_MODE=deterministic_smoke_test | dataset=CUB-200-2011 | method=EfficientNet-B3 | stage=train | lr=0.00009804 | val_macro_f1=90.5596 | prototype_update=no
2026-06-14 13:33:00 | INFO | RUN_MODE=deterministic_smoke_test | dataset=CUB-200-2011 | method=EfficientNet-B3 | stage=eval | lr=0.00006135 | val_macro_f1=89.7593 | prototype_update=no
2026-06-14 08:52:00 | INFO | RUN_MODE=deterministic_smoke_test | dataset=CUB-200-2011 | method=ConvNeXt-Tiny | stage=loader | lr=0.00005029 | val_macro_f1=88.9820 | prototype_update=no
2026-06-14 11:32:00 | INFO | RUN_MODE=deterministic_smoke_test | dataset=CUB-200-2011 | method=ConvNeXt-Tiny | stage=train | lr=0.00009332 | val_macro_f1=86.3910 | prototype_update=no
2026-06-14 14:05:00 | INFO | RUN_MODE=deterministic_smoke_test | dataset=CUB-200-2011 | method=ConvNeXt-Tiny | stage=eval | lr=0.00008987 | val_macro_f1=84.7623 | prototype_update=no
2026-06-14 09:05:00 | INFO | RUN_MODE=deterministic_smoke_test | dataset=CUB-200-2011 | method=Swin-Tiny | stage=loader | lr=0.00009289 | val_macro_f1=89.0040 | prototype_update=no
2026-06-14 11:40:00 | INFO | RUN_MODE=deterministic_smoke_test | dataset=CUB-200-2011 | method=Swin-Tiny | stage=train | lr=0.00007562 | val_macro_f1=90.9695 | prototype_update=no
2026-06-14 14:05:00 | INFO | RUN_MODE=deterministic_smoke_test | dataset=CUB-200-2011 | method=Swin-Tiny | stage=eval | lr=0.00009857 | val_macro_f1=89.3418 | prototype_update=no
2026-06-14 08:55:00 | INFO | RUN_MODE=deterministic_smoke_test | dataset=CUB-200-2011 | method=ConvNeXt+ARM | stage=loader | lr=0.00009978 | val_macro_f1=85.0519 | prototype_update=no
2026-06-14 10:50:00 | INFO | RUN_MODE=deterministic_smoke_test | dataset=CUB-200-2011 | method=ConvNeXt+ARM | stage=train | lr=0.00006653 | val_macro_f1=84.8966 | prototype_update=no
2026-06-14 13:20:00 | INFO | RUN_MODE=deterministic_smoke_test | dataset=CUB-200-2011 | method=ConvNeXt+ARM | stage=eval | lr=0.00007005 | val_macro_f1=90.8086 | prototype_update=no
2026-06-14 08:30:00 | INFO | RUN_MODE=deterministic_smoke_test | dataset=CUB-200-2011 | method=UAMP-Net | stage=loader | lr=0.00006495 | val_macro_f1=87.7738 | prototype_update=no
2026-06-14 10:21:00 | INFO | RUN_MODE=deterministic_smoke_test | dataset=CUB-200-2011 | method=UAMP-Net | stage=train | lr=0.00006221 | val_macro_f1=93.0868 | prototype_update=yes
2026-06-14 12:24:00 | INFO | RUN_MODE=deterministic_smoke_test | dataset=CUB-200-2011 | method=UAMP-Net | stage=eval | lr=0.00007147 | val_macro_f1=93.1512 | prototype_update=no
