2026-06-22 09:29:00 | INFO | RUN_MODE=deterministic_smoke_test | dataset=PlantVillage | method=ResNet-50 | stage=loader | lr=0.00009817 | val_macro_f1=86.4554 | prototype_update=no
2026-06-22 10:48:00 | INFO | RUN_MODE=deterministic_smoke_test | dataset=PlantVillage | method=ResNet-50 | stage=train | lr=0.00009791 | val_macro_f1=91.5054 | prototype_update=no
2026-06-22 13:11:00 | INFO | RUN_MODE=deterministic_smoke_test | dataset=PlantVillage | method=ResNet-50 | stage=eval | lr=0.00005256 | val_macro_f1=90.8980 | prototype_update=no
2026-06-22 10:12:00 | INFO | RUN_MODE=deterministic_smoke_test | dataset=PlantVillage | method=EfficientNet-B3 | stage=loader | lr=0.00006639 | val_macro_f1=90.5090 | prototype_update=no
2026-06-22 10:26:00 | INFO | RUN_MODE=deterministic_smoke_test | dataset=PlantVillage | method=EfficientNet-B3 | stage=train | lr=0.00007696 | val_macro_f1=85.1869 | prototype_update=no
2026-06-22 13:37:00 | INFO | RUN_MODE=deterministic_smoke_test | dataset=PlantVillage | method=EfficientNet-B3 | stage=eval | lr=0.00008614 | val_macro_f1=85.1403 | prototype_update=no
2026-06-22 08:48:00 | INFO | RUN_MODE=deterministic_smoke_test | dataset=PlantVillage | method=ConvNeXt-Tiny | stage=loader | lr=0.00007533 | val_macro_f1=84.7257 | prototype_update=no
2026-06-22 10:47:00 | INFO | RUN_MODE=deterministic_smoke_test | dataset=PlantVillage | method=ConvNeXt-Tiny | stage=train | lr=0.00005894 | val_macro_f1=86.2087 | prototype_update=no
2026-06-22 14:09:00 | INFO | RUN_MODE=deterministic_smoke_test | dataset=PlantVillage | method=ConvNeXt-Tiny | stage=eval | lr=0.00007738 | val_macro_f1=86.7484 | prototype_update=no
2026-06-22 08:53:00 | INFO | RUN_MODE=deterministic_smoke_test | dataset=PlantVillage | method=Swin-Tiny | stage=loader | lr=0.00006113 | val_macro_f1=85.2134 | prototype_update=no
2026-06-22 11:11:00 | INFO | RUN_MODE=deterministic_smoke_test | dataset=PlantVillage | method=Swin-Tiny | stage=train | lr=0.00008301 | val_macro_f1=85.9634 | prototype_update=no
2026-06-22 13:24:00 | INFO | RUN_MODE=deterministic_smoke_test | dataset=PlantVillage | method=Swin-Tiny | stage=eval | lr=0.00007617 | val_macro_f1=89.2194 | prototype_update=no
2026-06-22 08:23:00 | INFO | RUN_MODE=deterministic_smoke_test | dataset=PlantVillage | method=ConvNeXt+ARM | stage=loader | lr=0.00007585 | val_macro_f1=87.8800 | prototype_update=no
2026-06-22 11:56:00 | INFO | RUN_MODE=deterministic_smoke_test | dataset=PlantVillage | method=ConvNeXt+ARM | stage=train | lr=0.00008277 | val_macro_f1=84.6103 | prototype_update=no
2026-06-22 13:52:00 | INFO | RUN_MODE=deterministic_smoke_test | dataset=PlantVillage | method=ConvNeXt+ARM | stage=eval | lr=0.00007266 | val_macro_f1=87.7864 | prototype_update=no
2026-06-22 08:45:00 | INFO | RUN_MODE=deterministic_smoke_test | dataset=PlantVillage | method=UAMP-Net | stage=loader | lr=0.00009994 | val_macro_f1=91.3418 | prototype_update=no
2026-06-22 11:24:00 | INFO | RUN_MODE=deterministic_smoke_test | dataset=PlantVillage | method=UAMP-Net | stage=train | lr=0.00006371 | val_macro_f1=92.9670 | prototype_update=yes
2026-06-22 13:03:00 | INFO | RUN_MODE=deterministic_smoke_test | dataset=PlantVillage | method=UAMP-Net | stage=eval | lr=0.00006064 | val_macro_f1=87.4267 | prototype_update=no
2026-06-22 09:35:00 | INFO | RUN_MODE=deterministic_smoke_test | dataset=PlantDoc | method=ResNet-50 | stage=loader | lr=0.00006688 | val_macro_f1=84.4097 | prototype_update=no
2026-06-22 11:10:00 | INFO | RUN_MODE=deterministic_smoke_test | dataset=PlantDoc | method=ResNet-50 | stage=train | lr=0.00006741 | val_macro_f1=84.3480 | prototype_update=no
2026-06-22 13:37:00 | INFO | RUN_MODE=deterministic_smoke_test | dataset=PlantDoc | method=ResNet-50 | stage=eval | lr=0.00009749 | val_macro_f1=88.5895 | prototype_update=no
2026-06-22 09:31:00 | INFO | RUN_MODE=deterministic_smoke_test | dataset=PlantDoc | method=EfficientNet-B3 | stage=loader | lr=0.00006637 | val_macro_f1=88.4557 | prototype_update=no
2026-06-22 10:15:00 | INFO | RUN_MODE=deterministic_smoke_test | dataset=PlantDoc | method=EfficientNet-B3 | stage=train | lr=0.00007526 | val_macro_f1=90.9624 | prototype_update=no
2026-06-22 14:02:00 | INFO | RUN_MODE=deterministic_smoke_test | dataset=PlantDoc | method=EfficientNet-B3 | stage=eval | lr=0.00005556 | val_macro_f1=84.4279 | prototype_update=no
2026-06-22 09:04:00 | INFO | RUN_MODE=deterministic_smoke_test | dataset=PlantDoc | method=ConvNeXt-Tiny | stage=loader | lr=0.00009646 | val_macro_f1=84.0860 | prototype_update=no
2026-06-22 10:59:00 | INFO | RUN_MODE=deterministic_smoke_test | dataset=PlantDoc | method=ConvNeXt-Tiny | stage=train | lr=0.00006124 | val_macro_f1=91.1174 | prototype_update=no
2026-06-22 14:08:00 | INFO | RUN_MODE=deterministic_smoke_test | dataset=PlantDoc | method=ConvNeXt-Tiny | stage=eval | lr=0.00008071 | val_macro_f1=90.8538 | prototype_update=no
2026-06-22 08:21:00 | INFO | RUN_MODE=deterministic_smoke_test | dataset=PlantDoc | method=Swin-Tiny | stage=loader | lr=0.00007846 | val_macro_f1=88.4439 | prototype_update=no
2026-06-22 11:10:00 | INFO | RUN_MODE=deterministic_smoke_test | dataset=PlantDoc | method=Swin-Tiny | stage=train | lr=0.00009813 | val_macro_f1=85.7758 | prototype_update=no
2026-06-22 14:06:00 | INFO | RUN_MODE=deterministic_smoke_test | dataset=PlantDoc | method=Swin-Tiny | stage=eval | lr=0.00007200 | val_macro_f1=87.6635 | prototype_update=no
2026-06-22 09:55:00 | INFO | RUN_MODE=deterministic_smoke_test | dataset=PlantDoc | method=ConvNeXt+ARM | stage=loader | lr=0.00006720 | val_macro_f1=87.7504 | prototype_update=no
2026-06-22 10:50:00 | INFO | RUN_MODE=deterministic_smoke_test | dataset=PlantDoc | method=ConvNeXt+ARM | stage=train | lr=0.00005185 | val_macro_f1=86.8466 | prototype_update=no
2026-06-22 13:56:00 | INFO | RUN_MODE=deterministic_smoke_test | dataset=PlantDoc | method=ConvNeXt+ARM | stage=eval | lr=0.00005895 | val_macro_f1=88.6699 | prototype_update=no
2026-06-22 09:40:00 | INFO | RUN_MODE=deterministic_smoke_test | dataset=PlantDoc | method=UAMP-Net | stage=loader | lr=0.00007553 | val_macro_f1=86.2109 | prototype_update=no
2026-06-22 12:08:00 | INFO | RUN_MODE=deterministic_smoke_test | dataset=PlantDoc | method=UAMP-Net | stage=train | lr=0.00005279 | val_macro_f1=89.9111 | prototype_update=yes
2026-06-22 13:41:00 | INFO | RUN_MODE=deterministic_smoke_test | dataset=PlantDoc | method=UAMP-Net | stage=eval | lr=0.00006943 | val_macro_f1=87.5236 | prototype_update=no
2026-06-22 08:53:00 | INFO | RUN_MODE=deterministic_smoke_test | dataset=CUB-200-2011 | method=ResNet-50 | stage=loader | lr=0.00009358 | val_macro_f1=89.4134 | prototype_update=no
2026-06-22 11:44:00 | INFO | RUN_MODE=deterministic_smoke_test | dataset=CUB-200-2011 | method=ResNet-50 | stage=train | lr=0.00008790 | val_macro_f1=88.7518 | prototype_update=no
2026-06-22 12:48:00 | INFO | RUN_MODE=deterministic_smoke_test | dataset=CUB-200-2011 | method=ResNet-50 | stage=eval | lr=0.00009119 | val_macro_f1=84.3470 | prototype_update=no
2026-06-22 10:13:00 | INFO | RUN_MODE=deterministic_smoke_test | dataset=CUB-200-2011 | method=EfficientNet-B3 | stage=loader | lr=0.00009215 | val_macro_f1=91.2095 | prototype_update=no
2026-06-22 10:21:00 | INFO | RUN_MODE=deterministic_smoke_test | dataset=CUB-200-2011 | method=EfficientNet-B3 | stage=train | lr=0.00005080 | val_macro_f1=86.5601 | prototype_update=no
2026-06-22 12:24:00 | INFO | RUN_MODE=deterministic_smoke_test | dataset=CUB-200-2011 | method=EfficientNet-B3 | stage=eval | lr=0.00005733 | val_macro_f1=86.4996 | prototype_update=no
2026-06-22 10:13:00 | INFO | RUN_MODE=deterministic_smoke_test | dataset=CUB-200-2011 | method=ConvNeXt-Tiny | stage=loader | lr=0.00006005 | val_macro_f1=84.4655 | prototype_update=no
2026-06-22 11:11:00 | INFO | RUN_MODE=deterministic_smoke_test | dataset=CUB-200-2011 | method=ConvNeXt-Tiny | stage=train | lr=0.00005498 | val_macro_f1=90.8284 | prototype_update=no
2026-06-22 13:01:00 | INFO | RUN_MODE=deterministic_smoke_test | dataset=CUB-200-2011 | method=ConvNeXt-Tiny | stage=eval | lr=0.00006746 | val_macro_f1=91.4794 | prototype_update=no
2026-06-22 09:57:00 | INFO | RUN_MODE=deterministic_smoke_test | dataset=CUB-200-2011 | method=Swin-Tiny | stage=loader | lr=0.00007966 | val_macro_f1=88.3035 | prototype_update=no
2026-06-22 11:26:00 | INFO | RUN_MODE=deterministic_smoke_test | dataset=CUB-200-2011 | method=Swin-Tiny | stage=train | lr=0.00008008 | val_macro_f1=89.3063 | prototype_update=no
2026-06-22 13:37:00 | INFO | RUN_MODE=deterministic_smoke_test | dataset=CUB-200-2011 | method=Swin-Tiny | stage=eval | lr=0.00006652 | val_macro_f1=84.4977 | prototype_update=no
2026-06-22 10:08:00 | INFO | RUN_MODE=deterministic_smoke_test | dataset=CUB-200-2011 | method=ConvNeXt+ARM | stage=loader | lr=0.00006365 | val_macro_f1=91.5160 | prototype_update=no
2026-06-22 11:57:00 | INFO | RUN_MODE=deterministic_smoke_test | dataset=CUB-200-2011 | method=ConvNeXt+ARM | stage=train | lr=0.00007555 | val_macro_f1=86.7069 | prototype_update=no
2026-06-22 14:00:00 | INFO | RUN_MODE=deterministic_smoke_test | dataset=CUB-200-2011 | method=ConvNeXt+ARM | stage=eval | lr=0.00006679 | val_macro_f1=90.4882 | prototype_update=no
2026-06-22 08:18:00 | INFO | RUN_MODE=deterministic_smoke_test | dataset=CUB-200-2011 | method=UAMP-Net | stage=loader | lr=0.00009935 | val_macro_f1=88.1557 | prototype_update=no
2026-06-22 10:46:00 | INFO | RUN_MODE=deterministic_smoke_test | dataset=CUB-200-2011 | method=UAMP-Net | stage=train | lr=0.00005456 | val_macro_f1=87.3789 | prototype_update=yes
2026-06-22 14:12:00 | INFO | RUN_MODE=deterministic_smoke_test | dataset=CUB-200-2011 | method=UAMP-Net | stage=eval | lr=0.00008961 | val_macro_f1=86.5151 | prototype_update=no
2026-06-23 09:22:00 | INFO | RUN_MODE=deterministic_smoke_test | dataset=PlantVillage | method=ResNet-50 | stage=loader | lr=0.00008001 | val_macro_f1=91.5039 | prototype_update=no
2026-06-23 10:42:00 | INFO | RUN_MODE=deterministic_smoke_test | dataset=PlantVillage | method=ResNet-50 | stage=train | lr=0.00005856 | val_macro_f1=85.9958 | prototype_update=no
2026-06-23 13:34:00 | INFO | RUN_MODE=deterministic_smoke_test | dataset=PlantVillage | method=ResNet-50 | stage=eval | lr=0.00007093 | val_macro_f1=91.4575 | prototype_update=no
2026-06-23 08:56:00 | INFO | RUN_MODE=deterministic_smoke_test | dataset=PlantVillage | method=EfficientNet-B3 | stage=loader | lr=0.00005496 | val_macro_f1=88.5127 | prototype_update=no
2026-06-23 11:19:00 | INFO | RUN_MODE=deterministic_smoke_test | dataset=PlantVillage | method=EfficientNet-B3 | stage=train | lr=0.00008774 | val_macro_f1=88.8951 | prototype_update=no
2026-06-23 13:19:00 | INFO | RUN_MODE=deterministic_smoke_test | dataset=PlantVillage | method=EfficientNet-B3 | stage=eval | lr=0.00009478 | val_macro_f1=84.2598 | prototype_update=no
2026-06-23 09:49:00 | INFO | RUN_MODE=deterministic_smoke_test | dataset=PlantVillage | method=ConvNeXt-Tiny | stage=loader | lr=0.00006590 | val_macro_f1=89.8141 | prototype_update=no
2026-06-23 11:02:00 | INFO | RUN_MODE=deterministic_smoke_test | dataset=PlantVillage | method=ConvNeXt-Tiny | stage=train | lr=0.00005312 | val_macro_f1=89.6363 | prototype_update=no
2026-06-23 13:19:00 | INFO | RUN_MODE=deterministic_smoke_test | dataset=PlantVillage | method=ConvNeXt-Tiny | stage=eval | lr=0.00007815 | val_macro_f1=87.4776 | prototype_update=no
2026-06-23 09:48:00 | INFO | RUN_MODE=deterministic_smoke_test | dataset=PlantVillage | method=Swin-Tiny | stage=loader | lr=0.00005766 | val_macro_f1=88.8990 | prototype_update=no
2026-06-23 10:55:00 | INFO | RUN_MODE=deterministic_smoke_test | dataset=PlantVillage | method=Swin-Tiny | stage=train | lr=0.00007842 | val_macro_f1=90.2742 | prototype_update=no
2026-06-23 12:30:00 | INFO | RUN_MODE=deterministic_smoke_test | dataset=PlantVillage | method=Swin-Tiny | stage=eval | lr=0.00009428 | val_macro_f1=84.6862 | prototype_update=no
2026-06-23 09:27:00 | INFO | RUN_MODE=deterministic_smoke_test | dataset=PlantVillage | method=ConvNeXt+ARM | stage=loader | lr=0.00008687 | val_macro_f1=91.0705 | prototype_update=no
2026-06-23 11:57:00 | INFO | RUN_MODE=deterministic_smoke_test | dataset=PlantVillage | method=ConvNeXt+ARM | stage=train | lr=0.00008296 | val_macro_f1=91.4809 | prototype_update=no
2026-06-23 12:39:00 | INFO | RUN_MODE=deterministic_smoke_test | dataset=PlantVillage | method=ConvNeXt+ARM | stage=eval | lr=0.00005212 | val_macro_f1=89.2562 | prototype_update=no
2026-06-23 09:07:00 | INFO | RUN_MODE=deterministic_smoke_test | dataset=PlantVillage | method=UAMP-Net | stage=loader | lr=0.00005845 | val_macro_f1=93.5523 | prototype_update=no
2026-06-23 11:42:00 | INFO | RUN_MODE=deterministic_smoke_test | dataset=PlantVillage | method=UAMP-Net | stage=train | lr=0.00009522 | val_macro_f1=91.3356 | prototype_update=yes
2026-06-23 13:35:00 | INFO | RUN_MODE=deterministic_smoke_test | dataset=PlantVillage | method=UAMP-Net | stage=eval | lr=0.00008508 | val_macro_f1=88.3564 | prototype_update=no
2026-06-23 09:51:00 | INFO | RUN_MODE=deterministic_smoke_test | dataset=PlantDoc | method=ResNet-50 | stage=loader | lr=0.00009628 | val_macro_f1=88.3438 | prototype_update=no
2026-06-23 10:32:00 | INFO | RUN_MODE=deterministic_smoke_test | dataset=PlantDoc | method=ResNet-50 | stage=train | lr=0.00008419 | val_macro_f1=91.5362 | prototype_update=no
2026-06-23 13:29:00 | INFO | RUN_MODE=deterministic_smoke_test | dataset=PlantDoc | method=ResNet-50 | stage=eval | lr=0.00007446 | val_macro_f1=91.1380 | prototype_update=no
2026-06-23 09:25:00 | INFO | RUN_MODE=deterministic_smoke_test | dataset=PlantDoc | method=EfficientNet-B3 | stage=loader | lr=0.00009115 | val_macro_f1=88.1298 | prototype_update=no
2026-06-23 11:45:00 | INFO | RUN_MODE=deterministic_smoke_test | dataset=PlantDoc | method=EfficientNet-B3 | stage=train | lr=0.00009366 | val_macro_f1=87.8919 | prototype_update=no
2026-06-23 13:36:00 | INFO | RUN_MODE=deterministic_smoke_test | dataset=PlantDoc | method=EfficientNet-B3 | stage=eval | lr=0.00009194 | val_macro_f1=85.8749 | prototype_update=no
2026-06-23 09:20:00 | INFO | RUN_MODE=deterministic_smoke_test | dataset=PlantDoc | method=ConvNeXt-Tiny | stage=loader | lr=0.00006587 | val_macro_f1=88.3365 | prototype_update=no
2026-06-23 10:15:00 | INFO | RUN_MODE=deterministic_smoke_test | dataset=PlantDoc | method=ConvNeXt-Tiny | stage=train | lr=0.00006154 | val_macro_f1=88.3513 | prototype_update=no
2026-06-23 13:43:00 | INFO | RUN_MODE=deterministic_smoke_test | dataset=PlantDoc | method=ConvNeXt-Tiny | stage=eval | lr=0.00007182 | val_macro_f1=85.1056 | prototype_update=no
2026-06-23 09:05:00 | INFO | RUN_MODE=deterministic_smoke_test | dataset=PlantDoc | method=Swin-Tiny | stage=loader | lr=0.00009781 | val_macro_f1=90.4109 | prototype_update=no
2026-06-23 10:31:00 | INFO | RUN_MODE=deterministic_smoke_test | dataset=PlantDoc | method=Swin-Tiny | stage=train | lr=0.00007731 | val_macro_f1=88.4812 | prototype_update=no
2026-06-23 14:09:00 | INFO | RUN_MODE=deterministic_smoke_test | dataset=PlantDoc | method=Swin-Tiny | stage=eval | lr=0.00007239 | val_macro_f1=91.4168 | prototype_update=no
2026-06-23 09:04:00 | INFO | RUN_MODE=deterministic_smoke_test | dataset=PlantDoc | method=ConvNeXt+ARM | stage=loader | lr=0.00007814 | val_macro_f1=87.8034 | prototype_update=no
2026-06-23 10:26:00 | INFO | RUN_MODE=deterministic_smoke_test | dataset=PlantDoc | method=ConvNeXt+ARM | stage=train | lr=0.00006349 | val_macro_f1=85.9411 | prototype_update=no
2026-06-23 13:33:00 | INFO | RUN_MODE=deterministic_smoke_test | dataset=PlantDoc | method=ConvNeXt+ARM | stage=eval | lr=0.00005672 | val_macro_f1=88.6528 | prototype_update=no
2026-06-23 10:01:00 | INFO | RUN_MODE=deterministic_smoke_test | dataset=PlantDoc | method=UAMP-Net | stage=loader | lr=0.00008452 | val_macro_f1=88.9343 | prototype_update=no
2026-06-23 10:38:00 | INFO | RUN_MODE=deterministic_smoke_test | dataset=PlantDoc | method=UAMP-Net | stage=train | lr=0.00006891 | val_macro_f1=93.2868 | prototype_update=yes
2026-06-23 14:04:00 | INFO | RUN_MODE=deterministic_smoke_test | dataset=PlantDoc | method=UAMP-Net | stage=eval | lr=0.00008588 | val_macro_f1=90.7208 | prototype_update=no
2026-06-23 09:45:00 | INFO | RUN_MODE=deterministic_smoke_test | dataset=CUB-200-2011 | method=ResNet-50 | stage=loader | lr=0.00006672 | val_macro_f1=87.0381 | prototype_update=no
2026-06-23 12:04:00 | INFO | RUN_MODE=deterministic_smoke_test | dataset=CUB-200-2011 | method=ResNet-50 | stage=train | lr=0.00006517 | val_macro_f1=87.5552 | prototype_update=no
2026-06-23 13:44:00 | INFO | RUN_MODE=deterministic_smoke_test | dataset=CUB-200-2011 | method=ResNet-50 | stage=eval | lr=0.00008940 | val_macro_f1=85.9858 | prototype_update=no
2026-06-23 09:08:00 | INFO | RUN_MODE=deterministic_smoke_test | dataset=CUB-200-2011 | method=EfficientNet-B3 | stage=loader | lr=0.00005034 | val_macro_f1=89.8158 | prototype_update=no
2026-06-23 11:19:00 | INFO | RUN_MODE=deterministic_smoke_test | dataset=CUB-200-2011 | method=EfficientNet-B3 | stage=train | lr=0.00008479 | val_macro_f1=84.8672 | prototype_update=no
2026-06-23 13:25:00 | INFO | RUN_MODE=deterministic_smoke_test | dataset=CUB-200-2011 | method=EfficientNet-B3 | stage=eval | lr=0.00006189 | val_macro_f1=87.1440 | prototype_update=no
2026-06-23 09:48:00 | INFO | RUN_MODE=deterministic_smoke_test | dataset=CUB-200-2011 | method=ConvNeXt-Tiny | stage=loader | lr=0.00005448 | val_macro_f1=91.6594 | prototype_update=no
2026-06-23 11:48:00 | INFO | RUN_MODE=deterministic_smoke_test | dataset=CUB-200-2011 | method=ConvNeXt-Tiny | stage=train | lr=0.00006033 | val_macro_f1=86.8113 | prototype_update=no
2026-06-23 12:46:00 | INFO | RUN_MODE=deterministic_smoke_test | dataset=CUB-200-2011 | method=ConvNeXt-Tiny | stage=eval | lr=0.00006685 | val_macro_f1=91.5874 | prototype_update=no
2026-06-23 09:39:00 | INFO | RUN_MODE=deterministic_smoke_test | dataset=CUB-200-2011 | method=Swin-Tiny | stage=loader | lr=0.00006938 | val_macro_f1=90.8148 | prototype_update=no
2026-06-23 11:35:00 | INFO | RUN_MODE=deterministic_smoke_test | dataset=CUB-200-2011 | method=Swin-Tiny | stage=train | lr=0.00009440 | val_macro_f1=91.3295 | prototype_update=no
2026-06-23 14:02:00 | INFO | RUN_MODE=deterministic_smoke_test | dataset=CUB-200-2011 | method=Swin-Tiny | stage=eval | lr=0.00008820 | val_macro_f1=89.9303 | prototype_update=no
2026-06-23 08:54:00 | INFO | RUN_MODE=deterministic_smoke_test | dataset=CUB-200-2011 | method=ConvNeXt+ARM | stage=loader | lr=0.00009769 | val_macro_f1=89.4134 | prototype_update=no
2026-06-23 10:52:00 | INFO | RUN_MODE=deterministic_smoke_test | dataset=CUB-200-2011 | method=ConvNeXt+ARM | stage=train | lr=0.00005989 | val_macro_f1=91.0460 | prototype_update=no
2026-06-23 12:18:00 | INFO | RUN_MODE=deterministic_smoke_test | dataset=CUB-200-2011 | method=ConvNeXt+ARM | stage=eval | lr=0.00009019 | val_macro_f1=87.4568 | prototype_update=no
2026-06-23 10:02:00 | INFO | RUN_MODE=deterministic_smoke_test | dataset=CUB-200-2011 | method=UAMP-Net | stage=loader | lr=0.00009640 | val_macro_f1=91.7694 | prototype_update=no
2026-06-23 11:41:00 | INFO | RUN_MODE=deterministic_smoke_test | dataset=CUB-200-2011 | method=UAMP-Net | stage=train | lr=0.00005074 | val_macro_f1=90.3248 | prototype_update=yes
2026-06-23 12:54:00 | INFO | RUN_MODE=deterministic_smoke_test | dataset=CUB-200-2011 | method=UAMP-Net | stage=eval | lr=0.00007590 | val_macro_f1=90.5788 | prototype_update=no
2026-06-24 08:26:00 | INFO | RUN_MODE=deterministic_smoke_test | dataset=PlantVillage | method=ResNet-50 | stage=loader | lr=0.00005852 | val_macro_f1=88.7823 | prototype_update=no
2026-06-24 11:54:00 | INFO | RUN_MODE=deterministic_smoke_test | dataset=PlantVillage | method=ResNet-50 | stage=train | lr=0.00009272 | val_macro_f1=91.2221 | prototype_update=no
2026-06-24 14:00:00 | INFO | RUN_MODE=deterministic_smoke_test | dataset=PlantVillage | method=ResNet-50 | stage=eval | lr=0.00007301 | val_macro_f1=84.7570 | prototype_update=no
2026-06-24 09:56:00 | INFO | RUN_MODE=deterministic_smoke_test | dataset=PlantVillage | method=EfficientNet-B3 | stage=loader | lr=0.00009728 | val_macro_f1=87.6139 | prototype_update=no
2026-06-24 10:39:00 | INFO | RUN_MODE=deterministic_smoke_test | dataset=PlantVillage | method=EfficientNet-B3 | stage=train | lr=0.00005548 | val_macro_f1=84.7255 | prototype_update=no
2026-06-24 13:43:00 | INFO | RUN_MODE=deterministic_smoke_test | dataset=PlantVillage | method=EfficientNet-B3 | stage=eval | lr=0.00009467 | val_macro_f1=90.0737 | prototype_update=no
2026-06-24 09:45:00 | INFO | RUN_MODE=deterministic_smoke_test | dataset=PlantVillage | method=ConvNeXt-Tiny | stage=loader | lr=0.00008163 | val_macro_f1=84.2073 | prototype_update=no
2026-06-24 11:52:00 | INFO | RUN_MODE=deterministic_smoke_test | dataset=PlantVillage | method=ConvNeXt-Tiny | stage=train | lr=0.00007098 | val_macro_f1=89.1291 | prototype_update=no
2026-06-24 13:52:00 | INFO | RUN_MODE=deterministic_smoke_test | dataset=PlantVillage | method=ConvNeXt-Tiny | stage=eval | lr=0.00008534 | val_macro_f1=91.6638 | prototype_update=no
2026-06-24 10:04:00 | INFO | RUN_MODE=deterministic_smoke_test | dataset=PlantVillage | method=Swin-Tiny | stage=loader | lr=0.00007710 | val_macro_f1=90.8566 | prototype_update=no
2026-06-24 10:22:00 | INFO | RUN_MODE=deterministic_smoke_test | dataset=PlantVillage | method=Swin-Tiny | stage=train | lr=0.00006698 | val_macro_f1=87.3132 | prototype_update=no
2026-06-24 13:00:00 | INFO | RUN_MODE=deterministic_smoke_test | dataset=PlantVillage | method=Swin-Tiny | stage=eval | lr=0.00007439 | val_macro_f1=84.8665 | prototype_update=no
2026-06-24 09:25:00 | INFO | RUN_MODE=deterministic_smoke_test | dataset=PlantVillage | method=ConvNeXt+ARM | stage=loader | lr=0.00005437 | val_macro_f1=87.1003 | prototype_update=no
2026-06-24 10:37:00 | INFO | RUN_MODE=deterministic_smoke_test | dataset=PlantVillage | method=ConvNeXt+ARM | stage=train | lr=0.00007879 | val_macro_f1=90.0402 | prototype_update=no
2026-06-24 12:19:00 | INFO | RUN_MODE=deterministic_smoke_test | dataset=PlantVillage | method=ConvNeXt+ARM | stage=eval | lr=0.00009073 | val_macro_f1=85.1776 | prototype_update=no
2026-06-24 09:45:00 | INFO | RUN_MODE=deterministic_smoke_test | dataset=PlantVillage | method=UAMP-Net | stage=loader | lr=0.00009148 | val_macro_f1=90.4974 | prototype_update=no
2026-06-24 11:09:00 | INFO | RUN_MODE=deterministic_smoke_test | dataset=PlantVillage | method=UAMP-Net | stage=train | lr=0.00007055 | val_macro_f1=91.7977 | prototype_update=yes
2026-06-24 13:23:00 | INFO | RUN_MODE=deterministic_smoke_test | dataset=PlantVillage | method=UAMP-Net | stage=eval | lr=0.00007754 | val_macro_f1=86.9413 | prototype_update=no
2026-06-24 09:09:00 | INFO | RUN_MODE=deterministic_smoke_test | dataset=PlantDoc | method=ResNet-50 | stage=loader | lr=0.00008029 | val_macro_f1=90.7948 | prototype_update=no
2026-06-24 10:24:00 | INFO | RUN_MODE=deterministic_smoke_test | dataset=PlantDoc | method=ResNet-50 | stage=train | lr=0.00005915 | val_macro_f1=85.7479 | prototype_update=no
2026-06-24 14:11:00 | INFO | RUN_MODE=deterministic_smoke_test | dataset=PlantDoc | method=ResNet-50 | stage=eval | lr=0.00006677 | val_macro_f1=90.2085 | prototype_update=no
2026-06-24 08:58:00 | INFO | RUN_MODE=deterministic_smoke_test | dataset=PlantDoc | method=EfficientNet-B3 | stage=loader | lr=0.00006668 | val_macro_f1=87.9659 | prototype_update=no
2026-06-24 10:36:00 | INFO | RUN_MODE=deterministic_smoke_test | dataset=PlantDoc | method=EfficientNet-B3 | stage=train | lr=0.00005565 | val_macro_f1=90.9119 | prototype_update=no
2026-06-24 12:18:00 | INFO | RUN_MODE=deterministic_smoke_test | dataset=PlantDoc | method=EfficientNet-B3 | stage=eval | lr=0.00007520 | val_macro_f1=87.7805 | prototype_update=no
2026-06-24 08:58:00 | INFO | RUN_MODE=deterministic_smoke_test | dataset=PlantDoc | method=ConvNeXt-Tiny | stage=loader | lr=0.00008643 | val_macro_f1=90.1342 | prototype_update=no
2026-06-24 11:00:00 | INFO | RUN_MODE=deterministic_smoke_test | dataset=PlantDoc | method=ConvNeXt-Tiny | stage=train | lr=0.00006148 | val_macro_f1=91.8038 | prototype_update=no
2026-06-24 12:34:00 | INFO | RUN_MODE=deterministic_smoke_test | dataset=PlantDoc | method=ConvNeXt-Tiny | stage=eval | lr=0.00009159 | val_macro_f1=86.7014 | prototype_update=no
2026-06-24 09:38:00 | INFO | RUN_MODE=deterministic_smoke_test | dataset=PlantDoc | method=Swin-Tiny | stage=loader | lr=0.00007586 | val_macro_f1=89.5547 | prototype_update=no
2026-06-24 11:35:00 | INFO | RUN_MODE=deterministic_smoke_test | dataset=PlantDoc | method=Swin-Tiny | stage=train | lr=0.00005038 | val_macro_f1=90.6410 | prototype_update=no
2026-06-24 14:00:00 | INFO | RUN_MODE=deterministic_smoke_test | dataset=PlantDoc | method=Swin-Tiny | stage=eval | lr=0.00006456 | val_macro_f1=90.2916 | prototype_update=no
2026-06-24 10:10:00 | INFO | RUN_MODE=deterministic_smoke_test | dataset=PlantDoc | method=ConvNeXt+ARM | stage=loader | lr=0.00006095 | val_macro_f1=85.9321 | prototype_update=no
2026-06-24 12:08:00 | INFO | RUN_MODE=deterministic_smoke_test | dataset=PlantDoc | method=ConvNeXt+ARM | stage=train | lr=0.00007407 | val_macro_f1=89.5604 | prototype_update=no
2026-06-24 12:55:00 | INFO | RUN_MODE=deterministic_smoke_test | dataset=PlantDoc | method=ConvNeXt+ARM | stage=eval | lr=0.00007989 | val_macro_f1=84.0959 | prototype_update=no
2026-06-24 09:11:00 | INFO | RUN_MODE=deterministic_smoke_test | dataset=PlantDoc | method=UAMP-Net | stage=loader | lr=0.00006130 | val_macro_f1=89.0416 | prototype_update=no
2026-06-24 11:07:00 | INFO | RUN_MODE=deterministic_smoke_test | dataset=PlantDoc | method=UAMP-Net | stage=train | lr=0.00009231 | val_macro_f1=87.4649 | prototype_update=yes
2026-06-24 12:54:00 | INFO | RUN_MODE=deterministic_smoke_test | dataset=PlantDoc | method=UAMP-Net | stage=eval | lr=0.00008427 | val_macro_f1=87.8640 | prototype_update=no
2026-06-24 08:19:00 | INFO | RUN_MODE=deterministic_smoke_test | dataset=CUB-200-2011 | method=ResNet-50 | stage=loader | lr=0.00009283 | val_macro_f1=86.2590 | prototype_update=no
2026-06-24 10:59:00 | INFO | RUN_MODE=deterministic_smoke_test | dataset=CUB-200-2011 | method=ResNet-50 | stage=train | lr=0.00005499 | val_macro_f1=88.4027 | prototype_update=no
2026-06-24 13:41:00 | INFO | RUN_MODE=deterministic_smoke_test | dataset=CUB-200-2011 | method=ResNet-50 | stage=eval | lr=0.00007135 | val_macro_f1=87.7289 | prototype_update=no
2026-06-24 09:39:00 | INFO | RUN_MODE=deterministic_smoke_test | dataset=CUB-200-2011 | method=EfficientNet-B3 | stage=loader | lr=0.00006520 | val_macro_f1=87.5064 | prototype_update=no
2026-06-24 11:54:00 | INFO | RUN_MODE=deterministic_smoke_test | dataset=CUB-200-2011 | method=EfficientNet-B3 | stage=train | lr=0.00007296 | val_macro_f1=86.3729 | prototype_update=no
2026-06-24 12:57:00 | INFO | RUN_MODE=deterministic_smoke_test | dataset=CUB-200-2011 | method=EfficientNet-B3 | stage=eval | lr=0.00009070 | val_macro_f1=89.8384 | prototype_update=no
2026-06-24 08:37:00 | INFO | RUN_MODE=deterministic_smoke_test | dataset=CUB-200-2011 | method=ConvNeXt-Tiny | stage=loader | lr=0.00007210 | val_macro_f1=87.7069 | prototype_update=no
2026-06-24 11:55:00 | INFO | RUN_MODE=deterministic_smoke_test | dataset=CUB-200-2011 | method=ConvNeXt-Tiny | stage=train | lr=0.00008654 | val_macro_f1=85.0522 | prototype_update=no
2026-06-24 13:50:00 | INFO | RUN_MODE=deterministic_smoke_test | dataset=CUB-200-2011 | method=ConvNeXt-Tiny | stage=eval | lr=0.00006105 | val_macro_f1=84.4611 | prototype_update=no
2026-06-24 09:39:00 | INFO | RUN_MODE=deterministic_smoke_test | dataset=CUB-200-2011 | method=Swin-Tiny | stage=loader | lr=0.00009361 | val_macro_f1=88.2179 | prototype_update=no
2026-06-24 10:15:00 | INFO | RUN_MODE=deterministic_smoke_test | dataset=CUB-200-2011 | method=Swin-Tiny | stage=train | lr=0.00007690 | val_macro_f1=90.5884 | prototype_update=no
2026-06-24 12:33:00 | INFO | RUN_MODE=deterministic_smoke_test | dataset=CUB-200-2011 | method=Swin-Tiny | stage=eval | lr=0.00007765 | val_macro_f1=86.3755 | prototype_update=no
2026-06-24 09:30:00 | INFO | RUN_MODE=deterministic_smoke_test | dataset=CUB-200-2011 | method=ConvNeXt+ARM | stage=loader | lr=0.00007018 | val_macro_f1=89.0950 | prototype_update=no
2026-06-24 10:53:00 | INFO | RUN_MODE=deterministic_smoke_test | dataset=CUB-200-2011 | method=ConvNeXt+ARM | stage=train | lr=0.00008866 | val_macro_f1=89.7317 | prototype_update=no
2026-06-24 13:22:00 | INFO | RUN_MODE=deterministic_smoke_test | dataset=CUB-200-2011 | method=ConvNeXt+ARM | stage=eval | lr=0.00008523 | val_macro_f1=90.2719 | prototype_update=no
2026-06-24 09:43:00 | INFO | RUN_MODE=deterministic_smoke_test | dataset=CUB-200-2011 | method=UAMP-Net | stage=loader | lr=0.00007492 | val_macro_f1=91.6796 | prototype_update=no
2026-06-24 10:56:00 | INFO | RUN_MODE=deterministic_smoke_test | dataset=CUB-200-2011 | method=UAMP-Net | stage=train | lr=0.00006497 | val_macro_f1=89.2303 | prototype_update=yes
2026-06-24 13:50:00 | INFO | RUN_MODE=deterministic_smoke_test | dataset=CUB-200-2011 | method=UAMP-Net | stage=eval | lr=0.00008229 | val_macro_f1=89.7224 | prototype_update=no
2026-06-25 08:34:00 | INFO | RUN_MODE=deterministic_smoke_test | dataset=PlantVillage | method=ResNet-50 | stage=loader | lr=0.00006563 | val_macro_f1=84.2328 | prototype_update=no
2026-06-25 11:57:00 | INFO | RUN_MODE=deterministic_smoke_test | dataset=PlantVillage | method=ResNet-50 | stage=train | lr=0.00006616 | val_macro_f1=84.0724 | prototype_update=no
2026-06-25 12:38:00 | INFO | RUN_MODE=deterministic_smoke_test | dataset=PlantVillage | method=ResNet-50 | stage=eval | lr=0.00009218 | val_macro_f1=89.0869 | prototype_update=no
2026-06-25 09:22:00 | INFO | RUN_MODE=deterministic_smoke_test | dataset=PlantVillage | method=EfficientNet-B3 | stage=loader | lr=0.00007908 | val_macro_f1=90.8680 | prototype_update=no
2026-06-25 10:52:00 | INFO | RUN_MODE=deterministic_smoke_test | dataset=PlantVillage | method=EfficientNet-B3 | stage=train | lr=0.00009812 | val_macro_f1=85.6534 | prototype_update=no
2026-06-25 12:40:00 | INFO | RUN_MODE=deterministic_smoke_test | dataset=PlantVillage | method=EfficientNet-B3 | stage=eval | lr=0.00005868 | val_macro_f1=87.8055 | prototype_update=no
2026-06-25 09:22:00 | INFO | RUN_MODE=deterministic_smoke_test | dataset=PlantVillage | method=ConvNeXt-Tiny | stage=loader | lr=0.00006171 | val_macro_f1=87.7834 | prototype_update=no
2026-06-25 11:28:00 | INFO | RUN_MODE=deterministic_smoke_test | dataset=PlantVillage | method=ConvNeXt-Tiny | stage=train | lr=0.00007150 | val_macro_f1=87.0970 | prototype_update=no
2026-06-25 13:13:00 | INFO | RUN_MODE=deterministic_smoke_test | dataset=PlantVillage | method=ConvNeXt-Tiny | stage=eval | lr=0.00009868 | val_macro_f1=90.0290 | prototype_update=no
2026-06-25 08:25:00 | INFO | RUN_MODE=deterministic_smoke_test | dataset=PlantVillage | method=Swin-Tiny | stage=loader | lr=0.00006127 | val_macro_f1=84.3623 | prototype_update=no
2026-06-25 11:56:00 | INFO | RUN_MODE=deterministic_smoke_test | dataset=PlantVillage | method=Swin-Tiny | stage=train | lr=0.00008825 | val_macro_f1=89.6895 | prototype_update=no
2026-06-25 12:44:00 | INFO | RUN_MODE=deterministic_smoke_test | dataset=PlantVillage | method=Swin-Tiny | stage=eval | lr=0.00006470 | val_macro_f1=87.8344 | prototype_update=no
2026-06-25 08:40:00 | INFO | RUN_MODE=deterministic_smoke_test | dataset=PlantVillage | method=ConvNeXt+ARM | stage=loader | lr=0.00009351 | val_macro_f1=88.1211 | prototype_update=no
2026-06-25 11:44:00 | INFO | RUN_MODE=deterministic_smoke_test | dataset=PlantVillage | method=ConvNeXt+ARM | stage=train | lr=0.00007333 | val_macro_f1=91.1067 | prototype_update=no
2026-06-25 12:57:00 | INFO | RUN_MODE=deterministic_smoke_test | dataset=PlantVillage | method=ConvNeXt+ARM | stage=eval | lr=0.00009702 | val_macro_f1=88.0530 | prototype_update=no
2026-06-25 08:33:00 | INFO | RUN_MODE=deterministic_smoke_test | dataset=PlantVillage | method=UAMP-Net | stage=loader | lr=0.00006085 | val_macro_f1=92.2913 | prototype_update=no
2026-06-25 11:02:00 | INFO | RUN_MODE=deterministic_smoke_test | dataset=PlantVillage | method=UAMP-Net | stage=train | lr=0.00005293 | val_macro_f1=93.1569 | prototype_update=yes
2026-06-25 14:07:00 | INFO | RUN_MODE=deterministic_smoke_test | dataset=PlantVillage | method=UAMP-Net | stage=eval | lr=0.00006787 | val_macro_f1=91.7241 | prototype_update=no
2026-06-25 09:23:00 | INFO | RUN_MODE=deterministic_smoke_test | dataset=PlantDoc | method=ResNet-50 | stage=loader | lr=0.00005305 | val_macro_f1=88.0493 | prototype_update=no
2026-06-25 10:18:00 | INFO | RUN_MODE=deterministic_smoke_test | dataset=PlantDoc | method=ResNet-50 | stage=train | lr=0.00006506 | val_macro_f1=85.6045 | prototype_update=no
2026-06-25 13:48:00 | INFO | RUN_MODE=deterministic_smoke_test | dataset=PlantDoc | method=ResNet-50 | stage=eval | lr=0.00007964 | val_macro_f1=87.6779 | prototype_update=no
2026-06-25 09:23:00 | INFO | RUN_MODE=deterministic_smoke_test | dataset=PlantDoc | method=EfficientNet-B3 | stage=loader | lr=0.00008137 | val_macro_f1=88.5757 | prototype_update=no
2026-06-25 11:48:00 | INFO | RUN_MODE=deterministic_smoke_test | dataset=PlantDoc | method=EfficientNet-B3 | stage=train | lr=0.00008513 | val_macro_f1=87.6786 | prototype_update=no
2026-06-25 12:33:00 | INFO | RUN_MODE=deterministic_smoke_test | dataset=PlantDoc | method=EfficientNet-B3 | stage=eval | lr=0.00008297 | val_macro_f1=86.4063 | prototype_update=no
2026-06-25 08:56:00 | INFO | RUN_MODE=deterministic_smoke_test | dataset=PlantDoc | method=ConvNeXt-Tiny | stage=loader | lr=0.00009405 | val_macro_f1=89.8087 | prototype_update=no
2026-06-25 11:24:00 | INFO | RUN_MODE=deterministic_smoke_test | dataset=PlantDoc | method=ConvNeXt-Tiny | stage=train | lr=0.00009422 | val_macro_f1=87.1348 | prototype_update=no
2026-06-25 13:16:00 | INFO | RUN_MODE=deterministic_smoke_test | dataset=PlantDoc | method=ConvNeXt-Tiny | stage=eval | lr=0.00005796 | val_macro_f1=88.3964 | prototype_update=no
2026-06-25 08:43:00 | INFO | RUN_MODE=deterministic_smoke_test | dataset=PlantDoc | method=Swin-Tiny | stage=loader | lr=0.00005326 | val_macro_f1=88.5335 | prototype_update=no
2026-06-25 11:27:00 | INFO | RUN_MODE=deterministic_smoke_test | dataset=PlantDoc | method=Swin-Tiny | stage=train | lr=0.00005221 | val_macro_f1=84.3608 | prototype_update=no
2026-06-25 13:39:00 | INFO | RUN_MODE=deterministic_smoke_test | dataset=PlantDoc | method=Swin-Tiny | stage=eval | lr=0.00008931 | val_macro_f1=85.5726 | prototype_update=no
2026-06-25 09:58:00 | INFO | RUN_MODE=deterministic_smoke_test | dataset=PlantDoc | method=ConvNeXt+ARM | stage=loader | lr=0.00006023 | val_macro_f1=87.5927 | prototype_update=no
2026-06-25 10:24:00 | INFO | RUN_MODE=deterministic_smoke_test | dataset=PlantDoc | method=ConvNeXt+ARM | stage=train | lr=0.00007384 | val_macro_f1=84.4292 | prototype_update=no
2026-06-25 12:26:00 | INFO | RUN_MODE=deterministic_smoke_test | dataset=PlantDoc | method=ConvNeXt+ARM | stage=eval | lr=0.00008889 | val_macro_f1=91.6103 | prototype_update=no
2026-06-25 09:06:00 | INFO | RUN_MODE=deterministic_smoke_test | dataset=PlantDoc | method=UAMP-Net | stage=loader | lr=0.00008814 | val_macro_f1=88.7572 | prototype_update=no
2026-06-25 11:59:00 | INFO | RUN_MODE=deterministic_smoke_test | dataset=PlantDoc | method=UAMP-Net | stage=train | lr=0.00009907 | val_macro_f1=86.0436 | prototype_update=yes
2026-06-25 13:46:00 | INFO | RUN_MODE=deterministic_smoke_test | dataset=PlantDoc | method=UAMP-Net | stage=eval | lr=0.00006698 | val_macro_f1=88.7499 | prototype_update=no
2026-06-25 08:48:00 | INFO | RUN_MODE=deterministic_smoke_test | dataset=CUB-200-2011 | method=ResNet-50 | stage=loader | lr=0.00007720 | val_macro_f1=87.7356 | prototype_update=no
2026-06-25 10:25:00 | INFO | RUN_MODE=deterministic_smoke_test | dataset=CUB-200-2011 | method=ResNet-50 | stage=train | lr=0.00005108 | val_macro_f1=87.6291 | prototype_update=no
2026-06-25 13:26:00 | INFO | RUN_MODE=deterministic_smoke_test | dataset=CUB-200-2011 | method=ResNet-50 | stage=eval | lr=0.00005230 | val_macro_f1=89.7246 | prototype_update=no
2026-06-25 09:15:00 | INFO | RUN_MODE=deterministic_smoke_test | dataset=CUB-200-2011 | method=EfficientNet-B3 | stage=loader | lr=0.00009964 | val_macro_f1=90.1867 | prototype_update=no
2026-06-25 12:11:00 | INFO | RUN_MODE=deterministic_smoke_test | dataset=CUB-200-2011 | method=EfficientNet-B3 | stage=train | lr=0.00008829 | val_macro_f1=87.3779 | prototype_update=no
2026-06-25 12:24:00 | INFO | RUN_MODE=deterministic_smoke_test | dataset=CUB-200-2011 | method=EfficientNet-B3 | stage=eval | lr=0.00006092 | val_macro_f1=90.9441 | prototype_update=no
2026-06-25 09:47:00 | INFO | RUN_MODE=deterministic_smoke_test | dataset=CUB-200-2011 | method=ConvNeXt-Tiny | stage=loader | lr=0.00008638 | val_macro_f1=91.8707 | prototype_update=no
2026-06-25 11:55:00 | INFO | RUN_MODE=deterministic_smoke_test | dataset=CUB-200-2011 | method=ConvNeXt-Tiny | stage=train | lr=0.00007097 | val_macro_f1=90.3068 | prototype_update=no
2026-06-25 13:17:00 | INFO | RUN_MODE=deterministic_smoke_test | dataset=CUB-200-2011 | method=ConvNeXt-Tiny | stage=eval | lr=0.00008102 | val_macro_f1=84.2555 | prototype_update=no
2026-06-25 09:58:00 | INFO | RUN_MODE=deterministic_smoke_test | dataset=CUB-200-2011 | method=Swin-Tiny | stage=loader | lr=0.00009706 | val_macro_f1=86.0478 | prototype_update=no
2026-06-25 10:39:00 | INFO | RUN_MODE=deterministic_smoke_test | dataset=CUB-200-2011 | method=Swin-Tiny | stage=train | lr=0.00009791 | val_macro_f1=91.1496 | prototype_update=no
2026-06-25 13:37:00 | INFO | RUN_MODE=deterministic_smoke_test | dataset=CUB-200-2011 | method=Swin-Tiny | stage=eval | lr=0.00005321 | val_macro_f1=89.3847 | prototype_update=no
2026-06-25 08:50:00 | INFO | RUN_MODE=deterministic_smoke_test | dataset=CUB-200-2011 | method=ConvNeXt+ARM | stage=loader | lr=0.00009142 | val_macro_f1=84.0969 | prototype_update=no
2026-06-25 11:08:00 | INFO | RUN_MODE=deterministic_smoke_test | dataset=CUB-200-2011 | method=ConvNeXt+ARM | stage=train | lr=0.00007290 | val_macro_f1=85.4141 | prototype_update=no
2026-06-25 13:46:00 | INFO | RUN_MODE=deterministic_smoke_test | dataset=CUB-200-2011 | method=ConvNeXt+ARM | stage=eval | lr=0.00007864 | val_macro_f1=91.0755 | prototype_update=no
2026-06-25 08:55:00 | INFO | RUN_MODE=deterministic_smoke_test | dataset=CUB-200-2011 | method=UAMP-Net | stage=loader | lr=0.00006132 | val_macro_f1=92.1195 | prototype_update=no
2026-06-25 10:53:00 | INFO | RUN_MODE=deterministic_smoke_test | dataset=CUB-200-2011 | method=UAMP-Net | stage=train | lr=0.00008198 | val_macro_f1=89.5396 | prototype_update=yes
2026-06-25 13:28:00 | INFO | RUN_MODE=deterministic_smoke_test | dataset=CUB-200-2011 | method=UAMP-Net | stage=eval | lr=0.00006151 | val_macro_f1=86.7759 | prototype_update=no
2026-06-26 08:17:00 | INFO | RUN_MODE=deterministic_smoke_test | dataset=PlantVillage | method=ResNet-50 | stage=loader | lr=0.00009654 | val_macro_f1=91.7962 | prototype_update=no
2026-06-26 11:16:00 | INFO | RUN_MODE=deterministic_smoke_test | dataset=PlantVillage | method=ResNet-50 | stage=train | lr=0.00008071 | val_macro_f1=88.1496 | prototype_update=no
2026-06-26 13:19:00 | INFO | RUN_MODE=deterministic_smoke_test | dataset=PlantVillage | method=ResNet-50 | stage=eval | lr=0.00005269 | val_macro_f1=86.4260 | prototype_update=no
2026-06-26 09:25:00 | INFO | RUN_MODE=deterministic_smoke_test | dataset=PlantVillage | method=EfficientNet-B3 | stage=loader | lr=0.00009112 | val_macro_f1=88.8211 | prototype_update=no
2026-06-26 10:44:00 | INFO | RUN_MODE=deterministic_smoke_test | dataset=PlantVillage | method=EfficientNet-B3 | stage=train | lr=0.00005681 | val_macro_f1=85.1788 | prototype_update=no
2026-06-26 12:31:00 | INFO | RUN_MODE=deterministic_smoke_test | dataset=PlantVillage | method=EfficientNet-B3 | stage=eval | lr=0.00006075 | val_macro_f1=91.4648 | prototype_update=no
2026-06-26 08:41:00 | INFO | RUN_MODE=deterministic_smoke_test | dataset=PlantVillage | method=ConvNeXt-Tiny | stage=loader | lr=0.00008133 | val_macro_f1=89.9341 | prototype_update=no
2026-06-26 11:01:00 | INFO | RUN_MODE=deterministic_smoke_test | dataset=PlantVillage | method=ConvNeXt-Tiny | stage=train | lr=0.00006891 | val_macro_f1=90.0778 | prototype_update=no
2026-06-26 13:00:00 | INFO | RUN_MODE=deterministic_smoke_test | dataset=PlantVillage | method=ConvNeXt-Tiny | stage=eval | lr=0.00005119 | val_macro_f1=89.8304 | prototype_update=no
2026-06-26 09:05:00 | INFO | RUN_MODE=deterministic_smoke_test | dataset=PlantVillage | method=Swin-Tiny | stage=loader | lr=0.00008903 | val_macro_f1=88.3957 | prototype_update=no
2026-06-26 11:28:00 | INFO | RUN_MODE=deterministic_smoke_test | dataset=PlantVillage | method=Swin-Tiny | stage=train | lr=0.00006780 | val_macro_f1=90.9857 | prototype_update=no
2026-06-26 12:49:00 | INFO | RUN_MODE=deterministic_smoke_test | dataset=PlantVillage | method=Swin-Tiny | stage=eval | lr=0.00009326 | val_macro_f1=87.6334 | prototype_update=no
2026-06-26 09:43:00 | INFO | RUN_MODE=deterministic_smoke_test | dataset=PlantVillage | method=ConvNeXt+ARM | stage=loader | lr=0.00005148 | val_macro_f1=87.8186 | prototype_update=no
2026-06-26 10:54:00 | INFO | RUN_MODE=deterministic_smoke_test | dataset=PlantVillage | method=ConvNeXt+ARM | stage=train | lr=0.00009059 | val_macro_f1=89.4297 | prototype_update=no
2026-06-26 14:12:00 | INFO | RUN_MODE=deterministic_smoke_test | dataset=PlantVillage | method=ConvNeXt+ARM | stage=eval | lr=0.00005809 | val_macro_f1=89.1065 | prototype_update=no
2026-06-26 08:31:00 | INFO | RUN_MODE=deterministic_smoke_test | dataset=PlantVillage | method=UAMP-Net | stage=loader | lr=0.00009736 | val_macro_f1=87.9786 | prototype_update=no
2026-06-26 10:46:00 | INFO | RUN_MODE=deterministic_smoke_test | dataset=PlantVillage | method=UAMP-Net | stage=train | lr=0.00005778 | val_macro_f1=91.9048 | prototype_update=yes
2026-06-26 13:37:00 | INFO | RUN_MODE=deterministic_smoke_test | dataset=PlantVillage | method=UAMP-Net | stage=eval | lr=0.00007410 | val_macro_f1=93.1472 | prototype_update=no
2026-06-26 09:49:00 | INFO | RUN_MODE=deterministic_smoke_test | dataset=PlantDoc | method=ResNet-50 | stage=loader | lr=0.00007945 | val_macro_f1=85.7646 | prototype_update=no
2026-06-26 11:22:00 | INFO | RUN_MODE=deterministic_smoke_test | dataset=PlantDoc | method=ResNet-50 | stage=train | lr=0.00005100 | val_macro_f1=87.8953 | prototype_update=no
2026-06-26 13:33:00 | INFO | RUN_MODE=deterministic_smoke_test | dataset=PlantDoc | method=ResNet-50 | stage=eval | lr=0.00009757 | val_macro_f1=89.5240 | prototype_update=no
2026-06-26 08:37:00 | INFO | RUN_MODE=deterministic_smoke_test | dataset=PlantDoc | method=EfficientNet-B3 | stage=loader | lr=0.00009229 | val_macro_f1=86.6190 | prototype_update=no
2026-06-26 10:46:00 | INFO | RUN_MODE=deterministic_smoke_test | dataset=PlantDoc | method=EfficientNet-B3 | stage=train | lr=0.00005074 | val_macro_f1=86.9568 | prototype_update=no
2026-06-26 13:19:00 | INFO | RUN_MODE=deterministic_smoke_test | dataset=PlantDoc | method=EfficientNet-B3 | stage=eval | lr=0.00005230 | val_macro_f1=89.4554 | prototype_update=no
2026-06-26 09:36:00 | INFO | RUN_MODE=deterministic_smoke_test | dataset=PlantDoc | method=ConvNeXt-Tiny | stage=loader | lr=0.00009538 | val_macro_f1=89.7386 | prototype_update=no
2026-06-26 11:52:00 | INFO | RUN_MODE=deterministic_smoke_test | dataset=PlantDoc | method=ConvNeXt-Tiny | stage=train | lr=0.00008835 | val_macro_f1=85.5403 | prototype_update=no
2026-06-26 12:21:00 | INFO | RUN_MODE=deterministic_smoke_test | dataset=PlantDoc | method=ConvNeXt-Tiny | stage=eval | lr=0.00006238 | val_macro_f1=86.0707 | prototype_update=no
2026-06-26 09:10:00 | INFO | RUN_MODE=deterministic_smoke_test | dataset=PlantDoc | method=Swin-Tiny | stage=loader | lr=0.00005248 | val_macro_f1=88.6794 | prototype_update=no
2026-06-26 10:51:00 | INFO | RUN_MODE=deterministic_smoke_test | dataset=PlantDoc | method=Swin-Tiny | stage=train | lr=0.00009371 | val_macro_f1=91.5049 | prototype_update=no
2026-06-26 13:44:00 | INFO | RUN_MODE=deterministic_smoke_test | dataset=PlantDoc | method=Swin-Tiny | stage=eval | lr=0.00007244 | val_macro_f1=89.5228 | prototype_update=no
2026-06-26 09:06:00 | INFO | RUN_MODE=deterministic_smoke_test | dataset=PlantDoc | method=ConvNeXt+ARM | stage=loader | lr=0.00008235 | val_macro_f1=89.2091 | prototype_update=no
2026-06-26 11:18:00 | INFO | RUN_MODE=deterministic_smoke_test | dataset=PlantDoc | method=ConvNeXt+ARM | stage=train | lr=0.00005310 | val_macro_f1=86.6422 | prototype_update=no
2026-06-26 14:13:00 | INFO | RUN_MODE=deterministic_smoke_test | dataset=PlantDoc | method=ConvNeXt+ARM | stage=eval | lr=0.00007986 | val_macro_f1=88.5330 | prototype_update=no
2026-06-26 10:01:00 | INFO | RUN_MODE=deterministic_smoke_test | dataset=PlantDoc | method=UAMP-Net | stage=loader | lr=0.00007372 | val_macro_f1=93.3406 | prototype_update=no
2026-06-26 11:43:00 | INFO | RUN_MODE=deterministic_smoke_test | dataset=PlantDoc | method=UAMP-Net | stage=train | lr=0.00006664 | val_macro_f1=91.3401 | prototype_update=yes
2026-06-26 13:56:00 | INFO | RUN_MODE=deterministic_smoke_test | dataset=PlantDoc | method=UAMP-Net | stage=eval | lr=0.00008926 | val_macro_f1=88.0044 | prototype_update=no
2026-06-26 08:18:00 | INFO | RUN_MODE=deterministic_smoke_test | dataset=CUB-200-2011 | method=ResNet-50 | stage=loader | lr=0.00005551 | val_macro_f1=90.1358 | prototype_update=no
2026-06-26 12:11:00 | INFO | RUN_MODE=deterministic_smoke_test | dataset=CUB-200-2011 | method=ResNet-50 | stage=train | lr=0.00005396 | val_macro_f1=85.8454 | prototype_update=no
2026-06-26 13:47:00 | INFO | RUN_MODE=deterministic_smoke_test | dataset=CUB-200-2011 | method=ResNet-50 | stage=eval | lr=0.00006762 | val_macro_f1=89.6687 | prototype_update=no
2026-06-26 09:52:00 | INFO | RUN_MODE=deterministic_smoke_test | dataset=CUB-200-2011 | method=EfficientNet-B3 | stage=loader | lr=0.00007510 | val_macro_f1=87.1881 | prototype_update=no
2026-06-26 11:03:00 | INFO | RUN_MODE=deterministic_smoke_test | dataset=CUB-200-2011 | method=EfficientNet-B3 | stage=train | lr=0.00007514 | val_macro_f1=84.2571 | prototype_update=no
2026-06-26 13:43:00 | INFO | RUN_MODE=deterministic_smoke_test | dataset=CUB-200-2011 | method=EfficientNet-B3 | stage=eval | lr=0.00009522 | val_macro_f1=91.1098 | prototype_update=no
2026-06-26 09:44:00 | INFO | RUN_MODE=deterministic_smoke_test | dataset=CUB-200-2011 | method=ConvNeXt-Tiny | stage=loader | lr=0.00008788 | val_macro_f1=91.5617 | prototype_update=no
2026-06-26 11:00:00 | INFO | RUN_MODE=deterministic_smoke_test | dataset=CUB-200-2011 | method=ConvNeXt-Tiny | stage=train | lr=0.00006739 | val_macro_f1=88.5411 | prototype_update=no
2026-06-26 13:42:00 | INFO | RUN_MODE=deterministic_smoke_test | dataset=CUB-200-2011 | method=ConvNeXt-Tiny | stage=eval | lr=0.00009725 | val_macro_f1=86.0484 | prototype_update=no
2026-06-26 08:20:00 | INFO | RUN_MODE=deterministic_smoke_test | dataset=CUB-200-2011 | method=Swin-Tiny | stage=loader | lr=0.00009978 | val_macro_f1=84.7528 | prototype_update=no
2026-06-26 10:41:00 | INFO | RUN_MODE=deterministic_smoke_test | dataset=CUB-200-2011 | method=Swin-Tiny | stage=train | lr=0.00008925 | val_macro_f1=91.6626 | prototype_update=no
2026-06-26 12:56:00 | INFO | RUN_MODE=deterministic_smoke_test | dataset=CUB-200-2011 | method=Swin-Tiny | stage=eval | lr=0.00009824 | val_macro_f1=86.0983 | prototype_update=no
2026-06-26 09:06:00 | INFO | RUN_MODE=deterministic_smoke_test | dataset=CUB-200-2011 | method=ConvNeXt+ARM | stage=loader | lr=0.00006191 | val_macro_f1=91.8406 | prototype_update=no
2026-06-26 10:56:00 | INFO | RUN_MODE=deterministic_smoke_test | dataset=CUB-200-2011 | method=ConvNeXt+ARM | stage=train | lr=0.00009872 | val_macro_f1=90.7328 | prototype_update=no
2026-06-26 12:56:00 | INFO | RUN_MODE=deterministic_smoke_test | dataset=CUB-200-2011 | method=ConvNeXt+ARM | stage=eval | lr=0.00008139 | val_macro_f1=84.1073 | prototype_update=no
2026-06-26 09:15:00 | INFO | RUN_MODE=deterministic_smoke_test | dataset=CUB-200-2011 | method=UAMP-Net | stage=loader | lr=0.00007453 | val_macro_f1=87.4505 | prototype_update=no
2026-06-26 10:25:00 | INFO | RUN_MODE=deterministic_smoke_test | dataset=CUB-200-2011 | method=UAMP-Net | stage=train | lr=0.00008881 | val_macro_f1=88.5313 | prototype_update=yes
2026-06-26 13:12:00 | INFO | RUN_MODE=deterministic_smoke_test | dataset=CUB-200-2011 | method=UAMP-Net | stage=eval | lr=0.00006436 | val_macro_f1=93.7144 | prototype_update=no
2026-06-27 09:37:00 | INFO | RUN_MODE=deterministic_smoke_test | dataset=PlantVillage | method=ResNet-50 | stage=loader | lr=0.00007067 | val_macro_f1=89.2515 | prototype_update=no
2026-06-27 11:18:00 | INFO | RUN_MODE=deterministic_smoke_test | dataset=PlantVillage | method=ResNet-50 | stage=train | lr=0.00008801 | val_macro_f1=85.6829 | prototype_update=no
2026-06-27 13:39:00 | INFO | RUN_MODE=deterministic_smoke_test | dataset=PlantVillage | method=ResNet-50 | stage=eval | lr=0.00009563 | val_macro_f1=84.2338 | prototype_update=no
2026-06-27 09:01:00 | INFO | RUN_MODE=deterministic_smoke_test | dataset=PlantVillage | method=EfficientNet-B3 | stage=loader | lr=0.00006936 | val_macro_f1=89.5456 | prototype_update=no
2026-06-27 11:11:00 | INFO | RUN_MODE=deterministic_smoke_test | dataset=PlantVillage | method=EfficientNet-B3 | stage=train | lr=0.00009934 | val_macro_f1=89.5590 | prototype_update=no
2026-06-27 14:00:00 | INFO | RUN_MODE=deterministic_smoke_test | dataset=PlantVillage | method=EfficientNet-B3 | stage=eval | lr=0.00008915 | val_macro_f1=84.6723 | prototype_update=no
2026-06-27 09:42:00 | INFO | RUN_MODE=deterministic_smoke_test | dataset=PlantVillage | method=ConvNeXt-Tiny | stage=loader | lr=0.00005848 | val_macro_f1=84.4192 | prototype_update=no
2026-06-27 11:07:00 | INFO | RUN_MODE=deterministic_smoke_test | dataset=PlantVillage | method=ConvNeXt-Tiny | stage=train | lr=0.00007229 | val_macro_f1=88.7078 | prototype_update=no
2026-06-27 12:37:00 | INFO | RUN_MODE=deterministic_smoke_test | dataset=PlantVillage | method=ConvNeXt-Tiny | stage=eval | lr=0.00009666 | val_macro_f1=86.7172 | prototype_update=no
2026-06-27 08:58:00 | INFO | RUN_MODE=deterministic_smoke_test | dataset=PlantVillage | method=Swin-Tiny | stage=loader | lr=0.00005237 | val_macro_f1=89.6609 | prototype_update=no
2026-06-27 11:44:00 | INFO | RUN_MODE=deterministic_smoke_test | dataset=PlantVillage | method=Swin-Tiny | stage=train | lr=0.00005505 | val_macro_f1=85.9381 | prototype_update=no
2026-06-27 13:34:00 | INFO | RUN_MODE=deterministic_smoke_test | dataset=PlantVillage | method=Swin-Tiny | stage=eval | lr=0.00008086 | val_macro_f1=91.1379 | prototype_update=no
2026-06-27 08:31:00 | INFO | RUN_MODE=deterministic_smoke_test | dataset=PlantVillage | method=ConvNeXt+ARM | stage=loader | lr=0.00007892 | val_macro_f1=89.0834 | prototype_update=no
2026-06-27 11:01:00 | INFO | RUN_MODE=deterministic_smoke_test | dataset=PlantVillage | method=ConvNeXt+ARM | stage=train | lr=0.00008867 | val_macro_f1=91.5321 | prototype_update=no
2026-06-27 14:05:00 | INFO | RUN_MODE=deterministic_smoke_test | dataset=PlantVillage | method=ConvNeXt+ARM | stage=eval | lr=0.00008279 | val_macro_f1=86.7449 | prototype_update=no
2026-06-27 09:38:00 | INFO | RUN_MODE=deterministic_smoke_test | dataset=PlantVillage | method=UAMP-Net | stage=loader | lr=0.00009587 | val_macro_f1=89.9736 | prototype_update=no
2026-06-27 10:27:00 | INFO | RUN_MODE=deterministic_smoke_test | dataset=PlantVillage | method=UAMP-Net | stage=train | lr=0.00005222 | val_macro_f1=91.7689 | prototype_update=yes
2026-06-27 12:27:00 | INFO | RUN_MODE=deterministic_smoke_test | dataset=PlantVillage | method=UAMP-Net | stage=eval | lr=0.00006313 | val_macro_f1=86.7995 | prototype_update=no
2026-06-27 09:27:00 | INFO | RUN_MODE=deterministic_smoke_test | dataset=PlantDoc | method=ResNet-50 | stage=loader | lr=0.00007933 | val_macro_f1=90.2376 | prototype_update=no
2026-06-27 11:18:00 | INFO | RUN_MODE=deterministic_smoke_test | dataset=PlantDoc | method=ResNet-50 | stage=train | lr=0.00006841 | val_macro_f1=84.3594 | prototype_update=no
2026-06-27 12:47:00 | INFO | RUN_MODE=deterministic_smoke_test | dataset=PlantDoc | method=ResNet-50 | stage=eval | lr=0.00009505 | val_macro_f1=90.9946 | prototype_update=no
2026-06-27 08:39:00 | INFO | RUN_MODE=deterministic_smoke_test | dataset=PlantDoc | method=EfficientNet-B3 | stage=loader | lr=0.00008527 | val_macro_f1=89.8695 | prototype_update=no
2026-06-27 12:01:00 | INFO | RUN_MODE=deterministic_smoke_test | dataset=PlantDoc | method=EfficientNet-B3 | stage=train | lr=0.00007505 | val_macro_f1=90.4537 | prototype_update=no
2026-06-27 13:03:00 | INFO | RUN_MODE=deterministic_smoke_test | dataset=PlantDoc | method=EfficientNet-B3 | stage=eval | lr=0.00006516 | val_macro_f1=86.8896 | prototype_update=no
2026-06-27 09:53:00 | INFO | RUN_MODE=deterministic_smoke_test | dataset=PlantDoc | method=ConvNeXt-Tiny | stage=loader | lr=0.00007912 | val_macro_f1=91.6210 | prototype_update=no
2026-06-27 11:01:00 | INFO | RUN_MODE=deterministic_smoke_test | dataset=PlantDoc | method=ConvNeXt-Tiny | stage=train | lr=0.00006707 | val_macro_f1=90.8366 | prototype_update=no
2026-06-27 12:47:00 | INFO | RUN_MODE=deterministic_smoke_test | dataset=PlantDoc | method=ConvNeXt-Tiny | stage=eval | lr=0.00009367 | val_macro_f1=86.2938 | prototype_update=no
2026-06-27 10:00:00 | INFO | RUN_MODE=deterministic_smoke_test | dataset=PlantDoc | method=Swin-Tiny | stage=loader | lr=0.00008167 | val_macro_f1=91.0553 | prototype_update=no
2026-06-27 10:55:00 | INFO | RUN_MODE=deterministic_smoke_test | dataset=PlantDoc | method=Swin-Tiny | stage=train | lr=0.00008602 | val_macro_f1=90.9540 | prototype_update=no
2026-06-27 12:22:00 | INFO | RUN_MODE=deterministic_smoke_test | dataset=PlantDoc | method=Swin-Tiny | stage=eval | lr=0.00008137 | val_macro_f1=91.7505 | prototype_update=no
2026-06-27 08:33:00 | INFO | RUN_MODE=deterministic_smoke_test | dataset=PlantDoc | method=ConvNeXt+ARM | stage=loader | lr=0.00006799 | val_macro_f1=85.7589 | prototype_update=no
2026-06-27 10:29:00 | INFO | RUN_MODE=deterministic_smoke_test | dataset=PlantDoc | method=ConvNeXt+ARM | stage=train | lr=0.00007132 | val_macro_f1=87.1449 | prototype_update=no
2026-06-27 12:20:00 | INFO | RUN_MODE=deterministic_smoke_test | dataset=PlantDoc | method=ConvNeXt+ARM | stage=eval | lr=0.00006947 | val_macro_f1=89.9947 | prototype_update=no
2026-06-27 09:52:00 | INFO | RUN_MODE=deterministic_smoke_test | dataset=PlantDoc | method=UAMP-Net | stage=loader | lr=0.00009527 | val_macro_f1=91.0042 | prototype_update=no
2026-06-27 10:48:00 | INFO | RUN_MODE=deterministic_smoke_test | dataset=PlantDoc | method=UAMP-Net | stage=train | lr=0.00005882 | val_macro_f1=93.3179 | prototype_update=yes
2026-06-27 12:47:00 | INFO | RUN_MODE=deterministic_smoke_test | dataset=PlantDoc | method=UAMP-Net | stage=eval | lr=0.00006206 | val_macro_f1=89.9794 | prototype_update=no
2026-06-27 08:18:00 | INFO | RUN_MODE=deterministic_smoke_test | dataset=CUB-200-2011 | method=ResNet-50 | stage=loader | lr=0.00006890 | val_macro_f1=89.1561 | prototype_update=no
2026-06-27 11:04:00 | INFO | RUN_MODE=deterministic_smoke_test | dataset=CUB-200-2011 | method=ResNet-50 | stage=train | lr=0.00009537 | val_macro_f1=90.3402 | prototype_update=no
2026-06-27 12:32:00 | INFO | RUN_MODE=deterministic_smoke_test | dataset=CUB-200-2011 | method=ResNet-50 | stage=eval | lr=0.00008365 | val_macro_f1=87.8984 | prototype_update=no
2026-06-27 09:01:00 | INFO | RUN_MODE=deterministic_smoke_test | dataset=CUB-200-2011 | method=EfficientNet-B3 | stage=loader | lr=0.00005483 | val_macro_f1=88.3185 | prototype_update=no
2026-06-27 10:58:00 | INFO | RUN_MODE=deterministic_smoke_test | dataset=CUB-200-2011 | method=EfficientNet-B3 | stage=train | lr=0.00008089 | val_macro_f1=88.9979 | prototype_update=no
2026-06-27 13:53:00 | INFO | RUN_MODE=deterministic_smoke_test | dataset=CUB-200-2011 | method=EfficientNet-B3 | stage=eval | lr=0.00005786 | val_macro_f1=91.4961 | prototype_update=no
2026-06-27 10:07:00 | INFO | RUN_MODE=deterministic_smoke_test | dataset=CUB-200-2011 | method=ConvNeXt-Tiny | stage=loader | lr=0.00009830 | val_macro_f1=91.2154 | prototype_update=no
2026-06-27 11:25:00 | INFO | RUN_MODE=deterministic_smoke_test | dataset=CUB-200-2011 | method=ConvNeXt-Tiny | stage=train | lr=0.00007125 | val_macro_f1=84.4726 | prototype_update=no
2026-06-27 12:55:00 | INFO | RUN_MODE=deterministic_smoke_test | dataset=CUB-200-2011 | method=ConvNeXt-Tiny | stage=eval | lr=0.00005071 | val_macro_f1=88.5518 | prototype_update=no
2026-06-27 09:01:00 | INFO | RUN_MODE=deterministic_smoke_test | dataset=CUB-200-2011 | method=Swin-Tiny | stage=loader | lr=0.00007456 | val_macro_f1=91.4816 | prototype_update=no
2026-06-27 10:32:00 | INFO | RUN_MODE=deterministic_smoke_test | dataset=CUB-200-2011 | method=Swin-Tiny | stage=train | lr=0.00008664 | val_macro_f1=88.3136 | prototype_update=no
2026-06-27 14:08:00 | INFO | RUN_MODE=deterministic_smoke_test | dataset=CUB-200-2011 | method=Swin-Tiny | stage=eval | lr=0.00005066 | val_macro_f1=87.6001 | prototype_update=no
2026-06-27 09:17:00 | INFO | RUN_MODE=deterministic_smoke_test | dataset=CUB-200-2011 | method=ConvNeXt+ARM | stage=loader | lr=0.00009395 | val_macro_f1=89.1318 | prototype_update=no
2026-06-27 11:21:00 | INFO | RUN_MODE=deterministic_smoke_test | dataset=CUB-200-2011 | method=ConvNeXt+ARM | stage=train | lr=0.00009042 | val_macro_f1=88.4424 | prototype_update=no
2026-06-27 13:57:00 | INFO | RUN_MODE=deterministic_smoke_test | dataset=CUB-200-2011 | method=ConvNeXt+ARM | stage=eval | lr=0.00005946 | val_macro_f1=87.5636 | prototype_update=no
2026-06-27 10:05:00 | INFO | RUN_MODE=deterministic_smoke_test | dataset=CUB-200-2011 | method=UAMP-Net | stage=loader | lr=0.00005152 | val_macro_f1=90.4454 | prototype_update=no
2026-06-27 11:11:00 | INFO | RUN_MODE=deterministic_smoke_test | dataset=CUB-200-2011 | method=UAMP-Net | stage=train | lr=0.00006552 | val_macro_f1=90.0443 | prototype_update=yes
2026-06-27 13:47:00 | INFO | RUN_MODE=deterministic_smoke_test | dataset=CUB-200-2011 | method=UAMP-Net | stage=eval | lr=0.00005947 | val_macro_f1=88.2972 | prototype_update=no
2026-06-28 10:00:00 | INFO | RUN_MODE=deterministic_smoke_test | dataset=PlantVillage | method=ResNet-50 | stage=loader | lr=0.00007502 | val_macro_f1=90.9433 | prototype_update=no
2026-06-28 10:21:00 | INFO | RUN_MODE=deterministic_smoke_test | dataset=PlantVillage | method=ResNet-50 | stage=train | lr=0.00007677 | val_macro_f1=87.7778 | prototype_update=no
2026-06-28 12:53:00 | INFO | RUN_MODE=deterministic_smoke_test | dataset=PlantVillage | method=ResNet-50 | stage=eval | lr=0.00008469 | val_macro_f1=88.9328 | prototype_update=no
2026-06-28 08:41:00 | INFO | RUN_MODE=deterministic_smoke_test | dataset=PlantVillage | method=EfficientNet-B3 | stage=loader | lr=0.00008719 | val_macro_f1=91.6973 | prototype_update=no
2026-06-28 11:27:00 | INFO | RUN_MODE=deterministic_smoke_test | dataset=PlantVillage | method=EfficientNet-B3 | stage=train | lr=0.00005601 | val_macro_f1=89.8695 | prototype_update=no
2026-06-28 13:10:00 | INFO | RUN_MODE=deterministic_smoke_test | dataset=PlantVillage | method=EfficientNet-B3 | stage=eval | lr=0.00005921 | val_macro_f1=84.7034 | prototype_update=no
2026-06-28 08:25:00 | INFO | RUN_MODE=deterministic_smoke_test | dataset=PlantVillage | method=ConvNeXt-Tiny | stage=loader | lr=0.00008745 | val_macro_f1=89.0634 | prototype_update=no
2026-06-28 11:46:00 | INFO | RUN_MODE=deterministic_smoke_test | dataset=PlantVillage | method=ConvNeXt-Tiny | stage=train | lr=0.00007091 | val_macro_f1=91.5431 | prototype_update=no
2026-06-28 13:01:00 | INFO | RUN_MODE=deterministic_smoke_test | dataset=PlantVillage | method=ConvNeXt-Tiny | stage=eval | lr=0.00009202 | val_macro_f1=87.9393 | prototype_update=no
2026-06-28 08:21:00 | INFO | RUN_MODE=deterministic_smoke_test | dataset=PlantVillage | method=Swin-Tiny | stage=loader | lr=0.00009994 | val_macro_f1=90.2468 | prototype_update=no
2026-06-28 12:13:00 | INFO | RUN_MODE=deterministic_smoke_test | dataset=PlantVillage | method=Swin-Tiny | stage=train | lr=0.00009543 | val_macro_f1=91.2292 | prototype_update=no
2026-06-28 12:21:00 | INFO | RUN_MODE=deterministic_smoke_test | dataset=PlantVillage | method=Swin-Tiny | stage=eval | lr=0.00007123 | val_macro_f1=90.1147 | prototype_update=no
2026-06-28 10:07:00 | INFO | RUN_MODE=deterministic_smoke_test | dataset=PlantVillage | method=ConvNeXt+ARM | stage=loader | lr=0.00007203 | val_macro_f1=87.2209 | prototype_update=no
2026-06-28 11:54:00 | INFO | RUN_MODE=deterministic_smoke_test | dataset=PlantVillage | method=ConvNeXt+ARM | stage=train | lr=0.00005147 | val_macro_f1=91.9459 | prototype_update=no
2026-06-28 13:57:00 | INFO | RUN_MODE=deterministic_smoke_test | dataset=PlantVillage | method=ConvNeXt+ARM | stage=eval | lr=0.00008394 | val_macro_f1=85.8646 | prototype_update=no
2026-06-28 09:10:00 | INFO | RUN_MODE=deterministic_smoke_test | dataset=PlantVillage | method=UAMP-Net | stage=loader | lr=0.00007268 | val_macro_f1=92.4410 | prototype_update=no
2026-06-28 11:45:00 | INFO | RUN_MODE=deterministic_smoke_test | dataset=PlantVillage | method=UAMP-Net | stage=train | lr=0.00009269 | val_macro_f1=87.3537 | prototype_update=yes
2026-06-28 12:15:00 | INFO | RUN_MODE=deterministic_smoke_test | dataset=PlantVillage | method=UAMP-Net | stage=eval | lr=0.00005296 | val_macro_f1=93.8707 | prototype_update=no
2026-06-28 09:19:00 | INFO | RUN_MODE=deterministic_smoke_test | dataset=PlantDoc | method=ResNet-50 | stage=loader | lr=0.00005283 | val_macro_f1=89.3619 | prototype_update=no
2026-06-28 10:16:00 | INFO | RUN_MODE=deterministic_smoke_test | dataset=PlantDoc | method=ResNet-50 | stage=train | lr=0.00007591 | val_macro_f1=90.1530 | prototype_update=no
2026-06-28 13:19:00 | INFO | RUN_MODE=deterministic_smoke_test | dataset=PlantDoc | method=ResNet-50 | stage=eval | lr=0.00008886 | val_macro_f1=86.3737 | prototype_update=no
2026-06-28 08:46:00 | INFO | RUN_MODE=deterministic_smoke_test | dataset=PlantDoc | method=EfficientNet-B3 | stage=loader | lr=0.00009429 | val_macro_f1=88.8536 | prototype_update=no
2026-06-28 11:30:00 | INFO | RUN_MODE=deterministic_smoke_test | dataset=PlantDoc | method=EfficientNet-B3 | stage=train | lr=0.00008905 | val_macro_f1=84.8969 | prototype_update=no
2026-06-28 12:56:00 | INFO | RUN_MODE=deterministic_smoke_test | dataset=PlantDoc | method=EfficientNet-B3 | stage=eval | lr=0.00005747 | val_macro_f1=90.2571 | prototype_update=no
2026-06-28 10:00:00 | INFO | RUN_MODE=deterministic_smoke_test | dataset=PlantDoc | method=ConvNeXt-Tiny | stage=loader | lr=0.00005105 | val_macro_f1=89.9646 | prototype_update=no
2026-06-28 10:31:00 | INFO | RUN_MODE=deterministic_smoke_test | dataset=PlantDoc | method=ConvNeXt-Tiny | stage=train | lr=0.00005137 | val_macro_f1=85.8299 | prototype_update=no
2026-06-28 13:35:00 | INFO | RUN_MODE=deterministic_smoke_test | dataset=PlantDoc | method=ConvNeXt-Tiny | stage=eval | lr=0.00009151 | val_macro_f1=84.5132 | prototype_update=no
2026-06-28 08:51:00 | INFO | RUN_MODE=deterministic_smoke_test | dataset=PlantDoc | method=Swin-Tiny | stage=loader | lr=0.00009251 | val_macro_f1=87.4484 | prototype_update=no
2026-06-28 11:44:00 | INFO | RUN_MODE=deterministic_smoke_test | dataset=PlantDoc | method=Swin-Tiny | stage=train | lr=0.00008372 | val_macro_f1=86.9159 | prototype_update=no
2026-06-28 12:47:00 | INFO | RUN_MODE=deterministic_smoke_test | dataset=PlantDoc | method=Swin-Tiny | stage=eval | lr=0.00005414 | val_macro_f1=84.3392 | prototype_update=no
2026-06-28 10:12:00 | INFO | RUN_MODE=deterministic_smoke_test | dataset=PlantDoc | method=ConvNeXt+ARM | stage=loader | lr=0.00005272 | val_macro_f1=88.3664 | prototype_update=no
2026-06-28 11:53:00 | INFO | RUN_MODE=deterministic_smoke_test | dataset=PlantDoc | method=ConvNeXt+ARM | stage=train | lr=0.00009455 | val_macro_f1=85.1789 | prototype_update=no
2026-06-28 14:13:00 | INFO | RUN_MODE=deterministic_smoke_test | dataset=PlantDoc | method=ConvNeXt+ARM | stage=eval | lr=0.00007181 | val_macro_f1=88.2549 | prototype_update=no
2026-06-28 09:34:00 | INFO | RUN_MODE=deterministic_smoke_test | dataset=PlantDoc | method=UAMP-Net | stage=loader | lr=0.00007280 | val_macro_f1=86.3513 | prototype_update=no
2026-06-28 11:56:00 | INFO | RUN_MODE=deterministic_smoke_test | dataset=PlantDoc | method=UAMP-Net | stage=train | lr=0.00005005 | val_macro_f1=89.8183 | prototype_update=yes
2026-06-28 14:12:00 | INFO | RUN_MODE=deterministic_smoke_test | dataset=PlantDoc | method=UAMP-Net | stage=eval | lr=0.00009037 | val_macro_f1=91.7136 | prototype_update=no
2026-06-28 09:49:00 | INFO | RUN_MODE=deterministic_smoke_test | dataset=CUB-200-2011 | method=ResNet-50 | stage=loader | lr=0.00008497 | val_macro_f1=91.8329 | prototype_update=no
2026-06-28 11:11:00 | INFO | RUN_MODE=deterministic_smoke_test | dataset=CUB-200-2011 | method=ResNet-50 | stage=train | lr=0.00008750 | val_macro_f1=91.1814 | prototype_update=no
2026-06-28 12:17:00 | INFO | RUN_MODE=deterministic_smoke_test | dataset=CUB-200-2011 | method=ResNet-50 | stage=eval | lr=0.00005346 | val_macro_f1=88.0796 | prototype_update=no
2026-06-28 09:11:00 | INFO | RUN_MODE=deterministic_smoke_test | dataset=CUB-200-2011 | method=EfficientNet-B3 | stage=loader | lr=0.00006570 | val_macro_f1=85.3715 | prototype_update=no
2026-06-28 10:43:00 | INFO | RUN_MODE=deterministic_smoke_test | dataset=CUB-200-2011 | method=EfficientNet-B3 | stage=train | lr=0.00006962 | val_macro_f1=91.2856 | prototype_update=no
2026-06-28 13:05:00 | INFO | RUN_MODE=deterministic_smoke_test | dataset=CUB-200-2011 | method=EfficientNet-B3 | stage=eval | lr=0.00009421 | val_macro_f1=84.0268 | prototype_update=no
2026-06-28 08:36:00 | INFO | RUN_MODE=deterministic_smoke_test | dataset=CUB-200-2011 | method=ConvNeXt-Tiny | stage=loader | lr=0.00009922 | val_macro_f1=89.7126 | prototype_update=no
2026-06-28 11:55:00 | INFO | RUN_MODE=deterministic_smoke_test | dataset=CUB-200-2011 | method=ConvNeXt-Tiny | stage=train | lr=0.00006469 | val_macro_f1=90.2006 | prototype_update=no
2026-06-28 13:48:00 | INFO | RUN_MODE=deterministic_smoke_test | dataset=CUB-200-2011 | method=ConvNeXt-Tiny | stage=eval | lr=0.00009303 | val_macro_f1=85.4566 | prototype_update=no
2026-06-28 10:00:00 | INFO | RUN_MODE=deterministic_smoke_test | dataset=CUB-200-2011 | method=Swin-Tiny | stage=loader | lr=0.00005023 | val_macro_f1=89.8258 | prototype_update=no
2026-06-28 11:54:00 | INFO | RUN_MODE=deterministic_smoke_test | dataset=CUB-200-2011 | method=Swin-Tiny | stage=train | lr=0.00009210 | val_macro_f1=84.6472 | prototype_update=no
2026-06-28 12:35:00 | INFO | RUN_MODE=deterministic_smoke_test | dataset=CUB-200-2011 | method=Swin-Tiny | stage=eval | lr=0.00006940 | val_macro_f1=88.8704 | prototype_update=no
2026-06-28 09:55:00 | INFO | RUN_MODE=deterministic_smoke_test | dataset=CUB-200-2011 | method=ConvNeXt+ARM | stage=loader | lr=0.00009469 | val_macro_f1=84.6158 | prototype_update=no
2026-06-28 10:34:00 | INFO | RUN_MODE=deterministic_smoke_test | dataset=CUB-200-2011 | method=ConvNeXt+ARM | stage=train | lr=0.00009544 | val_macro_f1=90.1023 | prototype_update=no
2026-06-28 12:30:00 | INFO | RUN_MODE=deterministic_smoke_test | dataset=CUB-200-2011 | method=ConvNeXt+ARM | stage=eval | lr=0.00005605 | val_macro_f1=90.3926 | prototype_update=no
2026-06-28 09:08:00 | INFO | RUN_MODE=deterministic_smoke_test | dataset=CUB-200-2011 | method=UAMP-Net | stage=loader | lr=0.00006793 | val_macro_f1=88.0538 | prototype_update=no
2026-06-28 11:02:00 | INFO | RUN_MODE=deterministic_smoke_test | dataset=CUB-200-2011 | method=UAMP-Net | stage=train | lr=0.00009832 | val_macro_f1=87.5220 | prototype_update=yes
2026-06-28 13:09:00 | INFO | RUN_MODE=deterministic_smoke_test | dataset=CUB-200-2011 | method=UAMP-Net | stage=eval | lr=0.00009096 | val_macro_f1=91.2635 | prototype_update=no
